Archive member included to satisfy reference by file (symbol)

/home/tyler/altera_lite/15.1/nios2eds/bin/gnu/H-x86_64-pc-linux-gnu/bin/../lib/gcc/nios2-elf/4.9.2/../../../../../H-x86_64-pc-linux-gnu/nios2-elf/lib/mno-hw-mul/libsmallc.a(lib_a-puts.o)
                              obj/default/hello_world.o (puts)
/home/tyler/altera_lite/15.1/nios2eds/bin/gnu/H-x86_64-pc-linux-gnu/bin/../lib/gcc/nios2-elf/4.9.2/../../../../../H-x86_64-pc-linux-gnu/nios2-elf/lib/mno-hw-mul/libsmallc.a(lib_a-strlen.o)
                              /home/tyler/altera_lite/15.1/nios2eds/bin/gnu/H-x86_64-pc-linux-gnu/bin/../lib/gcc/nios2-elf/4.9.2/../../../../../H-x86_64-pc-linux-gnu/nios2-elf/lib/mno-hw-mul/libsmallc.a(lib_a-puts.o) (strlen)
/home/tyler/altera_lite/15.1/nios2eds/bin/gnu/H-x86_64-pc-linux-gnu/bin/../lib/gcc/nios2-elf/4.9.2/../../../../../H-x86_64-pc-linux-gnu/nios2-elf/lib/mno-hw-mul/libsmallc.a(lib_a-fvwrite_small_dev.o)
                              /home/tyler/altera_lite/15.1/nios2eds/bin/gnu/H-x86_64-pc-linux-gnu/bin/../lib/gcc/nios2-elf/4.9.2/../../../../../H-x86_64-pc-linux-gnu/nios2-elf/lib/mno-hw-mul/libsmallc.a(lib_a-puts.o) (__sfvwrite_small_dev)
/home/tyler/altera_lite/15.1/nios2eds/bin/gnu/H-x86_64-pc-linux-gnu/bin/../lib/gcc/nios2-elf/4.9.2/../../../../../H-x86_64-pc-linux-gnu/nios2-elf/lib/mno-hw-mul/libsmallc.a(lib_a-impure.o)
                              /home/tyler/altera_lite/15.1/nios2eds/bin/gnu/H-x86_64-pc-linux-gnu/bin/../lib/gcc/nios2-elf/4.9.2/../../../../../H-x86_64-pc-linux-gnu/nios2-elf/lib/mno-hw-mul/libsmallc.a(lib_a-puts.o) (_impure_ptr)
/home/tyler/altera_lite/15.1/nios2eds/bin/gnu/H-x86_64-pc-linux-gnu/bin/../lib/gcc/nios2-elf/4.9.2/../../../../../H-x86_64-pc-linux-gnu/nios2-elf/lib/mno-hw-mul/libsmallc.a(lib_a-writer.o)
                              /home/tyler/altera_lite/15.1/nios2eds/bin/gnu/H-x86_64-pc-linux-gnu/bin/../lib/gcc/nios2-elf/4.9.2/../../../../../H-x86_64-pc-linux-gnu/nios2-elf/lib/mno-hw-mul/libsmallc.a(lib_a-fvwrite_small_dev.o) (_write_r)
/home/tyler/altera_lite/15.1/nios2eds/bin/gnu/H-x86_64-pc-linux-gnu/bin/../lib/gcc/nios2-elf/4.9.2/../../../../../H-x86_64-pc-linux-gnu/nios2-elf/lib/mno-hw-mul/libsmallc.a(lib_a-int_errno.o)
                              /home/tyler/altera_lite/15.1/nios2eds/bin/gnu/H-x86_64-pc-linux-gnu/bin/../lib/gcc/nios2-elf/4.9.2/../../../../../H-x86_64-pc-linux-gnu/nios2-elf/lib/mno-hw-mul/libsmallc.a(lib_a-writer.o) (errno)
../nios2_sw_bsp//libhal_bsp.a(alt_load.o)
                              ../nios2_sw_bsp//obj/HAL/src/crt0.o (alt_load)
../nios2_sw_bsp//libhal_bsp.a(alt_main.o)
                              ../nios2_sw_bsp//obj/HAL/src/crt0.o (alt_main)
../nios2_sw_bsp//libhal_bsp.a(alt_usleep.o)
                              obj/default/hello_world.o (usleep)
../nios2_sw_bsp//libhal_bsp.a(alt_write.o)
                              /home/tyler/altera_lite/15.1/nios2eds/bin/gnu/H-x86_64-pc-linux-gnu/bin/../lib/gcc/nios2-elf/4.9.2/../../../../../H-x86_64-pc-linux-gnu/nios2-elf/lib/mno-hw-mul/libsmallc.a(lib_a-writer.o) (write)
../nios2_sw_bsp//libhal_bsp.a(alt_sys_init.o)
                              ../nios2_sw_bsp//libhal_bsp.a(alt_main.o) (alt_irq_init)
../nios2_sw_bsp//libhal_bsp.a(altera_avalon_jtag_uart_fd.o)
                              ../nios2_sw_bsp//libhal_bsp.a(alt_sys_init.o) (altera_avalon_jtag_uart_read_fd)
../nios2_sw_bsp//libhal_bsp.a(altera_avalon_jtag_uart_init.o)
                              ../nios2_sw_bsp//libhal_bsp.a(alt_sys_init.o) (altera_avalon_jtag_uart_init)
../nios2_sw_bsp//libhal_bsp.a(altera_avalon_jtag_uart_ioctl.o)
                              ../nios2_sw_bsp//libhal_bsp.a(altera_avalon_jtag_uart_fd.o) (altera_avalon_jtag_uart_ioctl)
../nios2_sw_bsp//libhal_bsp.a(altera_avalon_jtag_uart_read.o)
                              ../nios2_sw_bsp//libhal_bsp.a(altera_avalon_jtag_uart_fd.o) (altera_avalon_jtag_uart_read)
../nios2_sw_bsp//libhal_bsp.a(altera_avalon_jtag_uart_write.o)
                              ../nios2_sw_bsp//libhal_bsp.a(altera_avalon_jtag_uart_fd.o) (altera_avalon_jtag_uart_write)
../nios2_sw_bsp//libhal_bsp.a(altera_avalon_uart_fd.o)
                              ../nios2_sw_bsp//libhal_bsp.a(alt_sys_init.o) (altera_avalon_uart_read_fd)
../nios2_sw_bsp//libhal_bsp.a(altera_avalon_uart_init.o)
                              ../nios2_sw_bsp//libhal_bsp.a(alt_sys_init.o) (altera_avalon_uart_init)
../nios2_sw_bsp//libhal_bsp.a(altera_avalon_uart_read.o)
                              ../nios2_sw_bsp//libhal_bsp.a(altera_avalon_uart_fd.o) (altera_avalon_uart_read)
../nios2_sw_bsp//libhal_bsp.a(altera_avalon_uart_write.o)
                              ../nios2_sw_bsp//libhal_bsp.a(altera_avalon_uart_fd.o) (altera_avalon_uart_write)
../nios2_sw_bsp//libhal_bsp.a(alt_alarm_start.o)
                              ../nios2_sw_bsp//libhal_bsp.a(altera_avalon_jtag_uart_init.o) (alt_alarm_start)
../nios2_sw_bsp//libhal_bsp.a(alt_busy_sleep.o)
[...]
Memory Configuration

Name             Origin             Length             Attributes
reset            0x0000000000000000 0x0000000000000020
onchip_memory2_0 0x0000000000000020 0x0000000000007fe0
*default*        0x0000000000000000 0xffffffffffffffff

Linker script and memory map

LOAD ../nios2_sw_bsp//obj/HAL/src/crt0.o
LOAD obj/default/hello_world.o
LOAD /home/tyler/altera_lite/15.1/nios2eds/bin/gnu/H-x86_64-pc-linux-gnu/bin/../lib/gcc/nios2-elf/4.9.2/../../../../../H-x86_64-pc-linux-gnu/nios2-elf/lib/mno-hw-mul/libstdc++.a
LOAD /home/tyler/altera_lite/15.1/nios2eds/bin/gnu/H-x86_64-pc-linux-gnu/bin/../lib/gcc/nios2-elf/4.9.2/../../../../../H-x86_64-pc-linux-gnu/nios2-elf/lib/mno-hw-mul/libm.a
LOAD /home/tyler/altera_lite/15.1/nios2eds/bin/gnu/H-x86_64-pc-linux-gnu/bin/../lib/gcc/nios2-elf/4.9.2/mno-hw-mul/libgcc.a
START GROUP
LOAD /home/tyler/altera_lite/15.1/nios2eds/bin/gnu/H-x86_64-pc-linux-gnu/bin/../lib/gcc/nios2-elf/4.9.2/../../../../../H-x86_64-pc-linux-gnu/nios2-elf/lib/mno-hw-mul/libsmallc.a
LOAD /home/tyler/altera_lite/15.1/nios2eds/bin/gnu/H-x86_64-pc-linux-gnu/bin/../lib/gcc/nios2-elf/4.9.2/mno-hw-mul/libgcc.a
LOAD ../nios2_sw_bsp//libhal_bsp.a
LOAD /home/tyler/altera_lite/15.1/nios2eds/bin/gnu/H-x86_64-pc-linux-gnu/bin/../lib/gcc/nios2-elf/4.9.2/../../../../../H-x86_64-pc-linux-gnu/nios2-elf/lib/mno-hw-mul/libm.a
END GROUP
LOAD /home/tyler/altera_lite/15.1/nios2eds/bin/gnu/H-x86_64-pc-linux-gnu/bin/../lib/gcc/nios2-elf/4.9.2/mno-hw-mul/libgcc.a
                0x0000000000000000                __alt_mem_onchip_memory2_0 = 0x0

.entry          0x0000000000000000       0x20
 *(.entry)
 .entry         0x0000000000000000       0x20 ../nios2_sw_bsp//obj/HAL/src/crt0.o
                0x0000000000000000                __reset

.exceptions     0x0000000000000020      0x20c
                0x0000000000000020                PROVIDE (__ram_exceptions_start, ABSOLUTE (.))
                0x0000000000000020                . = ALIGN (0x20)
 *(.irq)
 *(.exceptions.entry.label)
 .exceptions.entry.label
                0x0000000000000020        0x0 ../nios2_sw_bsp//libhal_bsp.a(alt_irq_entry.o)
                0x0000000000000020                alt_irq_entry
 .exceptions.entry.label
                0x0000000000000020        0x0 ../nios2_sw_bsp//libhal_bsp.a(alt_exception_entry.o)
                0x0000000000000020                alt_exception
 *(.exceptions.entry.user)
 *(.exceptions.entry.ecc_fatal)
 *(.exceptions.entry)
 .exceptions.entry
                0x0000000000000020       0x54 ../nios2_sw_bsp//libhal_bsp.a(alt_exception_entry.o)
 *(.exceptions.irqtest.user)
 *(.exceptions.irqtest)
 .exceptions.irqtest
                0x0000000000000074       0x10 ../nios2_sw_bsp//libhal_bsp.a(alt_irq_entry.o)
 *(.exceptions.irqhandler.user)
 *(.exceptions.irqhandler)
 .exceptions.irqhandler
                0x0000000000000084        0x4 ../nios2_sw_bsp//libhal_bsp.a(alt_irq_entry.o)
 *(.exceptions.irqreturn.user)
 *(.exceptions.irqreturn)
 .exceptions.irqreturn
                0x0000000000000088        0x4 ../nios2_sw_bsp//libhal_bsp.a(alt_irq_entry.o)
 *(.exceptions.notirq.label)
 .exceptions.notirq.label
                0x000000000000008c        0x0 ../nios2_sw_bsp//libhal_bsp.a(alt_irq_entry.o)
 *(.exceptions.notirq.user)
 *(.exceptions.notirq)
 .exceptions.notirq
                0x000000000000008c        0x8 ../nios2_sw_bsp//libhal_bsp.a(alt_exception_entry.o)
 *(.exceptions.soft.user)
 *(.exceptions.soft)
 *(.exceptions.unknown.user)
 *(.exceptions.unknown)
 .exceptions.unknown
                0x0000000000000094       0x14 ../nios2_sw_bsp//libhal_bsp.a(alt_exception_entry.o)
 *(.exceptions.exit.label)
 .exceptions.exit.label
                0x00000000000000a8        0x0 ../nios2_sw_bsp//libhal_bsp.a(alt_irq_entry.o)
 .exceptions.exit.label
                0x00000000000000a8        0x0 ../nios2_sw_bsp//libhal_bsp.a(alt_exception_entry.o)
 *(.exceptions.exit.user)
 *(.exceptions.exit)
 .exceptions.exit
                0x00000000000000a8       0x54 ../nios2_sw_bsp//libhal_bsp.a(alt_exception_entry.o)
 *(.exceptions)
 .exceptions    0x00000000000000fc       0xd0 ../nios2_sw_bsp//libhal_bsp.a(alt_irq_handler.o)
                0x00000000000000fc                alt_irq_handler
 .exceptions    0x00000000000001cc       0x60 ../nios2_sw_bsp//libhal_bsp.a(alt_instruction_exception_entry.o)
                0x00000000000001cc                alt_instruction_exception_entry
                0x000000000000022c                PROVIDE (__ram_exceptions_end, ABSOLUTE (.))
                0x0000000000000020                PROVIDE (__flash_exceptions_start, LOADADDR (.exceptions))

.text           0x000000000000022c     0x2ff8
                0x000000000000022c                PROVIDE (stext, ABSOLUTE (.))
 *(.interp)
 *(.hash)
 *(.dynsym)
 *(.dynstr)
 *(.gnu.version)
 *(.gnu.version_d)
 *(.gnu.version_r)
 *(.rel.init)
 *(.rela.init)
 *(.rel.text .rel.text.* .rel.gnu.linkonce.t.*)
 *(.rela.text .rela.text.* .rela.gnu.linkonce.t.*)
 *(.rel.fini)
 *(.rela.fini)
 *(.rel.rodata .rel.rodata.* .rel.gnu.linkonce.r.*)
 *(.rela.rodata .rela.rodata.* .rela.gnu.linkonce.r.*)
 *(.rel.data .rel.data.* .rel.gnu.linkonce.d.*)
 *(.rela.data .rela.data.* .rela.gnu.linkonce.d.*)
 *(.rel.tdata .rel.tdata.* .rel.gnu.linkonce.td.*)
 *(.rela.tdata .rela.tdata.* .rela.gnu.linkonce.td.*)
 *(.rel.tbss .rel.tbss.* .rel.gnu.linkonce.tb.*)
 *(.rela.tbss .rela.tbss.* .rela.gnu.linkonce.tb.*)
 *(.rel.ctors)
 *(.rela.ctors)
 *(.rel.dtors)
 *(.rela.dtors)
 *(.rel.got)
 *(.rela.got)
 *(.rel.sdata .rel.sdata.* .rel.gnu.linkonce.s.*)
 *(.rela.sdata .rela.sdata.* .rela.gnu.linkonce.s.*)
 *(.rel.sbss .rel.sbss.* .rel.gnu.linkonce.sb.*)
 *(.rela.sbss .rela.sbss.* .rela.gnu.linkonce.sb.*)
 *(.rel.sdata2 .rel.sdata2.* .rel.gnu.linkonce.s2.*)
 *(.rela.sdata2 .rela.sdata2.* .rela.gnu.linkonce.s2.*)
 *(.rel.sbss2 .rel.sbss2.* .rel.gnu.linkonce.sb2.*)
 *(.rela.sbss2 .rela.sbss2.* .rela.gnu.linkonce.sb2.*)
 *(.rel.bss .rel.bss.* .rel.gnu.linkonce.b.*)
 *(.rela.bss .rela.bss.* .rela.gnu.linkonce.b.*)
 *(.rel.plt)
 *(.rela.plt)
 *(.rel.dyn)
 *(.init)
 *(.plt)
 *(.text .stub .text.* .gnu.linkonce.t.*)
 .text          0x000000000000022c       0x3c ../nios2_sw_bsp//obj/HAL/src/crt0.o
                0x000000000000022c                _start
 .text          0x0000000000000268       0x2c obj/default/hello_world.o
                0x0000000000000268                main
 .text          0x0000000000000294        0x0 /home/tyler/altera_lite/15.1/nios2eds/bin/gnu/H-x86_64-pc-linux-gnu/bin/../lib/gcc/nios2-elf/4.9.2/../../../../../H-x86_64-pc-linux-gnu/nios2-elf/lib/mno-hw-mul/libsmallc.a(lib_a-puts.o)
 .text._puts_r  0x0000000000000294       0x80 /home/tyler/altera_lite/15.1/nios2eds/bin/gnu/H-x86_64-pc-linux-gnu/bin/../lib/gcc/nios2-elf/4.9.2/../../../../../H-x86_64-pc-linux-gnu/nios2-elf/lib/mno-hw-mul/libsmallc.a(lib_a-puts.o)
                0x0000000000000294                _puts_r
 .text.puts     0x0000000000000314       0x14 /home/tyler/altera_lite/15.1/nios2eds/bin/gnu/H-x86_64-pc-linux-gnu/bin/../lib/gcc/nios2-elf/4.9.2/../../../../../H-x86_64-pc-linux-gnu/nios2-elf/lib/mno-hw-mul/libsmallc.a(lib_a-puts.o)
                0x0000000000000314                puts
 .text          0x0000000000000328        0x0 /home/tyler/altera_lite/15.1/nios2eds/bin/gnu/H-x86_64-pc-linux-gnu/bin/../lib/gcc/nios2-elf/4.9.2/../../../../../H-x86_64-pc-linux-gnu/nios2-elf/lib/mno-hw-mul/libsmallc.a(lib_a-strlen.o)
 .text.strlen   0x0000000000000328       0x1c /home/tyler/altera_lite/15.1/nios2eds/bin/gnu/H-x86_64-pc-linux-gnu/bin/../lib/gcc/nios2-elf/4.9.2/../../../../../H-x86_64-pc-linux-gnu/nios2-elf/lib/mno-hw-mul/libsmallc.a(lib_a-strlen.o)
                0x0000000000000328                strlen
 .text          0x0000000000000344        0x0 /home/tyler/altera_lite/15.1/nios2eds/bin/gnu/H-x86_64-pc-linux-gnu/bin/../lib/gcc/nios2-elf/4.9.2/../../../../../H-x86_64-pc-linux-gnu/nios2-elf/lib/mno-hw-mul/libsmallc.a(lib_a-fvwrite_small_dev.o)
 .text.__sfvwrite_small_dev
                0x0000000000000344       0xac /home/tyler/altera_lite/15.1/nios2eds/bin/gnu/H-x86_64-pc-linux-gnu/bin/../lib/gcc/nios2-elf/4.9.2/../../../../../H-x86_64-pc-linux-gnu/nios2-elf/lib/mno-hw-mul/libsmallc.a(lib_a-fvwrite_small_dev.o)
                0x0000000000000344                __sfvwrite_small_dev
 .text          0x00000000000003f0        0x0 /home/tyler/altera_lite/15.1/nios2eds/bin/gnu/H-x86_64-pc-linux-gnu/bin/../lib/gcc/nios2-elf/4.9.2/../../../../../H-x86_64-pc-linux-gnu/nios2-elf/lib/mno-hw-mul/libsmallc.a(lib_a-impure.o)
 .text          0x00000000000003f0        0x0 /home/tyler/altera_lite/15.1/nios2eds/bin/gnu/H-x86_64-pc-linux-gnu/bin/../lib/gcc/nios2-elf/4.9.2/../../../../../H-x86_64-pc-linux-gnu/nios2-elf/lib/mno-hw-mul/libsmallc.a(lib_a-writer.o)
 .text._write_r
                0x00000000000003f0       0x58 /home/tyler/altera_lite/15.1/nios2eds/bin/gnu/H-x86_64-pc-linux-gnu/bin/../lib/gcc/nios2-elf/4.9.2/../../../../../H-x86_64-pc-linux-gnu/nios2-elf/lib/mno-hw-mul/libsmallc.a(lib_a-writer.o)
                0x00000000000003f0                _write_r
 .text          0x0000000000000448        0x0 /home/tyler/altera_lite/15.1/nios2eds/bin/gnu/H-x86_64-pc-linux-gnu/bin/../lib/gcc/nios2-elf/4.9.2/../../../../../H-x86_64-pc-linux-gnu/nios2-elf/lib/mno-hw-mul/libsmallc.a(lib_a-int_errno.o)
 .text          0x0000000000000448       0xe4 ../nios2_sw_bsp//libhal_bsp.a(alt_load.o)
                0x00000000000004ac                alt_load
 .text          0x000000000000052c       0x78 ../nios2_sw_bsp//libhal_bsp.a(alt_main.o)
                0x000000000000052c                alt_main
 .text          0x00000000000005a4       0x30 ../nios2_sw_bsp//libhal_bsp.a(alt_usleep.o)
                0x00000000000005a4                usleep
 .text          0x00000000000005d4      0x150 ../nios2_sw_bsp//libhal_bsp.a(alt_write.o)
                0x0000000000000624                write
 .text          0x0000000000000724       0xd8 ../nios2_sw_bsp//libhal_bsp.a(alt_sys_init.o)
                0x000000000000075c                alt_irq_init
                0x0000000000000790                alt_sys_init
 .text          0x00000000000007fc      0x164 ../nios2_sw_bsp//libhal_bsp.a(altera_avalon_jtag_uart_fd.o)
                0x00000000000007fc                altera_avalon_jtag_uart_read_fd
                0x000000000000085c                altera_avalon_jtag_uart_write_fd
                0x00000000000008bc                altera_avalon_jtag_uart_close_fd
                0x000000000000090c                altera_avalon_jtag_uart_ioctl_fd
 .text          0x0000000000000960      0x3d8 ../nios2_sw_bsp//libhal_bsp.a(altera_avalon_jtag_uart_init.o)
                0x0000000000000960                altera_avalon_jtag_uart_init
                0x0000000000000cd0                altera_avalon_jtag_uart_close
 .text          0x0000000000000d38       0xec ../nios2_sw_bsp//libhal_bsp.a(altera_avalon_jtag_uart_ioctl.o)
                0x0000000000000d38                altera_avalon_jtag_uart_ioctl
 .text          0x0000000000000e24      0x20c ../nios2_sw_bsp//libhal_bsp.a(altera_avalon_jtag_uart_read.o)
                0x0000000000000e24                altera_avalon_jtag_uart_read
 .text          0x0000000000001030      0x218 ../nios2_sw_bsp//libhal_bsp.a(altera_avalon_jtag_uart_write.o)
                0x0000000000001030                altera_avalon_jtag_uart_write
 .text          0x0000000000001248      0x110 ../nios2_sw_bsp//libhal_bsp.a(altera_avalon_uart_fd.o)
                0x0000000000001248                altera_avalon_uart_read_fd
                0x00000000000012a8                altera_avalon_uart_write_fd
                0x0000000000001308                altera_avalon_uart_close_fd
 .text          0x0000000000001358      0x3b8 ../nios2_sw_bsp//libhal_bsp.a(altera_avalon_uart_init.o)
                0x0000000000001358                altera_avalon_uart_init
                0x00000000000016bc                altera_avalon_uart_close
 .text          0x0000000000001710      0x22c ../nios2_sw_bsp//libhal_bsp.a(altera_avalon_uart_read.o)
                0x0000000000001760                altera_avalon_uart_read
 .text          0x000000000000193c      0x1fc ../nios2_sw_bsp//libhal_bsp.a(altera_avalon_uart_write.o)
                0x000000000000198c                altera_avalon_uart_write
 .text          0x0000000000001b38      0x140 ../nios2_sw_bsp//libhal_bsp.a(alt_alarm_start.o)
                0x0000000000001b38                alt_alarm_start
 .text          0x0000000000001c78      0x158 ../nios2_sw_bsp//libhal_bsp.a(alt_busy_sleep.o)
                0x0000000000001c78                alt_busy_sleep
 .text          0x0000000000001dd0      0x128 ../nios2_sw_bsp//libhal_bsp.a(alt_close.o)
                0x0000000000001e20                close
 .text          0x0000000000001ef8       0x1c ../nios2_sw_bsp//libhal_bsp.a(alt_dcache_flush_all.o)
                0x0000000000001ef8                alt_dcache_flush_all
 .text          0x0000000000001f14       0x2c ../nios2_sw_bsp//libhal_bsp.a(alt_dev.o)
 .text          0x0000000000001f40       0xf4 ../nios2_sw_bsp//libhal_bsp.a(alt_dev_llist_insert.o)
                0x0000000000001f90                alt_dev_llist_insert
 .text          0x0000000000002034       0x5c ../nios2_sw_bsp//libhal_bsp.a(alt_do_ctors.o)
                0x0000000000002034                _do_ctors
 .text          0x0000000000002090       0x5c ../nios2_sw_bsp//libhal_bsp.a(alt_do_dtors.o)
                0x0000000000002090                _do_dtors
 .text          0x00000000000020ec        0x0 ../nios2_sw_bsp//libhal_bsp.a(alt_errno.o)
 .text          0x00000000000020ec       0x1c ../nios2_sw_bsp//libhal_bsp.a(alt_icache_flush_all.o)
                0x00000000000020ec                alt_icache_flush_all
 .text          0x0000000000002108      0x1e0 ../nios2_sw_bsp//libhal_bsp.a(alt_iic.o)
                0x0000000000002108                alt_ic_isr_register
                0x0000000000002158                alt_ic_irq_enable
                0x00000000000021f8                alt_ic_irq_disable
                0x000000000000229c                alt_ic_irq_enabled
 .text          0x00000000000022e8       0xf0 ../nios2_sw_bsp//libhal_bsp.a(alt_iic_isr_register.o)
                0x00000000000022e8                alt_iic_isr_register
 .text          0x00000000000023d8      0x158 ../nios2_sw_bsp//libhal_bsp.a(alt_io_redirect.o)
                0x00000000000024b8                alt_io_redirect
 .text          0x0000000000002530        0x0 ../nios2_sw_bsp//libhal_bsp.a(alt_irq_entry.o)
 .text          0x0000000000002530        0x0 ../nios2_sw_bsp//libhal_bsp.a(alt_irq_handler.o)
 .text          0x0000000000002530        0x0 ../nios2_sw_bsp//libhal_bsp.a(alt_irq_vars.o)
 .text          0x0000000000002530      0x2a4 ../nios2_sw_bsp//libhal_bsp.a(alt_open.o)
                0x0000000000002674                open
 .text          0x00000000000027d4       0x80 ../nios2_sw_bsp//libhal_bsp.a(alt_release_fd.o)
                0x00000000000027d4                alt_release_fd
 .text          0x0000000000002854      0x19c ../nios2_sw_bsp//libhal_bsp.a(alt_tick.o)
                0x0000000000002854                alt_alarm_stop
                0x00000000000028ec                alt_tick
 .text          0x00000000000029f0       0x20 ../nios2_sw_bsp//libhal_bsp.a(altera_nios2_gen2_irq.o)
                0x00000000000029f0                altera_nios2_gen2_irq_init
 .text          0x0000000000002a10        0x0 ../nios2_sw_bsp//libhal_bsp.a(alt_exception_entry.o)
 .text          0x0000000000002a10       0x90 ../nios2_sw_bsp//libhal_bsp.a(alt_find_dev.o)
                0x0000000000002a10                alt_find_dev
 .text          0x0000000000002aa0      0x114 ../nios2_sw_bsp//libhal_bsp.a(alt_find_file.o)
                0x0000000000002aa0                alt_find_file
 .text          0x0000000000002bb4       0xd4 ../nios2_sw_bsp//libhal_bsp.a(alt_get_fd.o)
                0x0000000000002bb4                alt_get_fd
 .text          0x0000000000002c88       0x9c ../nios2_sw_bsp//libhal_bsp.a(alt_instruction_exception_entry.o)
                0x0000000000002c88                alt_exception_cause_generated_bad_addr
 .text          0x0000000000002d24        0x0 /home/tyler/altera_lite/15.1/nios2eds/bin/gnu/H-x86_64-pc-linux-gnu/bin/../lib/gcc/nios2-elf/4.9.2/../../../../../H-x86_64-pc-linux-gnu/nios2-elf/lib/mno-hw-mul/libsmallc.a(lib_a-atexit.o)
 .text.atexit   0x0000000000002d24       0x14 /home/tyler/altera_lite/15.1/nios2eds/bin/gnu/H-x86_64-pc-linux-gnu/bin/../lib/gcc/nios2-elf/4.9.2/../../../../../H-x86_64-pc-linux-gnu/nios2-elf/lib/mno-hw-mul/libsmallc.a(lib_a-atexit.o)
                0x0000000000002d24                atexit
 .text          0x0000000000002d38        0x0 /home/tyler/altera_lite/15.1/nios2eds/bin/gnu/H-x86_64-pc-linux-gnu/bin/../lib/gcc/nios2-elf/4.9.2/../../../../../H-x86_64-pc-linux-gnu/nios2-elf/lib/mno-hw-mul/libsmallc.a(lib_a-exit.o)
 .text.exit     0x0000000000002d38       0x20 /home/tyler/altera_lite/15.1/nios2eds/bin/gnu/H-x86_64-pc-linux-gnu/bin/../lib/gcc/nios2-elf/4.9.2/../../../../../H-x86_64-pc-linux-gnu/nios2-elf/lib/mno-hw-mul/libsmallc.a(lib_a-exit.o)
                0x0000000000002d38                exit
 .text          0x0000000000002d58        0x0 /home/tyler/altera_lite/15.1/nios2eds/bin/gnu/H-x86_64-pc-linux-gnu/bin/../lib/gcc/nios2-elf/4.9.2/../../../../../H-x86_64-pc-linux-gnu/nios2-elf/lib/mno-hw-mul/libsmallc.a(lib_a-memcmp.o)
 .text.memcmp   0x0000000000002d58       0x30 /home/tyler/altera_lite/15.1/nios2eds/bin/gnu/H-x86_64-pc-linux-gnu/bin/../lib/gcc/nios2-elf/4.9.2/../../../../../H-x86_64-pc-linux-gnu/nios2-elf/lib/mno-hw-mul/libsmallc.a(lib_a-memcmp.o)
                0x0000000000002d58                memcmp
 .text          0x0000000000002d88        0x0 /home/tyler/altera_lite/15.1/nios2eds/bin/gnu/H-x86_64-pc-linux-gnu/bin/../lib/gcc/nios2-elf/4.9.2/../../../../../H-x86_64-pc-linux-gnu/nios2-elf/lib/mno-hw-mul/libsmallc.a(lib_a-memcpy.o)
 .text.memcpy   0x0000000000002d88       0x28 /home/tyler/altera_lite/15.1/nios2eds/bin/gnu/H-x86_64-pc-linux-gnu/bin/../lib/gcc/nios2-elf/4.9.2/../../../../../H-x86_64-pc-linux-gnu/nios2-elf/lib/mno-hw-mul/libsmallc.a(lib_a-memcpy.o)
                0x0000000000002d88                memcpy
 .text          0x0000000000002db0        0x0 /home/tyler/altera_lite/15.1/nios2eds/bin/gnu/H-x86_64-pc-linux-gnu/bin/../lib/gcc/nios2-elf/4.9.2/../../../../../H-x86_64-pc-linux-gnu/nios2-elf/lib/mno-hw-mul/libsmallc.a(lib_a-__atexit.o)
 .text.__register_exitproc
                0x0000000000002db0      0x150 /home/tyler/altera_lite/15.1/nios2eds/bin/gnu/H-x86_64-pc-linux-gnu/bin/../lib/gcc/nios2-elf/4.9.2/../../../../../H-x86_64-pc-linux-gnu/nios2-elf/lib/mno-hw-mul/libsmallc.a(lib_a-__atexit.o)
                0x0000000000002db0                __register_exitproc
 .text          0x0000000000002f00        0x0 /home/tyler/altera_lite/15.1/nios2eds/bin/gnu/H-x86_64-pc-linux-gnu/bin/../lib/gcc/nios2-elf/4.9.2/../../../../../H-x86_64-pc-linux-gnu/nios2-elf/lib/mno-hw-mul/libsmallc.a(lib_a-__call_atexit.o)
 .text.__call_exitprocs
                0x0000000000002f00      0x19c /home/tyler/altera_lite/15.1/nios2eds/bin/gnu/H-x86_64-pc-linux-gnu/bin/../lib/gcc/nios2-elf/4.9.2/../../../../../H-x86_64-pc-linux-gnu/nios2-elf/lib/mno-hw-mul/libsmallc.a(lib_a-__call_atexit.o)
                0x0000000000002f00                __call_exitprocs
 .text          0x000000000000309c      0x12c /home/tyler/altera_lite/15.1/nios2eds/bin/gnu/H-x86_64-pc-linux-gnu/bin/../lib/gcc/nios2-elf/4.9.2/mno-hw-mul/libgcc.a(lib2-divmod.o)
                0x0000000000003108                __divsi3
                0x000000000000315c                __modsi3
                0x00000000000031b8                __udivsi3
                0x00000000000031c0                __umodsi3
 .text          0x00000000000031c8       0x28 /home/tyler/altera_lite/15.1/nios2eds/bin/gnu/H-x86_64-pc-linux-gnu/bin/../lib/gcc/nios2-elf/4.9.2/mno-hw-mul/libgcc.a(lib2-mul.o)
                0x00000000000031c8                __mulsi3
 .text          0x00000000000031f0       0x34 ../nios2_sw_bsp//libhal_bsp.a(alt_exit.o)
                0x00000000000031f0                _exit
 *(.gnu.warning.*)
 *(.fini)
                0x0000000000003224                PROVIDE (__etext, ABSOLUTE (.))
                0x0000000000003224                PROVIDE (_etext, ABSOLUTE (.))
                0x0000000000003224                PROVIDE (etext, ABSOLUTE (.))
 *(.eh_frame_hdr)
                0x0000000000003224                . = ALIGN (0x4)
                0x0000000000003224                PROVIDE (__preinit_array_start, ABSOLUTE (.))
 *(.preinit_array)
                0x0000000000003224                PROVIDE (__preinit_array_end, ABSOLUTE (.))
                0x0000000000003224                PROVIDE (__init_array_start, ABSOLUTE (.))
 *(.init_array)
                0x0000000000003224                PROVIDE (__init_array_end, ABSOLUTE (.))
                0x0000000000003224                PROVIDE (__fini_array_start, ABSOLUTE (.))
 *(.fini_array)
                0x0000000000003224                PROVIDE (__fini_array_end, ABSOLUTE (.))
 *(.eh_frame)
 *(.gcc_except_table .gcc_except_table.*)
 *(.dynamic)
                0x0000000000003224                PROVIDE (__CTOR_LIST__, ABSOLUTE (.))
 *(.ctors)
 *(SORT(.ctors.*))
                0x0000000000003224                PROVIDE (__CTOR_END__, ABSOLUTE (.))
                0x0000000000003224                PROVIDE (__DTOR_LIST__, ABSOLUTE (.))
 *(.dtors)
 *(SORT(.dtors.*))
                0x0000000000003224                PROVIDE (__DTOR_END__, ABSOLUTE (.))
 *(.jcr)
                0x0000000000003224                . = ALIGN (0x4)

.rodata         0x0000000000003224       0x60
                0x0000000000003224                PROVIDE (__ram_rodata_start, ABSOLUTE (.))
                0x0000000000003224                . = ALIGN (0x4)
 *(.rodata .rodata.* .gnu.linkonce.r.*)
 .rodata        0x0000000000003224       0x1c obj/default/hello_world.o
 .rodata.str1.4
                0x0000000000003240        0x4 /home/tyler/altera_lite/15.1/nios2eds/bin/gnu/H-x86_64-pc-linux-gnu/bin/../lib/gcc/nios2-elf/4.9.2/../../../../../H-x86_64-pc-linux-gnu/nios2-elf/lib/mno-hw-mul/libsmallc.a(lib_a-puts.o)
 .rodata        0x0000000000003244       0x14 ../nios2_sw_bsp//libhal_bsp.a(alt_main.o)
 .rodata        0x0000000000003258       0x20 ../nios2_sw_bsp//libhal_bsp.a(alt_sys_init.o)
 .rodata        0x0000000000003278        0xc ../nios2_sw_bsp//libhal_bsp.a(alt_dev.o)
 *(.rodata1)
                0x0000000000003284                . = ALIGN (0x4)
                0x0000000000003284                PROVIDE (__ram_rodata_end, ABSOLUTE (.))
                0x0000000000003224                PROVIDE (__flash_rodata_start, LOADADDR (.rodata))

.rwdata         0x0000000000003284     0x13d8 load address 0x000000000000465c
                0x0000000000003284                PROVIDE (__ram_rwdata_start, ABSOLUTE (.))
                0x0000000000003284                . = ALIGN (0x4)
 *(.got.plt)
 *(.got)
 *(.data1)
 *(.data .data.* .gnu.linkonce.d.*)
 .data          0x0000000000003284        0x0 ../nios2_sw_bsp//obj/HAL/src/crt0.o
 .data          0x0000000000003284        0x0 obj/default/hello_world.o
 .data          0x0000000000003284        0x0 /home/tyler/altera_lite/15.1/nios2eds/bin/gnu/H-x86_64-pc-linux-gnu/bin/../lib/gcc/nios2-elf/4.9.2/../../../../../H-x86_64-pc-linux-gnu/nios2-elf/lib/mno-hw-mul/libsmallc.a(lib_a-puts.o)
 .data          0x0000000000003284        0x0 /home/tyler/altera_lite/15.1/nios2eds/bin/gnu/H-x86_64-pc-linux-gnu/bin/../lib/gcc/nios2-elf/4.9.2/../../../../../H-x86_64-pc-linux-gnu/nios2-elf/lib/mno-hw-mul/libsmallc.a(lib_a-strlen.o)
 .data          0x0000000000003284        0x0 /home/tyler/altera_lite/15.1/nios2eds/bin/gnu/H-x86_64-pc-linux-gnu/bin/../lib/gcc/nios2-elf/4.9.2/../../../../../H-x86_64-pc-linux-gnu/nios2-elf/lib/mno-hw-mul/libsmallc.a(lib_a-fvwrite_small_dev.o)
 .data          0x0000000000003284        0x0 /home/tyler/altera_lite/15.1/nios2eds/bin/gnu/H-x86_64-pc-linux-gnu/bin/../lib/gcc/nios2-elf/4.9.2/../../../../../H-x86_64-pc-linux-gnu/nios2-elf/lib/mno-hw-mul/libsmallc.a(lib_a-impure.o)
 .data.impure_data
                0x0000000000003284       0xe0 /home/tyler/altera_lite/15.1/nios2eds/bin/gnu/H-x86_64-pc-linux-gnu/bin/../lib/gcc/nios2-elf/4.9.2/../../../../../H-x86_64-pc-linux-gnu/nios2-elf/lib/mno-hw-mul/libsmallc.a(lib_a-impure.o)
 .data          0x0000000000003364        0x0 /home/tyler/altera_lite/15.1/nios2eds/bin/gnu/H-x86_64-pc-linux-gnu/bin/../lib/gcc/nios2-elf/4.9.2/../../../../../H-x86_64-pc-linux-gnu/nios2-elf/lib/mno-hw-mul/libsmallc.a(lib_a-writer.o)
 .data          0x0000000000003364        0x0 /home/tyler/altera_lite/15.1/nios2eds/bin/gnu/H-x86_64-pc-linux-gnu/bin/../lib/gcc/nios2-elf/4.9.2/../../../../../H-x86_64-pc-linux-gnu/nios2-elf/lib/mno-hw-mul/libsmallc.a(lib_a-int_errno.o)
 .data          0x0000000000003364        0x0 ../nios2_sw_bsp//libhal_bsp.a(alt_load.o)
 .data          0x0000000000003364        0x0 ../nios2_sw_bsp//libhal_bsp.a(alt_main.o)
 .data          0x0000000000003364        0x0 ../nios2_sw_bsp//libhal_bsp.a(alt_usleep.o)
 .data          0x0000000000003364        0x0 ../nios2_sw_bsp//libhal_bsp.a(alt_write.o)
 .data          0x0000000000003364     0x1124 ../nios2_sw_bsp//libhal_bsp.a(alt_sys_init.o)
 .data          0x0000000000004488        0x0 ../nios2_sw_bsp//libhal_bsp.a(altera_avalon_jtag_uart_fd.o)
 .data          0x0000000000004488        0x0 ../nios2_sw_bsp//libhal_bsp.a(altera_avalon_jtag_uart_init.o)
 .data          0x0000000000004488        0x0 ../nios2_sw_bsp//libhal_bsp.a(altera_avalon_jtag_uart_ioctl.o)
 .data          0x0000000000004488        0x0 ../nios2_sw_bsp//libhal_bsp.a(altera_avalon_jtag_uart_read.o)
 .data          0x0000000000004488        0x0 ../nios2_sw_bsp//libhal_bsp.a(altera_avalon_jtag_uart_write.o)
 .data          0x0000000000004488        0x0 ../nios2_sw_bsp//libhal_bsp.a(altera_avalon_uart_fd.o)
 .data          0x0000000000004488        0x0 ../nios2_sw_bsp//libhal_bsp.a(altera_avalon_uart_init.o)
 .data          0x0000000000004488        0x0 ../nios2_sw_bsp//libhal_bsp.a(altera_avalon_uart_read.o)
 .data          0x0000000000004488        0x0 ../nios2_sw_bsp//libhal_bsp.a(altera_avalon_uart_write.o)
 .data          0x0000000000004488        0x0 ../nios2_sw_bsp//libhal_bsp.a(alt_alarm_start.o)
 .data          0x0000000000004488        0x0 ../nios2_sw_bsp//libhal_bsp.a(alt_busy_sleep.o)
 .data          0x0000000000004488        0x0 ../nios2_sw_bsp//libhal_bsp.a(alt_close.o)
 .data          0x0000000000004488        0x0 ../nios2_sw_bsp//libhal_bsp.a(alt_dcache_flush_all.o)
 .data          0x0000000000004488      0x1a8 ../nios2_sw_bsp//libhal_bsp.a(alt_dev.o)
                0x0000000000004488                alt_dev_null
                0x00000000000044b0                alt_fd_list
 .data          0x0000000000004630        0x0 ../nios2_sw_bsp//libhal_bsp.a(alt_dev_llist_insert.o)
 .data          0x0000000000004630        0x0 ../nios2_sw_bsp//libhal_bsp.a(alt_do_ctors.o)
 .data          0x0000000000004630        0x0 ../nios2_sw_bsp//libhal_bsp.a(alt_do_dtors.o)
 .data          0x0000000000004630        0x0 ../nios2_sw_bsp//libhal_bsp.a(alt_errno.o)
 .data          0x0000000000004630        0x0 ../nios2_sw_bsp//libhal_bsp.a(alt_icache_flush_all.o)
 .data          0x0000000000004630        0x0 ../nios2_sw_bsp//libhal_bsp.a(alt_iic.o)
 .data          0x0000000000004630        0x0 ../nios2_sw_bsp//libhal_bsp.a(alt_iic_isr_register.o)
 .data          0x0000000000004630        0x0 ../nios2_sw_bsp//libhal_bsp.a(alt_io_redirect.o)
 .data          0x0000000000004630        0x0 ../nios2_sw_bsp//libhal_bsp.a(alt_irq_entry.o)
 .data          0x0000000000004630        0x0 ../nios2_sw_bsp//libhal_bsp.a(alt_irq_handler.o)
 .data          0x0000000000004630        0x0 ../nios2_sw_bsp//libhal_bsp.a(alt_irq_vars.o)
 .data          0x0000000000004630        0x0 ../nios2_sw_bsp//libhal_bsp.a(alt_open.o)
 .data          0x0000000000004630        0x0 ../nios2_sw_bsp//libhal_bsp.a(alt_release_fd.o)
 .data          0x0000000000004630        0x0 ../nios2_sw_bsp//libhal_bsp.a(alt_tick.o)
 .data          0x0000000000004630        0x0 ../nios2_sw_bsp//libhal_bsp.a(altera_nios2_gen2_irq.o)
 .data          0x0000000000004630        0x0 ../nios2_sw_bsp//libhal_bsp.a(alt_exception_entry.o)
 .data          0x0000000000004630        0x0 ../nios2_sw_bsp//libhal_bsp.a(alt_find_dev.o)
 .data          0x0000000000004630        0x0 ../nios2_sw_bsp//libhal_bsp.a(alt_find_file.o)
 .data          0x0000000000004630        0x0 ../nios2_sw_bsp//libhal_bsp.a(alt_get_fd.o)
 .data          0x0000000000004630        0x0 ../nios2_sw_bsp//libhal_bsp.a(alt_instruction_exception_entry.o)
 .data          0x0000000000004630        0x0 /home/tyler/altera_lite/15.1/nios2eds/bin/gnu/H-x86_64-pc-linux-gnu/bin/../lib/gcc/nios2-elf/4.9.2/../../../../../H-x86_64-pc-linux-gnu/nios2-elf/lib/mno-hw-mul/libsmallc.a(lib_a-atexit.o)
 .data          0x0000000000004630        0x0 /home/tyler/altera_lite/15.1/nios2eds/bin/gnu/H-x86_64-pc-linux-gnu/bin/../lib/gcc/nios2-elf/4.9.2/../../../../../H-x86_64-pc-linux-gnu/nios2-elf/lib/mno-hw-mul/libsmallc.a(lib_a-exit.o)
 .data          0x0000000000004630        0x0 /home/tyler/altera_lite/15.1/nios2eds/bin/gnu/H-x86_64-pc-linux-gnu/bin/../lib/gcc/nios2-elf/4.9.2/../../../../../H-x86_64-pc-linux-gnu/nios2-elf/lib/mno-hw-mul/libsmallc.a(lib_a-memcmp.o)
 .data          0x0000000000004630        0x0 /home/tyler/altera_lite/15.1/nios2eds/bin/gnu/H-x86_64-pc-linux-gnu/bin/../lib/gcc/nios2-elf/4.9.2/../../../../../H-x86_64-pc-linux-gnu/nios2-elf/lib/mno-hw-mul/libsmallc.a(lib_a-memcpy.o)
 .data          0x0000000000004630        0x0 /home/tyler/altera_lite/15.1/nios2eds/bin/gnu/H-x86_64-pc-linux-gnu/bin/../lib/gcc/nios2-elf/4.9.2/../../../../../H-x86_64-pc-linux-gnu/nios2-elf/lib/mno-hw-mul/libsmallc.a(lib_a-__atexit.o)
 .data          0x0000000000004630        0x0 /home/tyler/altera_lite/15.1/nios2eds/bin/gnu/H-x86_64-pc-linux-gnu/bin/../lib/gcc/nios2-elf/4.9.2/../../../../../H-x86_64-pc-linux-gnu/nios2-elf/lib/mno-hw-mul/libsmallc.a(lib_a-__call_atexit.o)
 .data          0x0000000000004630        0x0 /home/tyler/altera_lite/15.1/nios2eds/bin/gnu/H-x86_64-pc-linux-gnu/bin/../lib/gcc/nios2-elf/4.9.2/mno-hw-mul/libgcc.a(lib2-divmod.o)
 .data          0x0000000000004630        0x0 /home/tyler/altera_lite/15.1/nios2eds/bin/gnu/H-x86_64-pc-linux-gnu/bin/../lib/gcc/nios2-elf/4.9.2/mno-hw-mul/libgcc.a(lib2-mul.o)
 .data          0x0000000000004630        0x0 ../nios2_sw_bsp//libhal_bsp.a(alt_exit.o)
                0x000000000000c630                _gp = ABSOLUTE ((. + 0x8000))
                0x000000000000c630                PROVIDE (gp, _gp)
 *(.rwdata .rwdata.*)
 *(.sdata .sdata.* .gnu.linkonce.s.*)
 .sdata._global_impure_ptr
                0x0000000000004630        0x4 /home/tyler/altera_lite/15.1/nios2eds/bin/gnu/H-x86_64-pc-linux-gnu/bin/../lib/gcc/nios2-elf/4.9.2/../../../../../H-x86_64-pc-linux-gnu/nios2-elf/lib/mno-hw-mul/libsmallc.a(lib_a-impure.o)
                0x0000000000004630                _global_impure_ptr
 .sdata._impure_ptr
                0x0000000000004634        0x4 /home/tyler/altera_lite/15.1/nios2eds/bin/gnu/H-x86_64-pc-linux-gnu/bin/../lib/gcc/nios2-elf/4.9.2/../../../../../H-x86_64-pc-linux-gnu/nios2-elf/lib/mno-hw-mul/libsmallc.a(lib_a-impure.o)
                0x0000000000004634                _impure_ptr
 .sdata         0x0000000000004638       0x14 ../nios2_sw_bsp//libhal_bsp.a(alt_dev.o)
                0x0000000000004638                alt_fs_list
                0x0000000000004640                alt_dev_list
                0x0000000000004648                alt_max_fd
 .sdata         0x000000000000464c        0x4 ../nios2_sw_bsp//libhal_bsp.a(alt_errno.o)
                0x000000000000464c                alt_errno
 .sdata         0x0000000000004650        0x4 ../nios2_sw_bsp//libhal_bsp.a(alt_irq_vars.o)
                0x0000000000004650                alt_priority_mask
 .sdata         0x0000000000004654        0x8 ../nios2_sw_bsp//libhal_bsp.a(alt_tick.o)
                0x0000000000004654                alt_alarm_list
 *(.sdata2 .sdata2.* .gnu.linkonce.s2.*)
                0x000000000000465c                . = ALIGN (0x4)
                0x000000000000465c                _edata = ABSOLUTE (.)
                0x000000000000465c                PROVIDE (edata, ABSOLUTE (.))
                0x000000000000465c                PROVIDE (__ram_rwdata_end, ABSOLUTE (.))
                0x000000000000465c                PROVIDE (__flash_rwdata_start, LOADADDR (.rwdata))

.bss            0x0000000000005a34      0x120
                0x0000000000005a34                __bss_start = ABSOLUTE (.)
                0x0000000000005a34                PROVIDE (__sbss_start, ABSOLUTE (.))
                0x0000000000005a34                PROVIDE (___sbss_start, ABSOLUTE (.))
 *(.dynsbss)
 *(.sbss .sbss.* .gnu.linkonce.sb.*)
 .sbss          0x0000000000005a34        0x4 /home/tyler/altera_lite/15.1/nios2eds/bin/gnu/H-x86_64-pc-linux-gnu/bin/../lib/gcc/nios2-elf/4.9.2/../../../../../H-x86_64-pc-linux-gnu/nios2-elf/lib/mno-hw-mul/libsmallc.a(lib_a-int_errno.o)
                0x0000000000005a34                errno
 .sbss          0x0000000000005a38        0xc ../nios2_sw_bsp//libhal_bsp.a(alt_main.o)
                0x0000000000005a38                alt_argc
                0x0000000000005a3c                alt_argv
                0x0000000000005a40                alt_envp
 .sbss          0x0000000000005a44        0x4 ../nios2_sw_bsp//libhal_bsp.a(alt_irq_vars.o)
                0x0000000000005a44                alt_irq_active
 .sbss          0x0000000000005a48        0x8 ../nios2_sw_bsp//libhal_bsp.a(alt_tick.o)
                0x0000000000005a48                _alt_tick_rate
                0x0000000000005a4c                _alt_nticks
 .sbss          0x0000000000005a50        0x4 ../nios2_sw_bsp//libhal_bsp.a(alt_instruction_exception_entry.o)
                0x0000000000005a50                alt_instruction_exception_handler
 *(.sbss2 .sbss2.* .gnu.linkonce.sb2.*)
 *(.scommon)
                0x0000000000005a54                PROVIDE (__sbss_end, ABSOLUTE (.))
                0x0000000000005a54                PROVIDE (___sbss_end, ABSOLUTE (.))
 *(.dynbss)
 *(.bss .bss.* .gnu.linkonce.b.*)
 .bss           0x0000000000005a54        0x0 ../nios2_sw_bsp//obj/HAL/src/crt0.o
 .bss           0x0000000000005a54        0x0 obj/default/hello_world.o
 .bss           0x0000000000005a54        0x0 /home/tyler/altera_lite/15.1/nios2eds/bin/gnu/H-x86_64-pc-linux-gnu/bin/../lib/gcc/nios2-elf/4.9.2/../../../../../H-x86_64-pc-linux-gnu/nios2-elf/lib/mno-hw-mul/libsmallc.a(lib_a-puts.o)
 .bss           0x0000000000005a54        0x0 /home/tyler/altera_lite/15.1/nios2eds/bin/gnu/H-x86_64-pc-linux-gnu/bin/../lib/gcc/nios2-elf/4.9.2/../../../../../H-x86_64-pc-linux-gnu/nios2-elf/lib/mno-hw-mul/libsmallc.a(lib_a-strlen.o)
 .bss           0x0000000000005a54        0x0 /home/tyler/altera_lite/15.1/nios2eds/bin/gnu/H-x86_64-pc-linux-gnu/bin/../lib/gcc/nios2-elf/4.9.2/../../../../../H-x86_64-pc-linux-gnu/nios2-elf/lib/mno-hw-mul/libsmallc.a(lib_a-fvwrite_small_dev.o)
 .bss           0x0000000000005a54        0x0 /home/tyler/altera_lite/15.1/nios2eds/bin/gnu/H-x86_64-pc-linux-gnu/bin/../lib/gcc/nios2-elf/4.9.2/../../../../../H-x86_64-pc-linux-gnu/nios2-elf/lib/mno-hw-mul/libsmallc.a(lib_a-impure.o)
 .bss           0x0000000000005a54        0x0 /home/tyler/altera_lite/15.1/nios2eds/bin/gnu/H-x86_64-pc-linux-gnu/bin/../lib/gcc/nios2-elf/4.9.2/../../../../../H-x86_64-pc-linux-gnu/nios2-elf/lib/mno-hw-mul/libsmallc.a(lib_a-writer.o)
 .bss           0x0000000000005a54        0x0 /home/tyler/altera_lite/15.1/nios2eds/bin/gnu/H-x86_64-pc-linux-gnu/bin/../lib/gcc/nios2-elf/4.9.2/../../../../../H-x86_64-pc-linux-gnu/nios2-elf/lib/mno-hw-mul/libsmallc.a(lib_a-int_errno.o)
 .bss           0x0000000000005a54        0x0 ../nios2_sw_bsp//libhal_bsp.a(alt_load.o)
 .bss           0x0000000000005a54        0x0 ../nios2_sw_bsp//libhal_bsp.a(alt_main.o)
 .bss           0x0000000000005a54        0x0 ../nios2_sw_bsp//libhal_bsp.a(alt_usleep.o)
 .bss           0x0000000000005a54        0x0 ../nios2_sw_bsp//libhal_bsp.a(alt_write.o)
 .bss           0x0000000000005a54        0x0 ../nios2_sw_bsp//libhal_bsp.a(alt_sys_init.o)
 .bss           0x0000000000005a54        0x0 ../nios2_sw_bsp//libhal_bsp.a(altera_avalon_jtag_uart_fd.o)
 .bss           0x0000000000005a54        0x0 ../nios2_sw_bsp//libhal_bsp.a(altera_avalon_jtag_uart_init.o)
 .bss           0x0000000000005a54        0x0 ../nios2_sw_bsp//libhal_bsp.a(altera_avalon_jtag_uart_ioctl.o)
 .bss           0x0000000000005a54        0x0 ../nios2_sw_bsp//libhal_bsp.a(altera_avalon_jtag_uart_read.o)
 .bss           0x0000000000005a54        0x0 ../nios2_sw_bsp//libhal_bsp.a(altera_avalon_jtag_uart_write.o)
 .bss           0x0000000000005a54        0x0 ../nios2_sw_bsp//libhal_bsp.a(altera_avalon_uart_fd.o)
 .bss           0x0000000000005a54        0x0 ../nios2_sw_bsp//libhal_bsp.a(altera_avalon_uart_init.o)
 .bss           0x0000000000005a54        0x0 ../nios2_sw_bsp//libhal_bsp.a(altera_avalon_uart_read.o)
 .bss           0x0000000000005a54        0x0 ../nios2_sw_bsp//libhal_bsp.a(altera_avalon_uart_write.o)
 .bss           0x0000000000005a54        0x0 ../nios2_sw_bsp//libhal_bsp.a(alt_alarm_start.o)
 .bss           0x0000000000005a54        0x0 ../nios2_sw_bsp//libhal_bsp.a(alt_busy_sleep.o)
 .bss           0x0000000000005a54        0x0 ../nios2_sw_bsp//libhal_bsp.a(alt_close.o)
 .bss           0x0000000000005a54        0x0 ../nios2_sw_bsp//libhal_bsp.a(alt_dcache_flush_all.o)
 .bss           0x0000000000005a54        0x0 ../nios2_sw_bsp//libhal_bsp.a(alt_dev.o)
 .bss           0x0000000000005a54        0x0 ../nios2_sw_bsp//libhal_bsp.a(alt_dev_llist_insert.o)
 .bss           0x0000000000005a54        0x0 ../nios2_sw_bsp//libhal_bsp.a(alt_do_ctors.o)
 .bss           0x0000000000005a54        0x0 ../nios2_sw_bsp//libhal_bsp.a(alt_do_dtors.o)
 .bss           0x0000000000005a54        0x0 ../nios2_sw_bsp//libhal_bsp.a(alt_errno.o)
 .bss           0x0000000000005a54        0x0 ../nios2_sw_bsp//libhal_bsp.a(alt_icache_flush_all.o)
 .bss           0x0000000000005a54        0x0 ../nios2_sw_bsp//libhal_bsp.a(alt_iic.o)
 .bss           0x0000000000005a54        0x0 ../nios2_sw_bsp//libhal_bsp.a(alt_iic_isr_register.o)
 .bss           0x0000000000005a54        0x0 ../nios2_sw_bsp//libhal_bsp.a(alt_io_redirect.o)
 .bss           0x0000000000005a54        0x0 ../nios2_sw_bsp//libhal_bsp.a(alt_irq_entry.o)
 .bss           0x0000000000005a54        0x0 ../nios2_sw_bsp//libhal_bsp.a(alt_irq_handler.o)
 .bss           0x0000000000005a54        0x0 ../nios2_sw_bsp//libhal_bsp.a(alt_irq_vars.o)
 .bss           0x0000000000005a54        0x0 ../nios2_sw_bsp//libhal_bsp.a(alt_open.o)
 .bss           0x0000000000005a54        0x0 ../nios2_sw_bsp//libhal_bsp.a(alt_release_fd.o)
 .bss           0x0000000000005a54        0x0 ../nios2_sw_bsp//libhal_bsp.a(alt_tick.o)
 .bss           0x0000000000005a54        0x0 ../nios2_sw_bsp//libhal_bsp.a(altera_nios2_gen2_irq.o)
 .bss           0x0000000000005a54        0x0 ../nios2_sw_bsp//libhal_bsp.a(alt_exception_entry.o)
 .bss           0x0000000000005a54        0x0 ../nios2_sw_bsp//libhal_bsp.a(alt_find_dev.o)
 .bss           0x0000000000005a54        0x0 ../nios2_sw_bsp//libhal_bsp.a(alt_find_file.o)
 .bss           0x0000000000005a54        0x0 ../nios2_sw_bsp//libhal_bsp.a(alt_get_fd.o)
 .bss           0x0000000000005a54        0x0 ../nios2_sw_bsp//libhal_bsp.a(alt_instruction_exception_entry.o)
 .bss           0x0000000000005a54        0x0 /home/tyler/altera_lite/15.1/nios2eds/bin/gnu/H-x86_64-pc-linux-gnu/bin/../lib/gcc/nios2-elf/4.9.2/../../../../../H-x86_64-pc-linux-gnu/nios2-elf/lib/mno-hw-mul/libsmallc.a(lib_a-atexit.o)
 .bss           0x0000000000005a54        0x0 /home/tyler/altera_lite/15.1/nios2eds/bin/gnu/H-x86_64-pc-linux-gnu/bin/../lib/gcc/nios2-elf/4.9.2/../../../../../H-x86_64-pc-linux-gnu/nios2-elf/lib/mno-hw-mul/libsmallc.a(lib_a-exit.o)
 .bss           0x0000000000005a54        0x0 /home/tyler/altera_lite/15.1/nios2eds/bin/gnu/H-x86_64-pc-linux-gnu/bin/../lib/gcc/nios2-elf/4.9.2/../../../../../H-x86_64-pc-linux-gnu/nios2-elf/lib/mno-hw-mul/libsmallc.a(lib_a-memcmp.o)
 .bss           0x0000000000005a54        0x0 /home/tyler/altera_lite/15.1/nios2eds/bin/gnu/H-x86_64-pc-linux-gnu/bin/../lib/gcc/nios2-elf/4.9.2/../../../../../H-x86_64-pc-linux-gnu/nios2-elf/lib/mno-hw-mul/libsmallc.a(lib_a-memcpy.o)
 .bss           0x0000000000005a54        0x0 /home/tyler/altera_lite/15.1/nios2eds/bin/gnu/H-x86_64-pc-linux-gnu/bin/../lib/gcc/nios2-elf/4.9.2/../../../../../H-x86_64-pc-linux-gnu/nios2-elf/lib/mno-hw-mul/libsmallc.a(lib_a-__atexit.o)
 .bss           0x0000000000005a54        0x0 /home/tyler/altera_lite/15.1/nios2eds/bin/gnu/H-x86_64-pc-linux-gnu/bin/../lib/gcc/nios2-elf/4.9.2/../../../../../H-x86_64-pc-linux-gnu/nios2-elf/lib/mno-hw-mul/libsmallc.a(lib_a-__call_atexit.o)
 .bss           0x0000000000005a54        0x0 /home/tyler/altera_lite/15.1/nios2eds/bin/gnu/H-x86_64-pc-linux-gnu/bin/../lib/gcc/nios2-elf/4.9.2/mno-hw-mul/libgcc.a(lib2-divmod.o)
 .bss           0x0000000000005a54        0x0 /home/tyler/altera_lite/15.1/nios2eds/bin/gnu/H-x86_64-pc-linux-gnu/bin/../lib/gcc/nios2-elf/4.9.2/mno-hw-mul/libgcc.a(lib2-mul.o)
 .bss           0x0000000000005a54        0x0 ../nios2_sw_bsp//libhal_bsp.a(alt_exit.o)
 *(COMMON)
 COMMON         0x0000000000005a54      0x100 ../nios2_sw_bsp//libhal_bsp.a(alt_irq_handler.o)
                0x0000000000005a54                alt_irq
                0x0000000000005b54                . = ALIGN (0x4)
                0x0000000000005b54                __bss_end = ABSOLUTE (.)

.onchip_memory2_0
                0x0000000000005b54        0x0
                0x0000000000005b54                PROVIDE (_alt_partition_onchip_memory2_0_start, ABSOLUTE (.))
 *(.onchip_memory2_0 .onchip_memory2_0. onchip_memory2_0.*)
                0x0000000000005b54                . = ALIGN (0x4)
                0x0000000000005b54                PROVIDE (_alt_partition_onchip_memory2_0_end, ABSOLUTE (.))
                0x0000000000005b54                _end = ABSOLUTE (.)
                0x0000000000005b54                end = ABSOLUTE (.)
                0x0000000000005b54                __alt_stack_base = ABSOLUTE (.)
                0x0000000000005b54                PROVIDE (_alt_partition_onchip_memory2_0_load_addr, LOADADDR (.onchip_memory2_0))

.stab
 *(.stab)

.stabstr
 *(.stabstr)

.stab.excl
 *(.stab.excl)

.stab.exclstr
 *(.stab.exclstr)

.stab.index
 *(.stab.index)

.stab.indexstr
 *(.stab.indexstr)

.comment        0x0000000000000000       0x23
 *(.comment)
 .comment       0x0000000000000000       0x23 obj/default/hello_world.o
                                         0x24 (size before relaxing)
 .comment       0x0000000000000000       0x24 /home/tyler/altera_lite/15.1/nios2eds/bin/gnu/H-x86_64-pc-linux-gnu/bin/../lib/gcc/nios2-elf/4.9.2/../../../../../H-x86_64-pc-linux-gnu/nios2-elf/lib/mno-hw-mul/libsmallc.a(lib_a-puts.o)
 .comment       0x0000000000000000       0x24 /home/tyler/altera_lite/15.1/nios2eds/bin/gnu/H-x86_64-pc-linux-gnu/bin/../lib/gcc/nios2-elf/4.9.2/../../../../../H-x86_64-pc-linux-gnu/nios2-elf/lib/mno-hw-mul/libsmallc.a(lib_a-strlen.o)
 .comment       0x0000000000000000       0x24 /home/tyler/altera_lite/15.1/nios2eds/bin/gnu/H-x86_64-pc-linux-gnu/bin/../lib/gcc/nios2-elf/4.9.2/../../../../../H-x86_64-pc-linux-gnu/nios2-elf/lib/mno-hw-mul/libsmallc.a(lib_a-fvwrite_small_dev.o)
 .comment       0x0000000000000000       0x24 /home/tyler/altera_lite/15.1/nios2eds/bin/gnu/H-x86_64-pc-linux-gnu/bin/../lib/gcc/nios2-elf/4.9.2/../../../../../H-x86_64-pc-linux-gnu/nios2-elf/lib/mno-hw-mul/libsmallc.a(lib_a-impure.o)
 .comment       0x0000000000000000       0x24 /home/tyler/altera_lite/15.1/nios2eds/bin/gnu/H-x86_64-pc-linux-gnu/bin/../lib/gcc/nios2-elf/4.9.2/../../../../../H-x86_64-pc-linux-gnu/nios2-elf/lib/mno-hw-mul/libsmallc.a(lib_a-writer.o)
 .comment       0x0000000000000000       0x24 /home/tyler/altera_lite/15.1/nios2eds/bin/gnu/H-x86_64-pc-linux-gnu/bin/../lib/gcc/nios2-elf/4.9.2/../../../../../H-x86_64-pc-linux-gnu/nios2-elf/lib/mno-hw-mul/libsmallc.a(lib_a-int_errno.o)
 .comment       0x0000000000000000       0x24 ../nios2_sw_bsp//libhal_bsp.a(alt_load.o)
 .comment       0x0000000000000000       0x24 ../nios2_sw_bsp//libhal_bsp.a(alt_main.o)
 .comment       0x0000000000000000       0x24 ../nios2_sw_bsp//libhal_bsp.a(alt_usleep.o)
 .comment       0x0000000000000000       0x24 ../nios2_sw_bsp//libhal_bsp.a(alt_write.o)
 .comment       0x0000000000000000       0x24 ../nios2_sw_bsp//libhal_bsp.a(alt_sys_init.o)
 .comment       0x0000000000000000       0x24 ../nios2_sw_bsp//libhal_bsp.a(altera_avalon_jtag_uart_fd.o)
 .comment       0x0000000000000000       0x24 ../nios2_sw_bsp//libhal_bsp.a(altera_avalon_jtag_uart_init.o)
 .comment       0x0000000000000000       0x24 ../nios2_sw_bsp//libhal_bsp.a(altera_avalon_jtag_uart_ioctl.o)
 .comment       0x0000000000000000       0x24 ../nios2_sw_bsp//libhal_bsp.a(altera_avalon_jtag_uart_read.o)
 .comment       0x0000000000000000       0x24 ../nios2_sw_bsp//libhal_bsp.a(altera_avalon_jtag_uart_write.o)
 .comment       0x0000000000000000       0x24 ../nios2_sw_bsp//libhal_bsp.a(altera_avalon_uart_fd.o)
 .comment       0x0000000000000000       0x24 ../nios2_sw_bsp//libhal_bsp.a(altera_avalon_uart_init.o)
 .comment       0x0000000000000000       0x24 ../nios2_sw_bsp//libhal_bsp.a(altera_avalon_uart_read.o)
 .comment       0x0000000000000000       0x24 ../nios2_sw_bsp//libhal_bsp.a(altera_avalon_uart_write.o)
 .comment       0x0000000000000000       0x24 ../nios2_sw_bsp//libhal_bsp.a(alt_alarm_start.o)
 .comment       0x0000000000000000       0x24 ../nios2_sw_bsp//libhal_bsp.a(alt_busy_sleep.o)
 .comment       0x0000000000000000       0x24 ../nios2_sw_bsp//libhal_bsp.a(alt_close.o)
 .comment       0x0000000000000000       0x24 ../nios2_sw_bsp//libhal_bsp.a(alt_dcache_flush_all.o)
 .comment       0x0000000000000000       0x24 ../nios2_sw_bsp//libhal_bsp.a(alt_dev.o)
 .comment       0x0000000000000000       0x24 ../nios2_sw_bsp//libhal_bsp.a(alt_dev_llist_insert.o)
 .comment       0x0000000000000000       0x24 ../nios2_sw_bsp//libhal_bsp.a(alt_do_ctors.o)
 .comment       0x0000000000000000       0x24 ../nios2_sw_bsp//libhal_bsp.a(alt_do_dtors.o)
 .comment       0x0000000000000000       0x24 ../nios2_sw_bsp//libhal_bsp.a(alt_errno.o)
 .comment       0x0000000000000000       0x24 ../nios2_sw_bsp//libhal_bsp.a(alt_icache_flush_all.o)
 .comment       0x0000000000000000       0x24 ../nios2_sw_bsp//libhal_bsp.a(alt_iic.o)
 .comment       0x0000000000000000       0x24 ../nios2_sw_bsp//libhal_bsp.a(alt_iic_isr_register.o)
 .comment       0x0000000000000000       0x24 ../nios2_sw_bsp//libhal_bsp.a(alt_io_redirect.o)
 .comment       0x0000000000000000       0x24 ../nios2_sw_bsp//libhal_bsp.a(alt_irq_handler.o)
 .comment       0x0000000000000000       0x24 ../nios2_sw_bsp//libhal_bsp.a(alt_irq_vars.o)
 .comment       0x0000000000000000       0x24 ../nios2_sw_bsp//libhal_bsp.a(alt_open.o)
 .comment       0x0000000000000000       0x24 ../nios2_sw_bsp//libhal_bsp.a(alt_release_fd.o)
 .comment       0x0000000000000000       0x24 ../nios2_sw_bsp//libhal_bsp.a(alt_tick.o)
 .comment       0x0000000000000000       0x24 ../nios2_sw_bsp//libhal_bsp.a(altera_nios2_gen2_irq.o)
 .comment       0x0000000000000000       0x24 ../nios2_sw_bsp//libhal_bsp.a(alt_find_dev.o)
 .comment       0x0000000000000000       0x24 ../nios2_sw_bsp//libhal_bsp.a(alt_find_file.o)
 .comment       0x0000000000000000       0x24 ../nios2_sw_bsp//libhal_bsp.a(alt_get_fd.o)
 .comment       0x0000000000000000       0x24 ../nios2_sw_bsp//libhal_bsp.a(alt_instruction_exception_entry.o)
 .comment       0x0000000000000000       0x24 /home/tyler/altera_lite/15.1/nios2eds/bin/gnu/H-x86_64-pc-linux-gnu/bin/../lib/gcc/nios2-elf/4.9.2/../../../../../H-x86_64-pc-linux-gnu/nios2-elf/lib/mno-hw-mul/libsmallc.a(lib_a-atexit.o)
 .comment       0x0000000000000000       0x24 /home/tyler/altera_lite/15.1/nios2eds/bin/gnu/H-x86_64-pc-linux-gnu/bin/../lib/gcc/nios2-elf/4.9.2/../../../../../H-x86_64-pc-linux-gnu/nios2-elf/lib/mno-hw-mul/libsmallc.a(lib_a-exit.o)
 .comment       0x0000000000000000       0x24 /home/tyler/altera_lite/15.1/nios2eds/bin/gnu/H-x86_64-pc-linux-gnu/bin/../lib/gcc/nios2-elf/4.9.2/../../../../../H-x86_64-pc-linux-gnu/nios2-elf/lib/mno-hw-mul/libsmallc.a(lib_a-memcmp.o)
 .comment       0x0000000000000000       0x24 /home/tyler/altera_lite/15.1/nios2eds/bin/gnu/H-x86_64-pc-linux-gnu/bin/../lib/gcc/nios2-elf/4.9.2/../../../../../H-x86_64-pc-linux-gnu/nios2-elf/lib/mno-hw-mul/libsmallc.a(lib_a-memcpy.o)
 .comment       0x0000000000000000       0x24 /home/tyler/altera_lite/15.1/nios2eds/bin/gnu/H-x86_64-pc-linux-gnu/bin/../lib/gcc/nios2-elf/4.9.2/../../../../../H-x86_64-pc-linux-gnu/nios2-elf/lib/mno-hw-mul/libsmallc.a(lib_a-__atexit.o)
 .comment       0x0000000000000000       0x24 /home/tyler/altera_lite/15.1/nios2eds/bin/gnu/H-x86_64-pc-linux-gnu/bin/../lib/gcc/nios2-elf/4.9.2/../../../../../H-x86_64-pc-linux-gnu/nios2-elf/lib/mno-hw-mul/libsmallc.a(lib_a-__call_atexit.o)
 .comment       0x0000000000000000       0x24 /home/tyler/altera_lite/15.1/nios2eds/bin/gnu/H-x86_64-pc-linux-gnu/bin/../lib/gcc/nios2-elf/4.9.2/mno-hw-mul/libgcc.a(lib2-divmod.o)
 .comment       0x0000000000000000       0x24 /home/tyler/altera_lite/15.1/nios2eds/bin/gnu/H-x86_64-pc-linux-gnu/bin/../lib/gcc/nios2-elf/4.9.2/mno-hw-mul/libgcc.a(lib2-mul.o)
 .comment       0x0000000000000000       0x24 ../nios2_sw_bsp//libhal_bsp.a(alt_exit.o)

.debug
 *(.debug)

.line
 *(.line)

.debug_srcinfo
 *(.debug_srcinfo)

.debug_sfnames
 *(.debug_sfnames)

.debug_aranges  0x0000000000000000      0x720
 *(.debug_aranges)
 .debug_aranges
                0x0000000000000000       0x28 ../nios2_sw_bsp//obj/HAL/src/crt0.o
 .debug_aranges
                0x0000000000000028       0x20 obj/default/hello_world.o
 .debug_aranges
                0x0000000000000048       0x28 /home/tyler/altera_lite/15.1/nios2eds/bin/gnu/H-x86_64-pc-linux-gnu/bin/../lib/gcc/nios2-elf/4.9.2/../../../../../H-x86_64-pc-linux-gnu/nios2-elf/lib/mno-hw-mul/libsmallc.a(lib_a-puts.o)
 .debug_aranges
                0x0000000000000070       0x20 /home/tyler/altera_lite/15.1/nios2eds/bin/gnu/H-x86_64-pc-linux-gnu/bin/../lib/gcc/nios2-elf/4.9.2/../../../../../H-x86_64-pc-linux-gnu/nios2-elf/lib/mno-hw-mul/libsmallc.a(lib_a-strlen.o)
 .debug_aranges
                0x0000000000000090       0x20 /home/tyler/altera_lite/15.1/nios2eds/bin/gnu/H-x86_64-pc-linux-gnu/bin/../lib/gcc/nios2-elf/4.9.2/../../../../../H-x86_64-pc-linux-gnu/nios2-elf/lib/mno-hw-mul/libsmallc.a(lib_a-fvwrite_small_dev.o)
 .debug_aranges
                0x00000000000000b0       0x18 /home/tyler/altera_lite/15.1/nios2eds/bin/gnu/H-x86_64-pc-linux-gnu/bin/../lib/gcc/nios2-elf/4.9.2/../../../../../H-x86_64-pc-linux-gnu/nios2-elf/lib/mno-hw-mul/libsmallc.a(lib_a-impure.o)
 .debug_aranges
                0x00000000000000c8       0x20 /home/tyler/altera_lite/15.1/nios2eds/bin/gnu/H-x86_64-pc-linux-gnu/bin/../lib/gcc/nios2-elf/4.9.2/../../../../../H-x86_64-pc-linux-gnu/nios2-elf/lib/mno-hw-mul/libsmallc.a(lib_a-writer.o)
 .debug_aranges
                0x00000000000000e8       0x18 /home/tyler/altera_lite/15.1/nios2eds/bin/gnu/H-x86_64-pc-linux-gnu/bin/../lib/gcc/nios2-elf/4.9.2/../../../../../H-x86_64-pc-linux-gnu/nios2-elf/lib/mno-hw-mul/libsmallc.a(lib_a-int_errno.o)
 .debug_aranges
                0x0000000000000100       0x20 ../nios2_sw_bsp//libhal_bsp.a(alt_load.o)
 .debug_aranges
                0x0000000000000120       0x20 ../nios2_sw_bsp//libhal_bsp.a(alt_main.o)
 .debug_aranges
                0x0000000000000140       0x20 ../nios2_sw_bsp//libhal_bsp.a(alt_usleep.o)
 .debug_aranges
                0x0000000000000160       0x20 ../nios2_sw_bsp//libhal_bsp.a(alt_write.o)
 .debug_aranges
                0x0000000000000180       0x20 ../nios2_sw_bsp//libhal_bsp.a(alt_sys_init.o)
 .debug_aranges
                0x00000000000001a0       0x20 ../nios2_sw_bsp//libhal_bsp.a(altera_avalon_jtag_uart_fd.o)
 .debug_aranges
                0x00000000000001c0       0x20 ../nios2_sw_bsp//libhal_bsp.a(altera_avalon_jtag_uart_init.o)
 .debug_aranges
                0x00000000000001e0       0x20 ../nios2_sw_bsp//libhal_bsp.a(altera_avalon_jtag_uart_ioctl.o)
 .debug_aranges
                0x0000000000000200       0x20 ../nios2_sw_bsp//libhal_bsp.a(altera_avalon_jtag_uart_read.o)
 .debug_aranges
                0x0000000000000220       0x20 ../nios2_sw_bsp//libhal_bsp.a(altera_avalon_jtag_uart_write.o)
 .debug_aranges
                0x0000000000000240       0x20 ../nios2_sw_bsp//libhal_bsp.a(altera_avalon_uart_fd.o)
 .debug_aranges
                0x0000000000000260       0x20 ../nios2_sw_bsp//libhal_bsp.a(altera_avalon_uart_init.o)
 .debug_aranges
                0x0000000000000280       0x20 ../nios2_sw_bsp//libhal_bsp.a(altera_avalon_uart_read.o)
 .debug_aranges
                0x00000000000002a0       0x20 ../nios2_sw_bsp//libhal_bsp.a(altera_avalon_uart_write.o)
 .debug_aranges
                0x00000000000002c0       0x20 ../nios2_sw_bsp//libhal_bsp.a(alt_alarm_start.o)
 .debug_aranges
                0x00000000000002e0       0x20 ../nios2_sw_bsp//libhal_bsp.a(alt_busy_sleep.o)
 .debug_aranges
                0x0000000000000300       0x20 ../nios2_sw_bsp//libhal_bsp.a(alt_close.o)
 .debug_aranges
                0x0000000000000320       0x20 ../nios2_sw_bsp//libhal_bsp.a(alt_dcache_flush_all.o)
 .debug_aranges
                0x0000000000000340       0x20 ../nios2_sw_bsp//libhal_bsp.a(alt_dev.o)
 .debug_aranges
                0x0000000000000360       0x20 ../nios2_sw_bsp//libhal_bsp.a(alt_dev_llist_insert.o)
 .debug_aranges
                0x0000000000000380       0x20 ../nios2_sw_bsp//libhal_bsp.a(alt_do_ctors.o)
 .debug_aranges
                0x00000000000003a0       0x20 ../nios2_sw_bsp//libhal_bsp.a(alt_do_dtors.o)
 .debug_aranges
                0x00000000000003c0       0x18 ../nios2_sw_bsp//libhal_bsp.a(alt_errno.o)
 .debug_aranges
                0x00000000000003d8       0x20 ../nios2_sw_bsp//libhal_bsp.a(alt_icache_flush_all.o)
 .debug_aranges
                0x00000000000003f8       0x20 ../nios2_sw_bsp//libhal_bsp.a(alt_iic.o)
 .debug_aranges
                0x0000000000000418       0x20 ../nios2_sw_bsp//libhal_bsp.a(alt_iic_isr_register.o)
 .debug_aranges
                0x0000000000000438       0x20 ../nios2_sw_bsp//libhal_bsp.a(alt_io_redirect.o)
 .debug_aranges
                0x0000000000000458       0x30 ../nios2_sw_bsp//libhal_bsp.a(alt_irq_entry.o)
 .debug_aranges
                0x0000000000000488       0x20 ../nios2_sw_bsp//libhal_bsp.a(alt_irq_handler.o)
 .debug_aranges
                0x00000000000004a8       0x18 ../nios2_sw_bsp//libhal_bsp.a(alt_irq_vars.o)
 .debug_aranges
                0x00000000000004c0       0x20 ../nios2_sw_bsp//libhal_bsp.a(alt_open.o)
 .debug_aranges
                0x00000000000004e0       0x20 ../nios2_sw_bsp//libhal_bsp.a(alt_release_fd.o)
 .debug_aranges
                0x0000000000000500       0x20 ../nios2_sw_bsp//libhal_bsp.a(alt_tick.o)
 .debug_aranges
                0x0000000000000520       0x20 ../nios2_sw_bsp//libhal_bsp.a(altera_nios2_gen2_irq.o)
 .debug_aranges
                0x0000000000000540       0x38 ../nios2_sw_bsp//libhal_bsp.a(alt_exception_entry.o)
 .debug_aranges
                0x0000000000000578       0x20 ../nios2_sw_bsp//libhal_bsp.a(alt_find_dev.o)
 .debug_aranges
                0x0000000000000598       0x20 ../nios2_sw_bsp//libhal_bsp.a(alt_find_file.o)
 .debug_aranges
                0x00000000000005b8       0x20 ../nios2_sw_bsp//libhal_bsp.a(alt_get_fd.o)
 .debug_aranges
                0x00000000000005d8       0x28 ../nios2_sw_bsp//libhal_bsp.a(alt_instruction_exception_entry.o)
 .debug_aranges
                0x0000000000000600       0x20 /home/tyler/altera_lite/15.1/nios2eds/bin/gnu/H-x86_64-pc-linux-gnu/bin/../lib/gcc/nios2-elf/4.9.2/../../../../../H-x86_64-pc-linux-gnu/nios2-elf/lib/mno-hw-mul/libsmallc.a(lib_a-atexit.o)
 .debug_aranges
                0x0000000000000620       0x20 /home/tyler/altera_lite/15.1/nios2eds/bin/gnu/H-x86_64-pc-linux-gnu/bin/../lib/gcc/nios2-elf/4.9.2/../../../../../H-x86_64-pc-linux-gnu/nios2-elf/lib/mno-hw-mul/libsmallc.a(lib_a-exit.o)
 .debug_aranges
                0x0000000000000640       0x20 /home/tyler/altera_lite/15.1/nios2eds/bin/gnu/H-x86_64-pc-linux-gnu/bin/../lib/gcc/nios2-elf/4.9.2/../../../../../H-x86_64-pc-linux-gnu/nios2-elf/lib/mno-hw-mul/libsmallc.a(lib_a-memcmp.o)
 .debug_aranges
                0x0000000000000660       0x20 /home/tyler/altera_lite/15.1/nios2eds/bin/gnu/H-x86_64-pc-linux-gnu/bin/../lib/gcc/nios2-elf/4.9.2/../../../../../H-x86_64-pc-linux-gnu/nios2-elf/lib/mno-hw-mul/libsmallc.a(lib_a-memcpy.o)
 .debug_aranges
                0x0000000000000680       0x20 /home/tyler/altera_lite/15.1/nios2eds/bin/gnu/H-x86_64-pc-linux-gnu/bin/../lib/gcc/nios2-elf/4.9.2/../../../../../H-x86_64-pc-linux-gnu/nios2-elf/lib/mno-hw-mul/libsmallc.a(lib_a-__atexit.o)
 .debug_aranges
                0x00000000000006a0       0x20 /home/tyler/altera_lite/15.1/nios2eds/bin/gnu/H-x86_64-pc-linux-gnu/bin/../lib/gcc/nios2-elf/4.9.2/../../../../../H-x86_64-pc-linux-gnu/nios2-elf/lib/mno-hw-mul/libsmallc.a(lib_a-__call_atexit.o)
 .debug_aranges
                0x00000000000006c0       0x20 /home/tyler/altera_lite/15.1/nios2eds/bin/gnu/H-x86_64-pc-linux-gnu/bin/../lib/gcc/nios2-elf/4.9.2/mno-hw-mul/libgcc.a(lib2-divmod.o)
 .debug_aranges
                0x00000000000006e0       0x20 /home/tyler/altera_lite/15.1/nios2eds/bin/gnu/H-x86_64-pc-linux-gnu/bin/../lib/gcc/nios2-elf/4.9.2/mno-hw-mul/libgcc.a(lib2-mul.o)
 .debug_aranges
                0x0000000000000700       0x20 ../nios2_sw_bsp//libhal_bsp.a(alt_exit.o)

.debug_pubnames
 *(.debug_pubnames)

.debug_info     0x0000000000000000     0x8cb2
 *(.debug_info .gnu.linkonce.wi.*)
 .debug_info    0x0000000000000000       0x68 ../nios2_sw_bsp//obj/HAL/src/crt0.o
 .debug_info    0x0000000000000068       0x8f obj/default/hello_world.o
 .debug_info    0x00000000000000f7      0x685 /home/tyler/altera_lite/15.1/nios2eds/bin/gnu/H-x86_64-pc-linux-gnu/bin/../lib/gcc/nios2-elf/4.9.2/../../../../../H-x86_64-pc-linux-gnu/nios2-elf/lib/mno-hw-mul/libsmallc.a(lib_a-puts.o)
 .debug_info    0x000000000000077c       0xc2 /home/tyler/altera_lite/15.1/nios2eds/bin/gnu/H-x86_64-pc-linux-gnu/bin/../lib/gcc/nios2-elf/4.9.2/../../../../../H-x86_64-pc-linux-gnu/nios2-elf/lib/mno-hw-mul/libsmallc.a(lib_a-strlen.o)
 .debug_info    0x000000000000083e      0x656 /home/tyler/altera_lite/15.1/nios2eds/bin/gnu/H-x86_64-pc-linux-gnu/bin/../lib/gcc/nios2-elf/4.9.2/../../../../../H-x86_64-pc-linux-gnu/nios2-elf/lib/mno-hw-mul/libsmallc.a(lib_a-fvwrite_small_dev.o)
 .debug_info    0x0000000000000e94      0x5a7 /home/tyler/altera_lite/15.1/nios2eds/bin/gnu/H-x86_64-pc-linux-gnu/bin/../lib/gcc/nios2-elf/4.9.2/../../../../../H-x86_64-pc-linux-gnu/nios2-elf/lib/mno-hw-mul/libsmallc.a(lib_a-impure.o)
 .debug_info    0x000000000000143b      0x639 /home/tyler/altera_lite/15.1/nios2eds/bin/gnu/H-x86_64-pc-linux-gnu/bin/../lib/gcc/nios2-elf/4.9.2/../../../../../H-x86_64-pc-linux-gnu/nios2-elf/lib/mno-hw-mul/libsmallc.a(lib_a-writer.o)
 .debug_info    0x0000000000001a74       0x83 /home/tyler/altera_lite/15.1/nios2eds/bin/gnu/H-x86_64-pc-linux-gnu/bin/../lib/gcc/nios2-elf/4.9.2/../../../../../H-x86_64-pc-linux-gnu/nios2-elf/lib/mno-hw-mul/libsmallc.a(lib_a-int_errno.o)
 .debug_info    0x0000000000001af7      0x13e ../nios2_sw_bsp//libhal_bsp.a(alt_load.o)
 .debug_info    0x0000000000001c35      0x12a ../nios2_sw_bsp//libhal_bsp.a(alt_main.o)
 .debug_info    0x0000000000001d5f       0xa9 ../nios2_sw_bsp//libhal_bsp.a(alt_usleep.o)
 .debug_info    0x0000000000001e08      0x4b0 ../nios2_sw_bsp//libhal_bsp.a(alt_write.o)
 .debug_info    0x00000000000022b8      0x59b ../nios2_sw_bsp//libhal_bsp.a(alt_sys_init.o)
 .debug_info    0x0000000000002853      0x527 ../nios2_sw_bsp//libhal_bsp.a(altera_avalon_jtag_uart_fd.o)
 .debug_info    0x0000000000002d7a      0x3a1 ../nios2_sw_bsp//libhal_bsp.a(altera_avalon_jtag_uart_init.o)
 .debug_info    0x000000000000311b      0x279 ../nios2_sw_bsp//libhal_bsp.a(altera_avalon_jtag_uart_ioctl.o)
 .debug_info    0x0000000000003394      0x342 ../nios2_sw_bsp//libhal_bsp.a(altera_avalon_jtag_uart_read.o)
 .debug_info    0x00000000000036d6      0x339 ../nios2_sw_bsp//libhal_bsp.a(altera_avalon_jtag_uart_write.o)
 .debug_info    0x0000000000003a0f      0x440 ../nios2_sw_bsp//libhal_bsp.a(altera_avalon_uart_fd.o)
 .debug_info    0x0000000000003e4f      0x32c ../nios2_sw_bsp//libhal_bsp.a(altera_avalon_uart_init.o)
 .debug_info    0x000000000000417b      0x312 ../nios2_sw_bsp//libhal_bsp.a(altera_avalon_uart_read.o)
 .debug_info    0x000000000000448d      0x317 ../nios2_sw_bsp//libhal_bsp.a(altera_avalon_uart_write.o)
 .debug_info    0x00000000000047a4      0x2c5 ../nios2_sw_bsp//libhal_bsp.a(alt_alarm_start.o)
 .debug_info    0x0000000000004a69       0xd0 ../nios2_sw_bsp//libhal_bsp.a(alt_busy_sleep.o)
 .debug_info    0x0000000000004b39      0x31a ../nios2_sw_bsp//libhal_bsp.a(alt_close.o)
 .debug_info    0x0000000000004e53       0x8b ../nios2_sw_bsp//libhal_bsp.a(alt_dcache_flush_all.o)
 .debug_info    0x0000000000004ede      0x495 ../nios2_sw_bsp//libhal_bsp.a(alt_dev.o)
 .debug_info    0x0000000000005373      0x1a2 ../nios2_sw_bsp//libhal_bsp.a(alt_dev_llist_insert.o)
 .debug_info    0x0000000000005515       0x83 ../nios2_sw_bsp//libhal_bsp.a(alt_do_ctors.o)
 .debug_info    0x0000000000005598       0x83 ../nios2_sw_bsp//libhal_bsp.a(alt_do_dtors.o)
 .debug_info    0x000000000000561b       0x9f ../nios2_sw_bsp//libhal_bsp.a(alt_errno.o)
 .debug_info    0x00000000000056ba       0x8b ../nios2_sw_bsp//libhal_bsp.a(alt_icache_flush_all.o)
 .debug_info    0x0000000000005745      0x349 ../nios2_sw_bsp//libhal_bsp.a(alt_iic.o)
 .debug_info    0x0000000000005a8e      0x1e8 ../nios2_sw_bsp//libhal_bsp.a(alt_iic_isr_register.o)
 .debug_info    0x0000000000005c76      0x49e ../nios2_sw_bsp//libhal_bsp.a(alt_io_redirect.o)
 .debug_info    0x0000000000006114       0x71 ../nios2_sw_bsp//libhal_bsp.a(alt_irq_entry.o)
 .debug_info    0x0000000000006185      0x180 ../nios2_sw_bsp//libhal_bsp.a(alt_irq_handler.o)
 .debug_info    0x0000000000006305       0x88 ../nios2_sw_bsp//libhal_bsp.a(alt_irq_vars.o)
 .debug_info    0x000000000000638d      0x3b4 ../nios2_sw_bsp//libhal_bsp.a(alt_open.o)
 .debug_info    0x0000000000006741      0x2b0 ../nios2_sw_bsp//libhal_bsp.a(alt_release_fd.o)
 .debug_info    0x00000000000069f1      0x292 ../nios2_sw_bsp//libhal_bsp.a(alt_tick.o)
 .debug_info    0x0000000000006c83       0x8b ../nios2_sw_bsp//libhal_bsp.a(altera_nios2_gen2_irq.o)
 .debug_info    0x0000000000006d0e       0x77 ../nios2_sw_bsp//libhal_bsp.a(alt_exception_entry.o)
 .debug_info    0x0000000000006d85      0x2e2 ../nios2_sw_bsp//libhal_bsp.a(alt_find_dev.o)
 .debug_info    0x0000000000007067      0x2df ../nios2_sw_bsp//libhal_bsp.a(alt_find_file.o)
 .debug_info    0x0000000000007346      0x309 ../nios2_sw_bsp//libhal_bsp.a(alt_get_fd.o)
 .debug_info    0x000000000000764f      0x1d8 ../nios2_sw_bsp//libhal_bsp.a(alt_instruction_exception_entry.o)
 .debug_info    0x0000000000007827      0x10a /home/tyler/altera_lite/15.1/nios2eds/bin/gnu/H-x86_64-pc-linux-gnu/bin/../lib/gcc/nios2-elf/4.9.2/../../../../../H-x86_64-pc-linux-gnu/nios2-elf/lib/mno-hw-mul/libsmallc.a(lib_a-atexit.o)
 .debug_info    0x0000000000007931       0xed /home/tyler/altera_lite/15.1/nios2eds/bin/gnu/H-x86_64-pc-linux-gnu/bin/../lib/gcc/nios2-elf/4.9.2/../../../../../H-x86_64-pc-linux-gnu/nios2-elf/lib/mno-hw-mul/libsmallc.a(lib_a-exit.o)
 .debug_info    0x0000000000007a1e       0xed /home/tyler/altera_lite/15.1/nios2eds/bin/gnu/H-x86_64-pc-linux-gnu/bin/../lib/gcc/nios2-elf/4.9.2/../../../../../H-x86_64-pc-linux-gnu/nios2-elf/lib/mno-hw-mul/libsmallc.a(lib_a-memcmp.o)
 .debug_info    0x0000000000007b0b      0x106 /home/tyler/altera_lite/15.1/nios2eds/bin/gnu/H-x86_64-pc-linux-gnu/bin/../lib/gcc/nios2-elf/4.9.2/../../../../../H-x86_64-pc-linux-gnu/nios2-elf/lib/mno-hw-mul/libsmallc.a(lib_a-memcpy.o)
 .debug_info    0x0000000000007c11      0x655 /home/tyler/altera_lite/15.1/nios2eds/bin/gnu/H-x86_64-pc-linux-gnu/bin/../lib/gcc/nios2-elf/4.9.2/../../../../../H-x86_64-pc-linux-gnu/nios2-elf/lib/mno-hw-mul/libsmallc.a(lib_a-__atexit.o)
 .debug_info    0x0000000000008266      0x67f /home/tyler/altera_lite/15.1/nios2eds/bin/gnu/H-x86_64-pc-linux-gnu/bin/../lib/gcc/nios2-elf/4.9.2/../../../../../H-x86_64-pc-linux-gnu/nios2-elf/lib/mno-hw-mul/libsmallc.a(lib_a-__call_atexit.o)
 .debug_info    0x00000000000088e5      0x234 /home/tyler/altera_lite/15.1/nios2eds/bin/gnu/H-x86_64-pc-linux-gnu/bin/../lib/gcc/nios2-elf/4.9.2/mno-hw-mul/libgcc.a(lib2-divmod.o)
 .debug_info    0x0000000000008b19       0xb4 /home/tyler/altera_lite/15.1/nios2eds/bin/gnu/H-x86_64-pc-linux-gnu/bin/../lib/gcc/nios2-elf/4.9.2/mno-hw-mul/libgcc.a(lib2-mul.o)
 .debug_info    0x0000000000008bcd       0xe5 ../nios2_sw_bsp//libhal_bsp.a(alt_exit.o)

.debug_abbrev   0x0000000000000000     0x34cb
 *(.debug_abbrev)
 .debug_abbrev  0x0000000000000000       0x12 ../nios2_sw_bsp//obj/HAL/src/crt0.o
 .debug_abbrev  0x0000000000000012       0x42 obj/default/hello_world.o
 .debug_abbrev  0x0000000000000054      0x1ed /home/tyler/altera_lite/15.1/nios2eds/bin/gnu/H-x86_64-pc-linux-gnu/bin/../lib/gcc/nios2-elf/4.9.2/../../../../../H-x86_64-pc-linux-gnu/nios2-elf/lib/mno-hw-mul/libsmallc.a(lib_a-puts.o)
 .debug_abbrev  0x0000000000000241       0x7f /home/tyler/altera_lite/15.1/nios2eds/bin/gnu/H-x86_64-pc-linux-gnu/bin/../lib/gcc/nios2-elf/4.9.2/../../../../../H-x86_64-pc-linux-gnu/nios2-elf/lib/mno-hw-mul/libsmallc.a(lib_a-strlen.o)
 .debug_abbrev  0x00000000000002c0      0x1c3 /home/tyler/altera_lite/15.1/nios2eds/bin/gnu/H-x86_64-pc-linux-gnu/bin/../lib/gcc/nios2-elf/4.9.2/../../../../../H-x86_64-pc-linux-gnu/nios2-elf/lib/mno-hw-mul/libsmallc.a(lib_a-fvwrite_small_dev.o)
 .debug_abbrev  0x0000000000000483      0x14a /home/tyler/altera_lite/15.1/nios2eds/bin/gnu/H-x86_64-pc-linux-gnu/bin/../lib/gcc/nios2-elf/4.9.2/../../../../../H-x86_64-pc-linux-gnu/nios2-elf/lib/mno-hw-mul/libsmallc.a(lib_a-impure.o)
 .debug_abbrev  0x00000000000005cd      0x1a8 /home/tyler/altera_lite/15.1/nios2eds/bin/gnu/H-x86_64-pc-linux-gnu/bin/../lib/gcc/nios2-elf/4.9.2/../../../../../H-x86_64-pc-linux-gnu/nios2-elf/lib/mno-hw-mul/libsmallc.a(lib_a-writer.o)
 .debug_abbrev  0x0000000000000775       0x37 /home/tyler/altera_lite/15.1/nios2eds/bin/gnu/H-x86_64-pc-linux-gnu/bin/../lib/gcc/nios2-elf/4.9.2/../../../../../H-x86_64-pc-linux-gnu/nios2-elf/lib/mno-hw-mul/libsmallc.a(lib_a-int_errno.o)
 .debug_abbrev  0x00000000000007ac       0x9f ../nios2_sw_bsp//libhal_bsp.a(alt_load.o)
 .debug_abbrev  0x000000000000084b       0xba ../nios2_sw_bsp//libhal_bsp.a(alt_main.o)
 .debug_abbrev  0x0000000000000905       0x60 ../nios2_sw_bsp//libhal_bsp.a(alt_usleep.o)
 .debug_abbrev  0x0000000000000965      0x133 ../nios2_sw_bsp//libhal_bsp.a(alt_write.o)
 .debug_abbrev  0x0000000000000a98      0x190 ../nios2_sw_bsp//libhal_bsp.a(alt_sys_init.o)
 .debug_abbrev  0x0000000000000c28      0x127 ../nios2_sw_bsp//libhal_bsp.a(altera_avalon_jtag_uart_fd.o)
 .debug_abbrev  0x0000000000000d4f      0x197 ../nios2_sw_bsp//libhal_bsp.a(altera_avalon_jtag_uart_init.o)
 .debug_abbrev  0x0000000000000ee6      0x111 ../nios2_sw_bsp//libhal_bsp.a(altera_avalon_jtag_uart_ioctl.o)
 .debug_abbrev  0x0000000000000ff7      0x1ac ../nios2_sw_bsp//libhal_bsp.a(altera_avalon_jtag_uart_read.o)
 .debug_abbrev  0x00000000000011a3      0x1a8 ../nios2_sw_bsp//libhal_bsp.a(altera_avalon_jtag_uart_write.o)
 .debug_abbrev  0x000000000000134b      0x109 ../nios2_sw_bsp//libhal_bsp.a(altera_avalon_uart_fd.o)
 .debug_abbrev  0x0000000000001454      0x178 ../nios2_sw_bsp//libhal_bsp.a(altera_avalon_uart_init.o)
 .debug_abbrev  0x00000000000015cc      0x183 ../nios2_sw_bsp//libhal_bsp.a(altera_avalon_uart_read.o)
 .debug_abbrev  0x000000000000174f      0x18a ../nios2_sw_bsp//libhal_bsp.a(altera_avalon_uart_write.o)
 .debug_abbrev  0x00000000000018d9      0x162 ../nios2_sw_bsp//libhal_bsp.a(alt_alarm_start.o)
 .debug_abbrev  0x0000000000001a3b       0x7e ../nios2_sw_bsp//libhal_bsp.a(alt_busy_sleep.o)
 .debug_abbrev  0x0000000000001ab9      0x11f ../nios2_sw_bsp//libhal_bsp.a(alt_close.o)
 .debug_abbrev  0x0000000000001bd8       0x42 ../nios2_sw_bsp//libhal_bsp.a(alt_dcache_flush_all.o)
 .debug_abbrev  0x0000000000001c1a       0xd9 ../nios2_sw_bsp//libhal_bsp.a(alt_dev.o)
 .debug_abbrev  0x0000000000001cf3      0x114 ../nios2_sw_bsp//libhal_bsp.a(alt_dev_llist_insert.o)
 .debug_abbrev  0x0000000000001e07       0x79 ../nios2_sw_bsp//libhal_bsp.a(alt_do_ctors.o)
 .debug_abbrev  0x0000000000001e80       0x79 ../nios2_sw_bsp//libhal_bsp.a(alt_do_dtors.o)
 .debug_abbrev  0x0000000000001ef9       0x5a ../nios2_sw_bsp//libhal_bsp.a(alt_errno.o)
 .debug_abbrev  0x0000000000001f53       0x42 ../nios2_sw_bsp//libhal_bsp.a(alt_icache_flush_all.o)
 .debug_abbrev  0x0000000000001f95      0x163 ../nios2_sw_bsp//libhal_bsp.a(alt_iic.o)
 .debug_abbrev  0x00000000000020f8      0x169 ../nios2_sw_bsp//libhal_bsp.a(alt_iic_isr_register.o)
 .debug_abbrev  0x0000000000002261      0x114 ../nios2_sw_bsp//libhal_bsp.a(alt_io_redirect.o)
 .debug_abbrev  0x0000000000002375       0x12 ../nios2_sw_bsp//libhal_bsp.a(alt_irq_entry.o)
 .debug_abbrev  0x0000000000002387      0x122 ../nios2_sw_bsp//libhal_bsp.a(alt_irq_handler.o)
 .debug_abbrev  0x00000000000024a9       0x40 ../nios2_sw_bsp//libhal_bsp.a(alt_irq_vars.o)
 .debug_abbrev  0x00000000000024e9      0x148 ../nios2_sw_bsp//libhal_bsp.a(alt_open.o)
 .debug_abbrev  0x0000000000002631       0xde ../nios2_sw_bsp//libhal_bsp.a(alt_release_fd.o)
 .debug_abbrev  0x000000000000270f      0x15a ../nios2_sw_bsp//libhal_bsp.a(alt_tick.o)
 .debug_abbrev  0x0000000000002869       0x42 ../nios2_sw_bsp//libhal_bsp.a(altera_nios2_gen2_irq.o)
 .debug_abbrev  0x00000000000028ab       0x12 ../nios2_sw_bsp//libhal_bsp.a(alt_exception_entry.o)
 .debug_abbrev  0x00000000000028bd       0xf0 ../nios2_sw_bsp//libhal_bsp.a(alt_find_dev.o)
 .debug_abbrev  0x00000000000029ad       0xf0 ../nios2_sw_bsp//libhal_bsp.a(alt_find_file.o)
 .debug_abbrev  0x0000000000002a9d      0x10d ../nios2_sw_bsp//libhal_bsp.a(alt_get_fd.o)
 .debug_abbrev  0x0000000000002baa       0xd1 ../nios2_sw_bsp//libhal_bsp.a(alt_instruction_exception_entry.o)
 .debug_abbrev  0x0000000000002c7b       0xb8 /home/tyler/altera_lite/15.1/nios2eds/bin/gnu/H-x86_64-pc-linux-gnu/bin/../lib/gcc/nios2-elf/4.9.2/../../../../../H-x86_64-pc-linux-gnu/nios2-elf/lib/mno-hw-mul/libsmallc.a(lib_a-atexit.o)
 .debug_abbrev  0x0000000000002d33       0xa9 /home/tyler/altera_lite/15.1/nios2eds/bin/gnu/H-x86_64-pc-linux-gnu/bin/../lib/gcc/nios2-elf/4.9.2/../../../../../H-x86_64-pc-linux-gnu/nios2-elf/lib/mno-hw-mul/libsmallc.a(lib_a-exit.o)
 .debug_abbrev  0x0000000000002ddc       0x7f /home/tyler/altera_lite/15.1/nios2eds/bin/gnu/H-x86_64-pc-linux-gnu/bin/../lib/gcc/nios2-elf/4.9.2/../../../../../H-x86_64-pc-linux-gnu/nios2-elf/lib/mno-hw-mul/libsmallc.a(lib_a-memcmp.o)
 .debug_abbrev  0x0000000000002e5b       0xa4 /home/tyler/altera_lite/15.1/nios2eds/bin/gnu/H-x86_64-pc-linux-gnu/bin/../lib/gcc/nios2-elf/4.9.2/../../../../../H-x86_64-pc-linux-gnu/nios2-elf/lib/mno-hw-mul/libsmallc.a(lib_a-memcpy.o)
 .debug_abbrev  0x0000000000002eff      0x1e6 /home/tyler/altera_lite/15.1/nios2eds/bin/gnu/H-x86_64-pc-linux-gnu/bin/../lib/gcc/nios2-elf/4.9.2/../../../../../H-x86_64-pc-linux-gnu/nios2-elf/lib/mno-hw-mul/libsmallc.a(lib_a-__atexit.o)
 .debug_abbrev  0x00000000000030e5      0x1f8 /home/tyler/altera_lite/15.1/nios2eds/bin/gnu/H-x86_64-pc-linux-gnu/bin/../lib/gcc/nios2-elf/4.9.2/../../../../../H-x86_64-pc-linux-gnu/nios2-elf/lib/mno-hw-mul/libsmallc.a(lib_a-__call_atexit.o)
 .debug_abbrev  0x00000000000032dd       0xd9 /home/tyler/altera_lite/15.1/nios2eds/bin/gnu/H-x86_64-pc-linux-gnu/bin/../lib/gcc/nios2-elf/4.9.2/mno-hw-mul/libgcc.a(lib2-divmod.o)
 .debug_abbrev  0x00000000000033b6       0x6f /home/tyler/altera_lite/15.1/nios2eds/bin/gnu/H-x86_64-pc-linux-gnu/bin/../lib/gcc/nios2-elf/4.9.2/mno-hw-mul/libgcc.a(lib2-mul.o)
 .debug_abbrev  0x0000000000003425       0xa6 ../nios2_sw_bsp//libhal_bsp.a(alt_exit.o)

.debug_line     0x0000000000000000     0x3801
 *(.debug_line)
 .debug_line    0x0000000000000000       0x66 ../nios2_sw_bsp//obj/HAL/src/crt0.o
 .debug_line    0x0000000000000066       0x4c obj/default/hello_world.o
 .debug_line    0x00000000000000b2      0x208 /home/tyler/altera_lite/15.1/nios2eds/bin/gnu/H-x86_64-pc-linux-gnu/bin/../lib/gcc/nios2-elf/4.9.2/../../../../../H-x86_64-pc-linux-gnu/nios2-elf/lib/mno-hw-mul/libsmallc.a(lib_a-puts.o)
 .debug_line    0x00000000000002ba      0x15c /home/tyler/altera_lite/15.1/nios2eds/bin/gnu/H-x86_64-pc-linux-gnu/bin/../lib/gcc/nios2-elf/4.9.2/../../../../../H-x86_64-pc-linux-gnu/nios2-elf/lib/mno-hw-mul/libsmallc.a(lib_a-strlen.o)
 .debug_line    0x0000000000000416      0x1f2 /home/tyler/altera_lite/15.1/nios2eds/bin/gnu/H-x86_64-pc-linux-gnu/bin/../lib/gcc/nios2-elf/4.9.2/../../../../../H-x86_64-pc-linux-gnu/nios2-elf/lib/mno-hw-mul/libsmallc.a(lib_a-fvwrite_small_dev.o)
 .debug_line    0x0000000000000608      0x156 /home/tyler/altera_lite/15.1/nios2eds/bin/gnu/H-x86_64-pc-linux-gnu/bin/../lib/gcc/nios2-elf/4.9.2/../../../../../H-x86_64-pc-linux-gnu/nios2-elf/lib/mno-hw-mul/libsmallc.a(lib_a-impure.o)
 .debug_line    0x000000000000075e      0x1ed /home/tyler/altera_lite/15.1/nios2eds/bin/gnu/H-x86_64-pc-linux-gnu/bin/../lib/gcc/nios2-elf/4.9.2/../../../../../H-x86_64-pc-linux-gnu/nios2-elf/lib/mno-hw-mul/libsmallc.a(lib_a-writer.o)
 .debug_line    0x000000000000094b       0x5f /home/tyler/altera_lite/15.1/nios2eds/bin/gnu/H-x86_64-pc-linux-gnu/bin/../lib/gcc/nios2-elf/4.9.2/../../../../../H-x86_64-pc-linux-gnu/nios2-elf/lib/mno-hw-mul/libsmallc.a(lib_a-int_errno.o)
 .debug_line    0x00000000000009aa       0x8d ../nios2_sw_bsp//libhal_bsp.a(alt_load.o)
 .debug_line    0x0000000000000a37       0xa4 ../nios2_sw_bsp//libhal_bsp.a(alt_main.o)
 .debug_line    0x0000000000000adb       0xb8 ../nios2_sw_bsp//libhal_bsp.a(alt_usleep.o)
 .debug_line    0x0000000000000b93      0x1f2 ../nios2_sw_bsp//libhal_bsp.a(alt_write.o)
 .debug_line    0x0000000000000d85      0x16d ../nios2_sw_bsp//libhal_bsp.a(alt_sys_init.o)
 .debug_line    0x0000000000000ef2      0x12f ../nios2_sw_bsp//libhal_bsp.a(altera_avalon_jtag_uart_fd.o)
 .debug_line    0x0000000000001021      0x180 ../nios2_sw_bsp//libhal_bsp.a(altera_avalon_jtag_uart_init.o)
 .debug_line    0x00000000000011a1      0x12e ../nios2_sw_bsp//libhal_bsp.a(altera_avalon_jtag_uart_ioctl.o)
 .debug_line    0x00000000000012cf      0x16a ../nios2_sw_bsp//libhal_bsp.a(altera_avalon_jtag_uart_read.o)
 .debug_line    0x0000000000001439      0x16a ../nios2_sw_bsp//libhal_bsp.a(altera_avalon_jtag_uart_write.o)
 .debug_line    0x00000000000015a3       0xee ../nios2_sw_bsp//libhal_bsp.a(altera_avalon_uart_fd.o)
 .debug_line    0x0000000000001691      0x18a ../nios2_sw_bsp//libhal_bsp.a(altera_avalon_uart_init.o)
 .debug_line    0x000000000000181b      0x17f ../nios2_sw_bsp//libhal_bsp.a(altera_avalon_uart_read.o)
 .debug_line    0x000000000000199a      0x166 ../nios2_sw_bsp//libhal_bsp.a(altera_avalon_uart_write.o)
 .debug_line    0x0000000000001b00       0xfa ../nios2_sw_bsp//libhal_bsp.a(alt_alarm_start.o)
 .debug_line    0x0000000000001bfa       0xa2 ../nios2_sw_bsp//libhal_bsp.a(alt_busy_sleep.o)
 .debug_line    0x0000000000001c9c      0x171 ../nios2_sw_bsp//libhal_bsp.a(alt_close.o)
 .debug_line    0x0000000000001e0d       0x51 ../nios2_sw_bsp//libhal_bsp.a(alt_dcache_flush_all.o)
 .debug_line    0x0000000000001e5e      0x103 ../nios2_sw_bsp//libhal_bsp.a(alt_dev.o)
 .debug_line    0x0000000000001f61       0xd0 ../nios2_sw_bsp//libhal_bsp.a(alt_dev_llist_insert.o)
 .debug_line    0x0000000000002031       0x59 ../nios2_sw_bsp//libhal_bsp.a(alt_do_ctors.o)
 .debug_line    0x000000000000208a       0x59 ../nios2_sw_bsp//libhal_bsp.a(alt_do_dtors.o)
 .debug_line    0x00000000000020e3       0x51 ../nios2_sw_bsp//libhal_bsp.a(alt_errno.o)
 .debug_line    0x0000000000002134       0x4f ../nios2_sw_bsp//libhal_bsp.a(alt_icache_flush_all.o)
 .debug_line    0x0000000000002183       0xef ../nios2_sw_bsp//libhal_bsp.a(alt_iic.o)
 .debug_line    0x0000000000002272       0xdb ../nios2_sw_bsp//libhal_bsp.a(alt_iic_isr_register.o)
 .debug_line    0x000000000000234d      0x140 ../nios2_sw_bsp//libhal_bsp.a(alt_io_redirect.o)
 .debug_line    0x000000000000248d       0x6b ../nios2_sw_bsp//libhal_bsp.a(alt_irq_entry.o)
 .debug_line    0x00000000000024f8       0xaa ../nios2_sw_bsp//libhal_bsp.a(alt_irq_handler.o)
 .debug_line    0x00000000000025a2       0x50 ../nios2_sw_bsp//libhal_bsp.a(alt_irq_vars.o)
 .debug_line    0x00000000000025f2      0x12d ../nios2_sw_bsp//libhal_bsp.a(alt_open.o)
 .debug_line    0x000000000000271f       0xb0 ../nios2_sw_bsp//libhal_bsp.a(alt_release_fd.o)
 .debug_line    0x00000000000027cf       0xfe ../nios2_sw_bsp//libhal_bsp.a(alt_tick.o)
 .debug_line    0x00000000000028cd       0x51 ../nios2_sw_bsp//libhal_bsp.a(altera_nios2_gen2_irq.o)
 .debug_line    0x000000000000291e       0xb3 ../nios2_sw_bsp//libhal_bsp.a(alt_exception_entry.o)
 .debug_line    0x00000000000029d1       0xb5 ../nios2_sw_bsp//libhal_bsp.a(alt_find_dev.o)
 .debug_line    0x0000000000002a86       0xd1 ../nios2_sw_bsp//libhal_bsp.a(alt_find_file.o)
 .debug_line    0x0000000000002b57       0xd8 ../nios2_sw_bsp//libhal_bsp.a(alt_get_fd.o)
 .debug_line    0x0000000000002c2f       0xb9 ../nios2_sw_bsp//libhal_bsp.a(alt_instruction_exception_entry.o)
 .debug_line    0x0000000000002ce8       0xe8 /home/tyler/altera_lite/15.1/nios2eds/bin/gnu/H-x86_64-pc-linux-gnu/bin/../lib/gcc/nios2-elf/4.9.2/../../../../../H-x86_64-pc-linux-gnu/nios2-elf/lib/mno-hw-mul/libsmallc.a(lib_a-atexit.o)
 .debug_line    0x0000000000002dd0      0x159 /home/tyler/altera_lite/15.1/nios2eds/bin/gnu/H-x86_64-pc-linux-gnu/bin/../lib/gcc/nios2-elf/4.9.2/../../../../../H-x86_64-pc-linux-gnu/nios2-elf/lib/mno-hw-mul/libsmallc.a(lib_a-exit.o)
 .debug_line    0x0000000000002f29      0x160 /home/tyler/altera_lite/15.1/nios2eds/bin/gnu/H-x86_64-pc-linux-gnu/bin/../lib/gcc/nios2-elf/4.9.2/../../../../../H-x86_64-pc-linux-gnu/nios2-elf/lib/mno-hw-mul/libsmallc.a(lib_a-memcmp.o)
 .debug_line    0x0000000000003089      0x15e /home/tyler/altera_lite/15.1/nios2eds/bin/gnu/H-x86_64-pc-linux-gnu/bin/../lib/gcc/nios2-elf/4.9.2/../../../../../H-x86_64-pc-linux-gnu/nios2-elf/lib/mno-hw-mul/libsmallc.a(lib_a-memcpy.o)
 .debug_line    0x00000000000031e7      0x213 /home/tyler/altera_lite/15.1/nios2eds/bin/gnu/H-x86_64-pc-linux-gnu/bin/../lib/gcc/nios2-elf/4.9.2/../../../../../H-x86_64-pc-linux-gnu/nios2-elf/lib/mno-hw-mul/libsmallc.a(lib_a-__atexit.o)
 .debug_line    0x00000000000033fa      0x24f /home/tyler/altera_lite/15.1/nios2eds/bin/gnu/H-x86_64-pc-linux-gnu/bin/../lib/gcc/nios2-elf/4.9.2/../../../../../H-x86_64-pc-linux-gnu/nios2-elf/lib/mno-hw-mul/libsmallc.a(lib_a-__call_atexit.o)
 .debug_line    0x0000000000003649       0xc7 /home/tyler/altera_lite/15.1/nios2eds/bin/gnu/H-x86_64-pc-linux-gnu/bin/../lib/gcc/nios2-elf/4.9.2/mno-hw-mul/libgcc.a(lib2-divmod.o)
 .debug_line    0x0000000000003710       0x80 /home/tyler/altera_lite/15.1/nios2eds/bin/gnu/H-x86_64-pc-linux-gnu/bin/../lib/gcc/nios2-elf/4.9.2/mno-hw-mul/libgcc.a(lib2-mul.o)
 .debug_line    0x0000000000003790       0x71 ../nios2_sw_bsp//libhal_bsp.a(alt_exit.o)

.debug_frame    0x0000000000000000      0xecc
 *(.debug_frame)
 .debug_frame   0x0000000000000000       0x2c obj/default/hello_world.o
 .debug_frame   0x000000000000002c       0x48 /home/tyler/altera_lite/15.1/nios2eds/bin/gnu/H-x86_64-pc-linux-gnu/bin/../lib/gcc/nios2-elf/4.9.2/../../../../../H-x86_64-pc-linux-gnu/nios2-elf/lib/mno-hw-mul/libsmallc.a(lib_a-puts.o)
 .debug_frame   0x0000000000000074       0x20 /home/tyler/altera_lite/15.1/nios2eds/bin/gnu/H-x86_64-pc-linux-gnu/bin/../lib/gcc/nios2-elf/4.9.2/../../../../../H-x86_64-pc-linux-gnu/nios2-elf/lib/mno-hw-mul/libsmallc.a(lib_a-strlen.o)
 .debug_frame   0x0000000000000094       0x40 /home/tyler/altera_lite/15.1/nios2eds/bin/gnu/H-x86_64-pc-linux-gnu/bin/../lib/gcc/nios2-elf/4.9.2/../../../../../H-x86_64-pc-linux-gnu/nios2-elf/lib/mno-hw-mul/libsmallc.a(lib_a-fvwrite_small_dev.o)
 .debug_frame   0x00000000000000d4       0x38 /home/tyler/altera_lite/15.1/nios2eds/bin/gnu/H-x86_64-pc-linux-gnu/bin/../lib/gcc/nios2-elf/4.9.2/../../../../../H-x86_64-pc-linux-gnu/nios2-elf/lib/mno-hw-mul/libsmallc.a(lib_a-writer.o)
 .debug_frame   0x000000000000010c       0x5c ../nios2_sw_bsp//libhal_bsp.a(alt_load.o)
 .debug_frame   0x0000000000000168       0x2c ../nios2_sw_bsp//libhal_bsp.a(alt_main.o)
 .debug_frame   0x0000000000000194       0x38 ../nios2_sw_bsp//libhal_bsp.a(alt_usleep.o)
 .debug_frame   0x00000000000001cc       0x60 ../nios2_sw_bsp//libhal_bsp.a(alt_write.o)
 .debug_frame   0x000000000000022c       0x88 ../nios2_sw_bsp//libhal_bsp.a(alt_sys_init.o)
 .debug_frame   0x00000000000002b4       0xb0 ../nios2_sw_bsp//libhal_bsp.a(altera_avalon_jtag_uart_fd.o)
 .debug_frame   0x0000000000000364       0xa4 ../nios2_sw_bsp//libhal_bsp.a(altera_avalon_jtag_uart_init.o)
 .debug_frame   0x0000000000000408       0x34 ../nios2_sw_bsp//libhal_bsp.a(altera_avalon_jtag_uart_ioctl.o)
 .debug_frame   0x000000000000043c       0x38 ../nios2_sw_bsp//libhal_bsp.a(altera_avalon_jtag_uart_read.o)
 .debug_frame   0x0000000000000474       0x38 ../nios2_sw_bsp//libhal_bsp.a(altera_avalon_jtag_uart_write.o)
 .debug_frame   0x00000000000004ac       0x88 ../nios2_sw_bsp//libhal_bsp.a(altera_avalon_uart_fd.o)
 .debug_frame   0x0000000000000534       0xcc ../nios2_sw_bsp//libhal_bsp.a(altera_avalon_uart_init.o)
 .debug_frame   0x0000000000000600       0x60 ../nios2_sw_bsp//libhal_bsp.a(altera_avalon_uart_read.o)
 .debug_frame   0x0000000000000660       0x60 ../nios2_sw_bsp//libhal_bsp.a(altera_avalon_uart_write.o)
 .debug_frame   0x00000000000006c0       0x34 ../nios2_sw_bsp//libhal_bsp.a(alt_alarm_start.o)
 .debug_frame   0x00000000000006f4       0x38 ../nios2_sw_bsp//libhal_bsp.a(alt_busy_sleep.o)
 .debug_frame   0x000000000000072c       0x60 ../nios2_sw_bsp//libhal_bsp.a(alt_close.o)
 .debug_frame   0x000000000000078c       0x34 ../nios2_sw_bsp//libhal_bsp.a(alt_dcache_flush_all.o)
 .debug_frame   0x00000000000007c0       0x34 ../nios2_sw_bsp//libhal_bsp.a(alt_dev.o)
 .debug_frame   0x00000000000007f4       0x60 ../nios2_sw_bsp//libhal_bsp.a(alt_dev_llist_insert.o)
 .debug_frame   0x0000000000000854       0x38 ../nios2_sw_bsp//libhal_bsp.a(alt_do_ctors.o)
 .debug_frame   0x000000000000088c       0x38 ../nios2_sw_bsp//libhal_bsp.a(alt_do_dtors.o)
 .debug_frame   0x00000000000008c4       0x34 ../nios2_sw_bsp//libhal_bsp.a(alt_icache_flush_all.o)
 .debug_frame   0x00000000000008f8       0xa4 ../nios2_sw_bsp//libhal_bsp.a(alt_iic.o)
 .debug_frame   0x000000000000099c       0x38 ../nios2_sw_bsp//libhal_bsp.a(alt_iic_isr_register.o)
 .debug_frame   0x00000000000009d4       0x64 ../nios2_sw_bsp//libhal_bsp.a(alt_io_redirect.o)
 .debug_frame   0x0000000000000a38       0x38 ../nios2_sw_bsp//libhal_bsp.a(alt_irq_handler.o)
 .debug_frame   0x0000000000000a70       0x8c ../nios2_sw_bsp//libhal_bsp.a(alt_open.o)
 .debug_frame   0x0000000000000afc       0x3c ../nios2_sw_bsp//libhal_bsp.a(alt_release_fd.o)
 .debug_frame   0x0000000000000b38       0x5c ../nios2_sw_bsp//libhal_bsp.a(alt_tick.o)
 .debug_frame   0x0000000000000b94       0x34 ../nios2_sw_bsp//libhal_bsp.a(altera_nios2_gen2_irq.o)
 .debug_frame   0x0000000000000bc8       0x38 ../nios2_sw_bsp//libhal_bsp.a(alt_find_dev.o)
 .debug_frame   0x0000000000000c00       0x38 ../nios2_sw_bsp//libhal_bsp.a(alt_find_file.o)
 .debug_frame   0x0000000000000c38       0x3c ../nios2_sw_bsp//libhal_bsp.a(alt_get_fd.o)
 .debug_frame   0x0000000000000c74       0x5c ../nios2_sw_bsp//libhal_bsp.a(alt_instruction_exception_entry.o)
 .debug_frame   0x0000000000000cd0       0x20 /home/tyler/altera_lite/15.1/nios2eds/bin/gnu/H-x86_64-pc-linux-gnu/bin/../lib/gcc/nios2-elf/4.9.2/../../../../../H-x86_64-pc-linux-gnu/nios2-elf/lib/mno-hw-mul/libsmallc.a(lib_a-atexit.o)
 .debug_frame   0x0000000000000cf0       0x28 /home/tyler/altera_lite/15.1/nios2eds/bin/gnu/H-x86_64-pc-linux-gnu/bin/../lib/gcc/nios2-elf/4.9.2/../../../../../H-x86_64-pc-linux-gnu/nios2-elf/lib/mno-hw-mul/libsmallc.a(lib_a-exit.o)
 .debug_frame   0x0000000000000d18       0x20 /home/tyler/altera_lite/15.1/nios2eds/bin/gnu/H-x86_64-pc-linux-gnu/bin/../lib/gcc/nios2-elf/4.9.2/../../../../../H-x86_64-pc-linux-gnu/nios2-elf/lib/mno-hw-mul/libsmallc.a(lib_a-memcmp.o)
 .debug_frame   0x0000000000000d38       0x20 /home/tyler/altera_lite/15.1/nios2eds/bin/gnu/H-x86_64-pc-linux-gnu/bin/../lib/gcc/nios2-elf/4.9.2/../../../../../H-x86_64-pc-linux-gnu/nios2-elf/lib/mno-hw-mul/libsmallc.a(lib_a-memcpy.o)
 .debug_frame   0x0000000000000d58       0x48 /home/tyler/altera_lite/15.1/nios2eds/bin/gnu/H-x86_64-pc-linux-gnu/bin/../lib/gcc/nios2-elf/4.9.2/../../../../../H-x86_64-pc-linux-gnu/nios2-elf/lib/mno-hw-mul/libsmallc.a(lib_a-__atexit.o)
 .debug_frame   0x0000000000000da0       0x54 /home/tyler/altera_lite/15.1/nios2eds/bin/gnu/H-x86_64-pc-linux-gnu/bin/../lib/gcc/nios2-elf/4.9.2/../../../../../H-x86_64-pc-linux-gnu/nios2-elf/lib/mno-hw-mul/libsmallc.a(lib_a-__call_atexit.o)
 .debug_frame   0x0000000000000df4       0x8c /home/tyler/altera_lite/15.1/nios2eds/bin/gnu/H-x86_64-pc-linux-gnu/bin/../lib/gcc/nios2-elf/4.9.2/mno-hw-mul/libgcc.a(lib2-divmod.o)
 .debug_frame   0x0000000000000e80       0x20 /home/tyler/altera_lite/15.1/nios2eds/bin/gnu/H-x86_64-pc-linux-gnu/bin/../lib/gcc/nios2-elf/4.9.2/mno-hw-mul/libgcc.a(lib2-mul.o)
 .debug_frame   0x0000000000000ea0       0x2c ../nios2_sw_bsp//libhal_bsp.a(alt_exit.o)

.debug_str      0x0000000000000000     0x1f24
 *(.debug_str)
 .debug_str     0x0000000000000000       0xcf obj/default/hello_world.o
                                        0x10d (size before relaxing)
 .debug_str     0x00000000000000cf      0x3ea /home/tyler/altera_lite/15.1/nios2eds/bin/gnu/H-x86_64-pc-linux-gnu/bin/../lib/gcc/nios2-elf/4.9.2/../../../../../H-x86_64-pc-linux-gnu/nios2-elf/lib/mno-hw-mul/libsmallc.a(lib_a-puts.o)
                                        0x4c0 (size before relaxing)
 .debug_str     0x00000000000004b9       0xd3 /home/tyler/altera_lite/15.1/nios2eds/bin/gnu/H-x86_64-pc-linux-gnu/bin/../lib/gcc/nios2-elf/4.9.2/../../../../../H-x86_64-pc-linux-gnu/nios2-elf/lib/mno-hw-mul/libsmallc.a(lib_a-strlen.o)
                                        0x1d8 (size before relaxing)
 .debug_str     0x000000000000058c       0x6c /home/tyler/altera_lite/15.1/nios2eds/bin/gnu/H-x86_64-pc-linux-gnu/bin/../lib/gcc/nios2-elf/4.9.2/../../../../../H-x86_64-pc-linux-gnu/nios2-elf/lib/mno-hw-mul/libsmallc.a(lib_a-fvwrite_small_dev.o)
                                        0x4d7 (size before relaxing)
 .debug_str     0x00000000000005f8       0xf0 /home/tyler/altera_lite/15.1/nios2eds/bin/gnu/H-x86_64-pc-linux-gnu/bin/../lib/gcc/nios2-elf/4.9.2/../../../../../H-x86_64-pc-linux-gnu/nios2-elf/lib/mno-hw-mul/libsmallc.a(lib_a-impure.o)
                                        0x4b1 (size before relaxing)
 .debug_str     0x00000000000006e8       0x3c /home/tyler/altera_lite/15.1/nios2eds/bin/gnu/H-x86_64-pc-linux-gnu/bin/../lib/gcc/nios2-elf/4.9.2/../../../../../H-x86_64-pc-linux-gnu/nios2-elf/lib/mno-hw-mul/libsmallc.a(lib_a-writer.o)
                                        0x4ab (size before relaxing)
 .debug_str     0x0000000000000724       0x3f /home/tyler/altera_lite/15.1/nios2eds/bin/gnu/H-x86_64-pc-linux-gnu/bin/../lib/gcc/nios2-elf/4.9.2/../../../../../H-x86_64-pc-linux-gnu/nios2-elf/lib/mno-hw-mul/libsmallc.a(lib_a-int_errno.o)
                                        0x1cb (size before relaxing)
 .debug_str     0x0000000000000763      0x125 ../nios2_sw_bsp//libhal_bsp.a(alt_load.o)
                                        0x1ef (size before relaxing)
 .debug_str     0x0000000000000888       0x70 ../nios2_sw_bsp//libhal_bsp.a(alt_main.o)
                                        0x17a (size before relaxing)
 .debug_str     0x00000000000008f8       0x27 ../nios2_sw_bsp//libhal_bsp.a(alt_usleep.o)
                                        0x125 (size before relaxing)
 .debug_str     0x000000000000091f      0x15a ../nios2_sw_bsp//libhal_bsp.a(alt_write.o)
                                        0x2d5 (size before relaxing)
 .debug_str     0x0000000000000a79      0x1e3 ../nios2_sw_bsp//libhal_bsp.a(alt_sys_init.o)
                                        0x3cb (size before relaxing)
 .debug_str     0x0000000000000c5c       0xb9 ../nios2_sw_bsp//libhal_bsp.a(altera_avalon_jtag_uart_fd.o)
                                        0x381 (size before relaxing)
 .debug_str     0x0000000000000d15       0xd1 ../nios2_sw_bsp//libhal_bsp.a(altera_avalon_jtag_uart_init.o)
                                        0x315 (size before relaxing)
 .debug_str     0x0000000000000de6       0x4a ../nios2_sw_bsp//libhal_bsp.a(altera_avalon_jtag_uart_ioctl.o)
                                        0x270 (size before relaxing)
 .debug_str     0x0000000000000e30       0x7f ../nios2_sw_bsp//libhal_bsp.a(altera_avalon_jtag_uart_read.o)
                                        0x2c5 (size before relaxing)
 .debug_str     0x0000000000000eaf       0x4a ../nios2_sw_bsp//libhal_bsp.a(altera_avalon_jtag_uart_write.o)
                                        0x2c6 (size before relaxing)
 .debug_str     0x0000000000000ef9       0x77 ../nios2_sw_bsp//libhal_bsp.a(altera_avalon_uart_fd.o)
                                        0x2d2 (size before relaxing)
 .debug_str     0x0000000000000f70       0xa7 ../nios2_sw_bsp//libhal_bsp.a(altera_avalon_uart_init.o)
                                        0x294 (size before relaxing)
 .debug_str     0x0000000000001017       0x4f ../nios2_sw_bsp//libhal_bsp.a(altera_avalon_uart_read.o)
                                        0x275 (size before relaxing)
 .debug_str     0x0000000000001066       0x49 ../nios2_sw_bsp//libhal_bsp.a(altera_avalon_uart_write.o)
                                        0x269 (size before relaxing)
 .debug_str     0x00000000000010af       0x59 ../nios2_sw_bsp//libhal_bsp.a(alt_alarm_start.o)
                                        0x25b (size before relaxing)
 .debug_str     0x0000000000001108       0x42 ../nios2_sw_bsp//libhal_bsp.a(alt_busy_sleep.o)
                                        0x148 (size before relaxing)
 .debug_str     0x000000000000114a       0x1b ../nios2_sw_bsp//libhal_bsp.a(alt_close.o)
                                        0x1e8 (size before relaxing)
 .debug_str     0x0000000000001165       0x34 ../nios2_sw_bsp//libhal_bsp.a(alt_dcache_flush_all.o)
                                        0x132 (size before relaxing)
 .debug_str     0x0000000000001199       0x50 ../nios2_sw_bsp//libhal_bsp.a(alt_dev.o)
                                        0x2e2 (size before relaxing)
 .debug_str     0x00000000000011e9       0x34 ../nios2_sw_bsp//libhal_bsp.a(alt_dev_llist_insert.o)
                                        0x1a9 (size before relaxing)
 .debug_str     0x000000000000121d       0x48 ../nios2_sw_bsp//libhal_bsp.a(alt_do_ctors.o)
                                         0xb9 (size before relaxing)
 .debug_str     0x0000000000001265       0x4c ../nios2_sw_bsp//libhal_bsp.a(alt_do_dtors.o)
                                         0xb8 (size before relaxing)
 .debug_str     0x00000000000012b1       0x14 ../nios2_sw_bsp//libhal_bsp.a(alt_errno.o)
                                        0x122 (size before relaxing)
 .debug_str     0x00000000000012c5       0x34 ../nios2_sw_bsp//libhal_bsp.a(alt_icache_flush_all.o)
                                        0x132 (size before relaxing)
 .debug_str     0x00000000000012f9       0xbd ../nios2_sw_bsp//libhal_bsp.a(alt_iic.o)
                                        0x21b (size before relaxing)
 .debug_str     0x00000000000013b6       0x4c ../nios2_sw_bsp//libhal_bsp.a(alt_iic_isr_register.o)
                                        0x1c5 (size before relaxing)
 .debug_str     0x0000000000001402       0x56 ../nios2_sw_bsp//libhal_bsp.a(alt_io_redirect.o)
                                        0x2f3 (size before relaxing)
 .debug_str     0x0000000000001458       0x3a ../nios2_sw_bsp//libhal_bsp.a(alt_irq_handler.o)
                                        0x174 (size before relaxing)
 .debug_str     0x0000000000001492       0x17 ../nios2_sw_bsp//libhal_bsp.a(alt_irq_vars.o)
                                        0x123 (size before relaxing)
 .debug_str     0x00000000000014a9       0x2f ../nios2_sw_bsp//libhal_bsp.a(alt_open.o)
                                        0x228 (size before relaxing)
 .debug_str     0x00000000000014d8       0x28 ../nios2_sw_bsp//libhal_bsp.a(alt_release_fd.o)
                                        0x1bc (size before relaxing)
 .debug_str     0x0000000000001500       0x4a ../nios2_sw_bsp//libhal_bsp.a(alt_tick.o)
                                        0x22f (size before relaxing)
 .debug_str     0x000000000000154a       0x3b ../nios2_sw_bsp//libhal_bsp.a(altera_nios2_gen2_irq.o)
                                        0x139 (size before relaxing)
 .debug_str     0x0000000000001585       0x24 ../nios2_sw_bsp//libhal_bsp.a(alt_find_dev.o)
                                        0x1c9 (size before relaxing)
 .debug_str     0x00000000000015a9       0x26 ../nios2_sw_bsp//libhal_bsp.a(alt_find_file.o)
                                        0x1d7 (size before relaxing)
 .debug_str     0x00000000000015cf       0x30 ../nios2_sw_bsp//libhal_bsp.a(alt_get_fd.o)
                                        0x1f9 (size before relaxing)
 .debug_str     0x00000000000015ff      0x48b ../nios2_sw_bsp//libhal_bsp.a(alt_instruction_exception_entry.o)
                                        0x57c (size before relaxing)
 .debug_str     0x0000000000001a8a      0x117 /home/tyler/altera_lite/15.1/nios2eds/bin/gnu/H-x86_64-pc-linux-gnu/bin/../lib/gcc/nios2-elf/4.9.2/../../../../../H-x86_64-pc-linux-gnu/nios2-elf/lib/mno-hw-mul/libsmallc.a(lib_a-atexit.o)
                                        0x20f (size before relaxing)