Archive member included to satisfy reference by file (symbol)

/home/tyler/altera_lite/15.1/nios2eds/bin/gnu/H-x86_64-pc-linux-gnu/bin/../lib/gcc/nios2-elf/4.9.2/mno-hw-mul/libgcc.a(lib2-mul.o)
                              obj/default/tmc_temperature_readout_main.o (__mulsi3)
/home/tyler/altera_lite/15.1/nios2eds/bin/gnu/H-x86_64-pc-linux-gnu/bin/../lib/gcc/nios2-elf/4.9.2/../../../../../H-x86_64-pc-linux-gnu/nios2-elf/lib/mno-hw-mul/libsmallc.a(lib_a-printf.o)
                              obj/default/tmc_temperature_readout_main.o (printf)
/home/tyler/altera_lite/15.1/nios2eds/bin/gnu/H-x86_64-pc-linux-gnu/bin/../lib/gcc/nios2-elf/4.9.2/../../../../../H-x86_64-pc-linux-gnu/nios2-elf/lib/mno-hw-mul/libsmallc.a(lib_a-putchar.o)
                              obj/default/tmc_temperature_readout_main.o (putchar)
/home/tyler/altera_lite/15.1/nios2eds/bin/gnu/H-x86_64-pc-linux-gnu/bin/../lib/gcc/nios2-elf/4.9.2/../../../../../H-x86_64-pc-linux-gnu/nios2-elf/lib/mno-hw-mul/libsmallc.a(lib_a-puts.o)
                              obj/default/tmc_temperature_readout_main.o (puts)
/home/tyler/altera_lite/15.1/nios2eds/bin/gnu/H-x86_64-pc-linux-gnu/bin/../lib/gcc/nios2-elf/4.9.2/../../../../../H-x86_64-pc-linux-gnu/nios2-elf/lib/mno-hw-mul/libsmallc.a(lib_a-strlen.o)
                              /home/tyler/altera_lite/15.1/nios2eds/bin/gnu/H-x86_64-pc-linux-gnu/bin/../lib/gcc/nios2-elf/4.9.2/../../../../../H-x86_64-pc-linux-gnu/nios2-elf/lib/mno-hw-mul/libsmallc.a(lib_a-puts.o) (strlen)
/home/tyler/altera_lite/15.1/nios2eds/bin/gnu/H-x86_64-pc-linux-gnu/bin/../lib/gcc/nios2-elf/4.9.2/../../../../../H-x86_64-pc-linux-gnu/nios2-elf/lib/mno-hw-mul/libsmallc.a(lib_a-vfprintf.o)
                              /home/tyler/altera_lite/15.1/nios2eds/bin/gnu/H-x86_64-pc-linux-gnu/bin/../lib/gcc/nios2-elf/4.9.2/../../../../../H-x86_64-pc-linux-gnu/nios2-elf/lib/mno-hw-mul/libsmallc.a(lib_a-printf.o) (___vfprintf_internal_r)
/home/tyler/altera_lite/15.1/nios2eds/bin/gnu/H-x86_64-pc-linux-gnu/bin/../lib/gcc/nios2-elf/4.9.2/../../../../../H-x86_64-pc-linux-gnu/nios2-elf/lib/mno-hw-mul/libsmallc.a(lib_a-fvwrite_small_dev.o)
                              /home/tyler/altera_lite/15.1/nios2eds/bin/gnu/H-x86_64-pc-linux-gnu/bin/../lib/gcc/nios2-elf/4.9.2/../../../../../H-x86_64-pc-linux-gnu/nios2-elf/lib/mno-hw-mul/libsmallc.a(lib_a-printf.o) (__sfvwrite_small_dev)
/home/tyler/altera_lite/15.1/nios2eds/bin/gnu/H-x86_64-pc-linux-gnu/bin/../lib/gcc/nios2-elf/4.9.2/../../../../../H-x86_64-pc-linux-gnu/nios2-elf/lib/mno-hw-mul/libsmallc.a(lib_a-impure.o)
                              /home/tyler/altera_lite/15.1/nios2eds/bin/gnu/H-x86_64-pc-linux-gnu/bin/../lib/gcc/nios2-elf/4.9.2/../../../../../H-x86_64-pc-linux-gnu/nios2-elf/lib/mno-hw-mul/libsmallc.a(lib_a-printf.o) (_impure_ptr)
/home/tyler/altera_lite/15.1/nios2eds/bin/gnu/H-x86_64-pc-linux-gnu/bin/../lib/gcc/nios2-elf/4.9.2/../../../../../H-x86_64-pc-linux-gnu/nios2-elf/lib/mno-hw-mul/libsmallc.a(lib_a-putc.o)
                              /home/tyler/altera_lite/15.1/nios2eds/bin/gnu/H-x86_64-pc-linux-gnu/bin/../lib/gcc/nios2-elf/4.9.2/../../../../../H-x86_64-pc-linux-gnu/nios2-elf/lib/mno-hw-mul/libsmallc.a(lib_a-putchar.o) (_putc_r)
/home/tyler/altera_lite/15.1/nios2eds/bin/gnu/H-x86_64-pc-linux-gnu/bin/../lib/gcc/nios2-elf/4.9.2/../../../../../H-x86_64-pc-linux-gnu/nios2-elf/lib/mno-hw-mul/libsmallc.a(lib_a-writer.o)
                              /home/tyler/altera_lite/15.1/nios2eds/bin/gnu/H-x86_64-pc-linux-gnu/bin/../lib/gcc/nios2-elf/4.9.2/../../../../../H-x86_64-pc-linux-gnu/nios2-elf/lib/mno-hw-mul/libsmallc.a(lib_a-fvwrite_small_dev.o) (_write_r)
/home/tyler/altera_lite/15.1/nios2eds/bin/gnu/H-x86_64-pc-linux-gnu/bin/../lib/gcc/nios2-elf/4.9.2/../../../../../H-x86_64-pc-linux-gnu/nios2-elf/lib/mno-hw-mul/libsmallc.a(lib_a-int_errno.o)
                              /home/tyler/altera_lite/15.1/nios2eds/bin/gnu/H-x86_64-pc-linux-gnu/bin/../lib/gcc/nios2-elf/4.9.2/../../../../../H-x86_64-pc-linux-gnu/nios2-elf/lib/mno-hw-mul/libsmallc.a(lib_a-writer.o) (errno)
/home/tyler/altera_lite/15.1/nios2eds/bin/gnu/H-x86_64-pc-linux-gnu/bin/../lib/gcc/nios2-elf/4.9.2/mno-hw-mul/libgcc.a(lib2-divmod.o)
                              /home/tyler/altera_lite/15.1/nios2eds/bin/gnu/H-x86_64-pc-linux-gnu/bin/../lib/gcc/nios2-elf/4.9.2/../../../../../H-x86_64-pc-linux-gnu/nios2-elf/lib/mno-hw-mul/libsmallc.a(lib_a-vfprintf.o) (__udivsi3)
../nios2_sw_bsp//libhal_bsp.a(alt_fcntl.o)
                              obj/default/tmc_temperature_readout_main.o (fcntl)
../nios2_sw_bsp//libhal_bsp.a(alt_iic.o)
                              obj/default/tmc_temperature_readout_main.o (alt_ic_isr_register)
../nios2_sw_bsp//libhal_bsp.a(alt_iic_isr_register.o)
                              ../nios2_sw_bsp//libhal_bsp.a(alt_iic.o) (alt_iic_isr_register)
../nios2_sw_bsp//libhal_bsp.a(alt_irq_entry.o)
                              ../nios2_sw_bsp//libhal_bsp.a(alt_iic_isr_register.o) (alt_irq_entry)
[...]
Memory Configuration

Name             Origin             Length             Attributes
onchip_memory2_0_BEFORE_EXCEPTION 0x0000000000000000 0x0000000000000020
onchip_memory2_0 0x0000000000000020 0x0000000000007fe0
reset            0x0000000000080000 0x0000000000000020
onchip_flash_0_data 0x0000000000080020 0x000000000001c7e0
*default*        0x0000000000000000 0xffffffffffffffff

Linker script and memory map

LOAD ../nios2_sw_bsp//obj/HAL/src/crt0.o
LOAD obj/default/tmc_temperature_readout_main.o
LOAD /home/tyler/altera_lite/15.1/nios2eds/bin/gnu/H-x86_64-pc-linux-gnu/bin/../lib/gcc/nios2-elf/4.9.2/../../../../../H-x86_64-pc-linux-gnu/nios2-elf/lib/mno-hw-mul/libstdc++.a
LOAD /home/tyler/altera_lite/15.1/nios2eds/bin/gnu/H-x86_64-pc-linux-gnu/bin/../lib/gcc/nios2-elf/4.9.2/../../../../../H-x86_64-pc-linux-gnu/nios2-elf/lib/mno-hw-mul/libm.a
LOAD /home/tyler/altera_lite/15.1/nios2eds/bin/gnu/H-x86_64-pc-linux-gnu/bin/../lib/gcc/nios2-elf/4.9.2/mno-hw-mul/libgcc.a
START GROUP
LOAD /home/tyler/altera_lite/15.1/nios2eds/bin/gnu/H-x86_64-pc-linux-gnu/bin/../lib/gcc/nios2-elf/4.9.2/../../../../../H-x86_64-pc-linux-gnu/nios2-elf/lib/mno-hw-mul/libsmallc.a
LOAD /home/tyler/altera_lite/15.1/nios2eds/bin/gnu/H-x86_64-pc-linux-gnu/bin/../lib/gcc/nios2-elf/4.9.2/mno-hw-mul/libgcc.a
LOAD ../nios2_sw_bsp//libhal_bsp.a
LOAD /home/tyler/altera_lite/15.1/nios2eds/bin/gnu/H-x86_64-pc-linux-gnu/bin/../lib/gcc/nios2-elf/4.9.2/../../../../../H-x86_64-pc-linux-gnu/nios2-elf/lib/mno-hw-mul/libm.a
END GROUP
LOAD /home/tyler/altera_lite/15.1/nios2eds/bin/gnu/H-x86_64-pc-linux-gnu/bin/../lib/gcc/nios2-elf/4.9.2/mno-hw-mul/libgcc.a
                0x0000000000000000                __alt_mem_onchip_memory2_0 = 0x0
                0x0000000000080000                __alt_mem_onchip_flash_0_data = 0x80000

.entry          0x0000000000080000        0x0
 *(.entry)
 .entry         0x0000000000080000        0x0 ../nios2_sw_bsp//obj/HAL/src/crt0.o
                0x0000000000080000                __reset

.exceptions     0x0000000000000020      0x20c
                0x0000000000000020                PROVIDE (__ram_exceptions_start, ABSOLUTE (.))
                0x0000000000000020                . = ALIGN (0x20)
 *(.irq)
 *(.exceptions.entry.label)
 .exceptions.entry.label
                0x0000000000000020        0x0 ../nios2_sw_bsp//libhal_bsp.a(alt_irq_entry.o)
                0x0000000000000020                alt_irq_entry
 .exceptions.entry.label
                0x0000000000000020        0x0 ../nios2_sw_bsp//libhal_bsp.a(alt_exception_entry.o)
                0x0000000000000020                alt_exception
 *(.exceptions.entry.user)
 *(.exceptions.entry.ecc_fatal)
 *(.exceptions.entry)
 .exceptions.entry
                0x0000000000000020       0x54 ../nios2_sw_bsp//libhal_bsp.a(alt_exception_entry.o)
 *(.exceptions.irqtest.user)
 *(.exceptions.irqtest)
 .exceptions.irqtest
                0x0000000000000074       0x10 ../nios2_sw_bsp//libhal_bsp.a(alt_irq_entry.o)
 *(.exceptions.irqhandler.user)
 *(.exceptions.irqhandler)
 .exceptions.irqhandler
                0x0000000000000084        0x4 ../nios2_sw_bsp//libhal_bsp.a(alt_irq_entry.o)
 *(.exceptions.irqreturn.user)
 *(.exceptions.irqreturn)
 .exceptions.irqreturn
                0x0000000000000088        0x4 ../nios2_sw_bsp//libhal_bsp.a(alt_irq_entry.o)
 *(.exceptions.notirq.label)
 .exceptions.notirq.label
                0x000000000000008c        0x0 ../nios2_sw_bsp//libhal_bsp.a(alt_irq_entry.o)
 *(.exceptions.notirq.user)
 *(.exceptions.notirq)
 .exceptions.notirq
                0x000000000000008c        0x8 ../nios2_sw_bsp//libhal_bsp.a(alt_exception_entry.o)
 *(.exceptions.soft.user)
 *(.exceptions.soft)
 *(.exceptions.unknown.user)
 *(.exceptions.unknown)
 .exceptions.unknown
                0x0000000000000094       0x14 ../nios2_sw_bsp//libhal_bsp.a(alt_exception_entry.o)
 *(.exceptions.exit.label)
 .exceptions.exit.label
                0x00000000000000a8        0x0 ../nios2_sw_bsp//libhal_bsp.a(alt_irq_entry.o)
 .exceptions.exit.label
                0x00000000000000a8        0x0 ../nios2_sw_bsp//libhal_bsp.a(alt_exception_entry.o)
 *(.exceptions.exit.user)
 *(.exceptions.exit)
 .exceptions.exit
                0x00000000000000a8       0x54 ../nios2_sw_bsp//libhal_bsp.a(alt_exception_entry.o)
 *(.exceptions)
 .exceptions    0x00000000000000fc       0xd0 ../nios2_sw_bsp//libhal_bsp.a(alt_irq_handler.o)
                0x00000000000000fc                alt_irq_handler
 .exceptions    0x00000000000001cc       0x60 ../nios2_sw_bsp//libhal_bsp.a(alt_instruction_exception_entry.o)
                0x00000000000001cc                alt_instruction_exception_entry
                0x000000000000022c                PROVIDE (__ram_exceptions_end, ABSOLUTE (.))
                0x0000000000000020                PROVIDE (__flash_exceptions_start, LOADADDR (.exceptions))

.text           0x000000000000022c     0x59bc
                0x000000000000022c                PROVIDE (stext, ABSOLUTE (.))
 *(.interp)
 *(.hash)
 *(.dynsym)
 *(.dynstr)
 *(.gnu.version)
 *(.gnu.version_d)
 *(.gnu.version_r)
 *(.rel.init)
 *(.rela.init)
 *(.rel.text .rel.text.* .rel.gnu.linkonce.t.*)
 *(.rela.text .rela.text.* .rela.gnu.linkonce.t.*)
 *(.rel.fini)
 *(.rela.fini)
 *(.rel.rodata .rel.rodata.* .rel.gnu.linkonce.r.*)
 *(.rela.rodata .rela.rodata.* .rela.gnu.linkonce.r.*)
 *(.rel.data .rel.data.* .rel.gnu.linkonce.d.*)
 *(.rela.data .rela.data.* .rela.gnu.linkonce.d.*)
 *(.rel.tdata .rel.tdata.* .rel.gnu.linkonce.td.*)
 *(.rela.tdata .rela.tdata.* .rela.gnu.linkonce.td.*)
 *(.rel.tbss .rel.tbss.* .rel.gnu.linkonce.tb.*)
 *(.rela.tbss .rela.tbss.* .rela.gnu.linkonce.tb.*)
 *(.rel.ctors)
 *(.rela.ctors)
 *(.rel.dtors)
 *(.rela.dtors)
 *(.rel.got)
 *(.rela.got)
 *(.rel.sdata .rel.sdata.* .rel.gnu.linkonce.s.*)
 *(.rela.sdata .rela.sdata.* .rela.gnu.linkonce.s.*)
 *(.rel.sbss .rel.sbss.* .rel.gnu.linkonce.sb.*)
 *(.rela.sbss .rela.sbss.* .rela.gnu.linkonce.sb.*)
 *(.rel.sdata2 .rel.sdata2.* .rel.gnu.linkonce.s2.*)
 *(.rela.sdata2 .rela.sdata2.* .rela.gnu.linkonce.s2.*)
 *(.rel.sbss2 .rel.sbss2.* .rel.gnu.linkonce.sb2.*)
 *(.rela.sbss2 .rela.sbss2.* .rela.gnu.linkonce.sb2.*)
 *(.rel.bss .rel.bss.* .rel.gnu.linkonce.b.*)
 *(.rela.bss .rela.bss.* .rela.gnu.linkonce.b.*)
 *(.rel.plt)
 *(.rela.plt)
 *(.rel.dyn)
 *(.init)
 *(.plt)
 *(.text .stub .text.* .gnu.linkonce.t.*)
 .text          0x000000000000022c       0x38 ../nios2_sw_bsp//obj/HAL/src/crt0.o
                0x000000000000022c                _start
 .text          0x0000000000000264      0xedc obj/default/tmc_temperature_readout_main.o
                0x000000000000029c                ad7124_write_reg
                0x0000000000000398                ad7124_read_reg
                0x000000000000052c                print_table
                0x0000000000000664                print_list
                0x0000000000000744                flip_led
                0x0000000000000784                set_led
                0x00000000000007b8                clear_led
                0x00000000000007ec                setup_2n2222
                0x00000000000008d4                ad7124_gain_cal
                0x00000000000009b0                ad7124_offset_cal
                0x0000000000000a08                switch_cal_hk
                0x0000000000000e04                my_getchar
                0x0000000000000e54                read_serial
                0x0000000000000f04                main
 .text          0x0000000000001140       0x28 /home/tyler/altera_lite/15.1/nios2eds/bin/gnu/H-x86_64-pc-linux-gnu/bin/../lib/gcc/nios2-elf/4.9.2/mno-hw-mul/libgcc.a(lib2-mul.o)
                0x0000000000001140                __mulsi3
 .text          0x0000000000001168        0x0 /home/tyler/altera_lite/15.1/nios2eds/bin/gnu/H-x86_64-pc-linux-gnu/bin/../lib/gcc/nios2-elf/4.9.2/../../../../../H-x86_64-pc-linux-gnu/nios2-elf/lib/mno-hw-mul/libsmallc.a(lib_a-printf.o)
 .text._printf_r
                0x0000000000001168       0x3c /home/tyler/altera_lite/15.1/nios2eds/bin/gnu/H-x86_64-pc-linux-gnu/bin/../lib/gcc/nios2-elf/4.9.2/../../../../../H-x86_64-pc-linux-gnu/nios2-elf/lib/mno-hw-mul/libsmallc.a(lib_a-printf.o)
                0x0000000000001168                _printf_r
 .text.printf   0x00000000000011a4       0x4c /home/tyler/altera_lite/15.1/nios2eds/bin/gnu/H-x86_64-pc-linux-gnu/bin/../lib/gcc/nios2-elf/4.9.2/../../../../../H-x86_64-pc-linux-gnu/nios2-elf/lib/mno-hw-mul/libsmallc.a(lib_a-printf.o)
                0x00000000000011a4                printf
 .text          0x00000000000011f0        0x0 /home/tyler/altera_lite/15.1/nios2eds/bin/gnu/H-x86_64-pc-linux-gnu/bin/../lib/gcc/nios2-elf/4.9.2/../../../../../H-x86_64-pc-linux-gnu/nios2-elf/lib/mno-hw-mul/libsmallc.a(lib_a-putchar.o)
 .text._putchar_r
                0x00000000000011f0        0x8 /home/tyler/altera_lite/15.1/nios2eds/bin/gnu/H-x86_64-pc-linux-gnu/bin/../lib/gcc/nios2-elf/4.9.2/../../../../../H-x86_64-pc-linux-gnu/nios2-elf/lib/mno-hw-mul/libsmallc.a(lib_a-putchar.o)
                0x00000000000011f0                _putchar_r
 .text.putchar  0x00000000000011f8       0x18 /home/tyler/altera_lite/15.1/nios2eds/bin/gnu/H-x86_64-pc-linux-gnu/bin/../lib/gcc/nios2-elf/4.9.2/../../../../../H-x86_64-pc-linux-gnu/nios2-elf/lib/mno-hw-mul/libsmallc.a(lib_a-putchar.o)
                0x00000000000011f8                putchar
 .text          0x0000000000001210        0x0 /home/tyler/altera_lite/15.1/nios2eds/bin/gnu/H-x86_64-pc-linux-gnu/bin/../lib/gcc/nios2-elf/4.9.2/../../../../../H-x86_64-pc-linux-gnu/nios2-elf/lib/mno-hw-mul/libsmallc.a(lib_a-puts.o)
 .text._puts_r  0x0000000000001210       0x80 /home/tyler/altera_lite/15.1/nios2eds/bin/gnu/H-x86_64-pc-linux-gnu/bin/../lib/gcc/nios2-elf/4.9.2/../../../../../H-x86_64-pc-linux-gnu/nios2-elf/lib/mno-hw-mul/libsmallc.a(lib_a-puts.o)
                0x0000000000001210                _puts_r
 .text.puts     0x0000000000001290       0x14 /home/tyler/altera_lite/15.1/nios2eds/bin/gnu/H-x86_64-pc-linux-gnu/bin/../lib/gcc/nios2-elf/4.9.2/../../../../../H-x86_64-pc-linux-gnu/nios2-elf/lib/mno-hw-mul/libsmallc.a(lib_a-puts.o)
                0x0000000000001290                puts
 .text          0x00000000000012a4        0x0 /home/tyler/altera_lite/15.1/nios2eds/bin/gnu/H-x86_64-pc-linux-gnu/bin/../lib/gcc/nios2-elf/4.9.2/../../../../../H-x86_64-pc-linux-gnu/nios2-elf/lib/mno-hw-mul/libsmallc.a(lib_a-strlen.o)
 .text.strlen   0x00000000000012a4       0x1c /home/tyler/altera_lite/15.1/nios2eds/bin/gnu/H-x86_64-pc-linux-gnu/bin/../lib/gcc/nios2-elf/4.9.2/../../../../../H-x86_64-pc-linux-gnu/nios2-elf/lib/mno-hw-mul/libsmallc.a(lib_a-strlen.o)
                0x00000000000012a4                strlen
 .text          0x00000000000012c0        0x0 /home/tyler/altera_lite/15.1/nios2eds/bin/gnu/H-x86_64-pc-linux-gnu/bin/../lib/gcc/nios2-elf/4.9.2/../../../../../H-x86_64-pc-linux-gnu/nios2-elf/lib/mno-hw-mul/libsmallc.a(lib_a-vfprintf.o)
 .text.print_repeat
                0x00000000000012c0       0x6c /home/tyler/altera_lite/15.1/nios2eds/bin/gnu/H-x86_64-pc-linux-gnu/bin/../lib/gcc/nios2-elf/4.9.2/../../../../../H-x86_64-pc-linux-gnu/nios2-elf/lib/mno-hw-mul/libsmallc.a(lib_a-vfprintf.o)
 .text.___vfprintf_internal_r
                0x000000000000132c      0x56c /home/tyler/altera_lite/15.1/nios2eds/bin/gnu/H-x86_64-pc-linux-gnu/bin/../lib/gcc/nios2-elf/4.9.2/../../../../../H-x86_64-pc-linux-gnu/nios2-elf/lib/mno-hw-mul/libsmallc.a(lib_a-vfprintf.o)
                0x000000000000132c                ___vfprintf_internal_r
 .text.__vfprintf_internal
                0x0000000000001898       0x24 /home/tyler/altera_lite/15.1/nios2eds/bin/gnu/H-x86_64-pc-linux-gnu/bin/../lib/gcc/nios2-elf/4.9.2/../../../../../H-x86_64-pc-linux-gnu/nios2-elf/lib/mno-hw-mul/libsmallc.a(lib_a-vfprintf.o)
                0x0000000000001898                __vfprintf_internal
 .text          0x00000000000018bc        0x0 /home/tyler/altera_lite/15.1/nios2eds/bin/gnu/H-x86_64-pc-linux-gnu/bin/../lib/gcc/nios2-elf/4.9.2/../../../../../H-x86_64-pc-linux-gnu/nios2-elf/lib/mno-hw-mul/libsmallc.a(lib_a-fvwrite_small_dev.o)
 .text.__sfvwrite_small_dev
                0x00000000000018bc       0xac /home/tyler/altera_lite/15.1/nios2eds/bin/gnu/H-x86_64-pc-linux-gnu/bin/../lib/gcc/nios2-elf/4.9.2/../../../../../H-x86_64-pc-linux-gnu/nios2-elf/lib/mno-hw-mul/libsmallc.a(lib_a-fvwrite_small_dev.o)
                0x00000000000018bc                __sfvwrite_small_dev
 .text          0x0000000000001968        0x0 /home/tyler/altera_lite/15.1/nios2eds/bin/gnu/H-x86_64-pc-linux-gnu/bin/../lib/gcc/nios2-elf/4.9.2/../../../../../H-x86_64-pc-linux-gnu/nios2-elf/lib/mno-hw-mul/libsmallc.a(lib_a-impure.o)
 .text          0x0000000000001968        0x0 /home/tyler/altera_lite/15.1/nios2eds/bin/gnu/H-x86_64-pc-linux-gnu/bin/../lib/gcc/nios2-elf/4.9.2/../../../../../H-x86_64-pc-linux-gnu/nios2-elf/lib/mno-hw-mul/libsmallc.a(lib_a-putc.o)
 .text.putc     0x0000000000001968       0x54 /home/tyler/altera_lite/15.1/nios2eds/bin/gnu/H-x86_64-pc-linux-gnu/bin/../lib/gcc/nios2-elf/4.9.2/../../../../../H-x86_64-pc-linux-gnu/nios2-elf/lib/mno-hw-mul/libsmallc.a(lib_a-putc.o)
                0x0000000000001968                putc
 .text._putc_r  0x00000000000019bc       0x58 /home/tyler/altera_lite/15.1/nios2eds/bin/gnu/H-x86_64-pc-linux-gnu/bin/../lib/gcc/nios2-elf/4.9.2/../../../../../H-x86_64-pc-linux-gnu/nios2-elf/lib/mno-hw-mul/libsmallc.a(lib_a-putc.o)
                0x00000000000019bc                _putc_r
 .text          0x0000000000001a14        0x0 /home/tyler/altera_lite/15.1/nios2eds/bin/gnu/H-x86_64-pc-linux-gnu/bin/../lib/gcc/nios2-elf/4.9.2/../../../../../H-x86_64-pc-linux-gnu/nios2-elf/lib/mno-hw-mul/libsmallc.a(lib_a-writer.o)
 .text._write_r
                0x0000000000001a14       0x58 /home/tyler/altera_lite/15.1/nios2eds/bin/gnu/H-x86_64-pc-linux-gnu/bin/../lib/gcc/nios2-elf/4.9.2/../../../../../H-x86_64-pc-linux-gnu/nios2-elf/lib/mno-hw-mul/libsmallc.a(lib_a-writer.o)
                0x0000000000001a14                _write_r
 .text          0x0000000000001a6c        0x0 /home/tyler/altera_lite/15.1/nios2eds/bin/gnu/H-x86_64-pc-linux-gnu/bin/../lib/gcc/nios2-elf/4.9.2/../../../../../H-x86_64-pc-linux-gnu/nios2-elf/lib/mno-hw-mul/libsmallc.a(lib_a-int_errno.o)
 .text          0x0000000000001a6c      0x12c /home/tyler/altera_lite/15.1/nios2eds/bin/gnu/H-x86_64-pc-linux-gnu/bin/../lib/gcc/nios2-elf/4.9.2/mno-hw-mul/libgcc.a(lib2-divmod.o)
                0x0000000000001ad8                __divsi3
                0x0000000000001b2c                __modsi3
                0x0000000000001b88                __udivsi3
                0x0000000000001b90                __umodsi3
 .text          0x0000000000001b98      0x178 ../nios2_sw_bsp//libhal_bsp.a(alt_fcntl.o)
                0x0000000000001be8                fcntl
 .text          0x0000000000001d10      0x1e0 ../nios2_sw_bsp//libhal_bsp.a(alt_iic.o)
                0x0000000000001d10                alt_ic_isr_register
                0x0000000000001d60                alt_ic_irq_enable
                0x0000000000001e00                alt_ic_irq_disable
                0x0000000000001ea4                alt_ic_irq_enabled
 .text          0x0000000000001ef0       0xf0 ../nios2_sw_bsp//libhal_bsp.a(alt_iic_isr_register.o)
                0x0000000000001ef0                alt_iic_isr_register
 .text          0x0000000000001fe0        0x0 ../nios2_sw_bsp//libhal_bsp.a(alt_irq_entry.o)
 .text          0x0000000000001fe0        0x0 ../nios2_sw_bsp//libhal_bsp.a(alt_irq_handler.o)
 .text          0x0000000000001fe0        0x0 ../nios2_sw_bsp//libhal_bsp.a(alt_irq_vars.o)
 .text          0x0000000000001fe0       0x78 ../nios2_sw_bsp//libhal_bsp.a(alt_main.o)
                0x0000000000001fe0                alt_main
 .text          0x0000000000002058      0x154 ../nios2_sw_bsp//libhal_bsp.a(alt_read.o)
                0x00000000000020a8                read
 .text          0x00000000000021ac       0x30 ../nios2_sw_bsp//libhal_bsp.a(alt_usleep.o)
                0x00000000000021ac                usleep
 .text          0x00000000000021dc      0x150 ../nios2_sw_bsp//libhal_bsp.a(alt_write.o)
                0x000000000000222c                write
 .text          0x000000000000232c       0xe4 ../nios2_sw_bsp//libhal_bsp.a(alt_sys_init.o)
                0x0000000000002364                alt_irq_init
                0x0000000000002398                alt_sys_init
 .text          0x0000000000002410      0x164 ../nios2_sw_bsp//libhal_bsp.a(altera_avalon_jtag_uart_fd.o)
                0x0000000000002410                altera_avalon_jtag_uart_read_fd
                0x0000000000002470                altera_avalon_jtag_uart_write_fd
                0x00000000000024d0                altera_avalon_jtag_uart_close_fd
                0x0000000000002520                altera_avalon_jtag_uart_ioctl_fd
 .text          0x0000000000002574      0x3d8 ../nios2_sw_bsp//libhal_bsp.a(altera_avalon_jtag_uart_init.o)
                0x0000000000002574                altera_avalon_jtag_uart_init
                0x00000000000028e4                altera_avalon_jtag_uart_close
 .text          0x000000000000294c       0xec ../nios2_sw_bsp//libhal_bsp.a(altera_avalon_jtag_uart_ioctl.o)
                0x000000000000294c                altera_avalon_jtag_uart_ioctl
 .text          0x0000000000002a38      0x20c ../nios2_sw_bsp//libhal_bsp.a(altera_avalon_jtag_uart_read.o)
                0x0000000000002a38                altera_avalon_jtag_uart_read
 .text          0x0000000000002c44      0x218 ../nios2_sw_bsp//libhal_bsp.a(altera_avalon_jtag_uart_write.o)
                0x0000000000002c44                altera_avalon_jtag_uart_write
 .text          0x0000000000002e5c      0x204 ../nios2_sw_bsp//libhal_bsp.a(altera_avalon_spi.o)
                0x0000000000002e5c                alt_avalon_spi_command
 .text          0x0000000000003060      0x110 ../nios2_sw_bsp//libhal_bsp.a(altera_avalon_uart_fd.o)
                0x0000000000003060                altera_avalon_uart_read_fd
                0x00000000000030c0                altera_avalon_uart_write_fd
                0x0000000000003120                altera_avalon_uart_close_fd
 .text          0x0000000000003170      0x3b8 ../nios2_sw_bsp//libhal_bsp.a(altera_avalon_uart_init.o)
                0x0000000000003170                altera_avalon_uart_init
                0x00000000000034d4                altera_avalon_uart_close
 .text          0x0000000000003528      0x22c ../nios2_sw_bsp//libhal_bsp.a(altera_avalon_uart_read.o)
                0x0000000000003578                altera_avalon_uart_read
 .text          0x0000000000003754      0x1fc ../nios2_sw_bsp//libhal_bsp.a(altera_avalon_uart_write.o)
                0x00000000000037a4                altera_avalon_uart_write
 .text          0x0000000000003950      0xf2c ../nios2_sw_bsp//libhal_bsp.a(altera_onchip_flash.o)
                0x0000000000003988                alt_onchip_flash_read
                0x0000000000003a54                alt_onchip_flash_get_info
                0x0000000000003af0                alt_onchip_flash_erase_block
                0x0000000000003c58                alt_onchip_flash_write_block
                0x0000000000003f1c                alt_onchip_flash_write
                0x00000000000041f4                altera_onchip_flash_init
                0x00000000000046cc                alt_onchip_flash_poll_for_status_to_go_idle
                0x000000000000475c                alt_onchip_flash_poll_for_status_erase_passed
                0x00000000000047ec                alt_onchip_flash_poll_for_status_write_passed
 .text          0x000000000000487c      0x140 ../nios2_sw_bsp//libhal_bsp.a(alt_alarm_start.o)
                0x000000000000487c                alt_alarm_start
 .text          0x00000000000049bc      0x158 ../nios2_sw_bsp//libhal_bsp.a(alt_busy_sleep.o)
                0x00000000000049bc                alt_busy_sleep
 .text          0x0000000000004b14      0x128 ../nios2_sw_bsp//libhal_bsp.a(alt_close.o)
                0x0000000000004b64                close
 .text          0x0000000000004c3c       0x24 ../nios2_sw_bsp//libhal_bsp.a(alt_dcache_flush.o)
                0x0000000000004c3c                alt_dcache_flush
 .text          0x0000000000004c60       0x2c ../nios2_sw_bsp//libhal_bsp.a(alt_dev.o)
 .text          0x0000000000004c8c       0xf4 ../nios2_sw_bsp//libhal_bsp.a(alt_dev_llist_insert.o)
                0x0000000000004cdc                alt_dev_llist_insert
 .text          0x0000000000004d80       0x5c ../nios2_sw_bsp//libhal_bsp.a(alt_do_ctors.o)
                0x0000000000004d80                _do_ctors
 .text          0x0000000000004ddc       0x5c ../nios2_sw_bsp//libhal_bsp.a(alt_do_dtors.o)
                0x0000000000004ddc                _do_dtors
 .text          0x0000000000004e38        0x0 ../nios2_sw_bsp//libhal_bsp.a(alt_errno.o)
 .text          0x0000000000004e38        0x0 ../nios2_sw_bsp//libhal_bsp.a(alt_exception_entry.o)
 .text          0x0000000000004e38       0xb8 ../nios2_sw_bsp//libhal_bsp.a(alt_flash_dev.o)
                0x0000000000004e38                alt_flash_open_dev
                0x0000000000004ea0                alt_flash_close_dev
 .text          0x0000000000004ef0       0x9c ../nios2_sw_bsp//libhal_bsp.a(alt_instruction_exception_entry.o)
                0x0000000000004ef0                alt_exception_cause_generated_bad_addr
 .text          0x0000000000004f8c      0x158 ../nios2_sw_bsp//libhal_bsp.a(alt_io_redirect.o)
                0x000000000000506c                alt_io_redirect
 .text          0x00000000000050e4      0x2a4 ../nios2_sw_bsp//libhal_bsp.a(alt_open.o)
                0x0000000000005228                open
 .text          0x0000000000005388       0x80 ../nios2_sw_bsp//libhal_bsp.a(alt_release_fd.o)
                0x0000000000005388                alt_release_fd
 .text          0x0000000000005408      0x19c ../nios2_sw_bsp//libhal_bsp.a(alt_tick.o)
                0x0000000000005408                alt_alarm_stop
                0x00000000000054a0                alt_tick
 .text          0x00000000000055a4       0x20 ../nios2_sw_bsp//libhal_bsp.a(altera_nios2_gen2_irq.o)
                0x00000000000055a4                altera_nios2_gen2_irq_init
 .text          0x00000000000055c4       0x90 ../nios2_sw_bsp//libhal_bsp.a(alt_find_dev.o)
                0x00000000000055c4                alt_find_dev
 .text          0x0000000000005654      0x114 ../nios2_sw_bsp//libhal_bsp.a(alt_find_file.o)
                0x0000000000005654                alt_find_file
 .text          0x0000000000005768       0xd4 ../nios2_sw_bsp//libhal_bsp.a(alt_get_fd.o)
                0x0000000000005768                alt_get_fd
 .text          0x000000000000583c        0x0 /home/tyler/altera_lite/15.1/nios2eds/bin/gnu/H-x86_64-pc-linux-gnu/bin/../lib/gcc/nios2-elf/4.9.2/../../../../../H-x86_64-pc-linux-gnu/nios2-elf/lib/mno-hw-mul/libsmallc.a(lib_a-atexit.o)
 .text.atexit   0x000000000000583c       0x14 /home/tyler/altera_lite/15.1/nios2eds/bin/gnu/H-x86_64-pc-linux-gnu/bin/../lib/gcc/nios2-elf/4.9.2/../../../../../H-x86_64-pc-linux-gnu/nios2-elf/lib/mno-hw-mul/libsmallc.a(lib_a-atexit.o)
                0x000000000000583c                atexit
 .text          0x0000000000005850        0x0 /home/tyler/altera_lite/15.1/nios2eds/bin/gnu/H-x86_64-pc-linux-gnu/bin/../lib/gcc/nios2-elf/4.9.2/../../../../../H-x86_64-pc-linux-gnu/nios2-elf/lib/mno-hw-mul/libsmallc.a(lib_a-exit.o)
 .text.exit     0x0000000000005850       0x20 /home/tyler/altera_lite/15.1/nios2eds/bin/gnu/H-x86_64-pc-linux-gnu/bin/../lib/gcc/nios2-elf/4.9.2/../../../../../H-x86_64-pc-linux-gnu/nios2-elf/lib/mno-hw-mul/libsmallc.a(lib_a-exit.o)
                0x0000000000005850                exit
 .text          0x0000000000005870        0x0 /home/tyler/altera_lite/15.1/nios2eds/bin/gnu/H-x86_64-pc-linux-gnu/bin/../lib/gcc/nios2-elf/4.9.2/../../../../../H-x86_64-pc-linux-gnu/nios2-elf/lib/mno-hw-mul/libsmallc.a(lib_a-memcmp.o)
 .text.memcmp   0x0000000000005870       0x30 /home/tyler/altera_lite/15.1/nios2eds/bin/gnu/H-x86_64-pc-linux-gnu/bin/../lib/gcc/nios2-elf/4.9.2/../../../../../H-x86_64-pc-linux-gnu/nios2-elf/lib/mno-hw-mul/libsmallc.a(lib_a-memcmp.o)
                0x0000000000005870                memcmp
 .text          0x00000000000058a0        0x0 /home/tyler/altera_lite/15.1/nios2eds/bin/gnu/H-x86_64-pc-linux-gnu/bin/../lib/gcc/nios2-elf/4.9.2/../../../../../H-x86_64-pc-linux-gnu/nios2-elf/lib/mno-hw-mul/libsmallc.a(lib_a-memcpy.o)
 .text.memcpy   0x00000000000058a0       0x28 /home/tyler/altera_lite/15.1/nios2eds/bin/gnu/H-x86_64-pc-linux-gnu/bin/../lib/gcc/nios2-elf/4.9.2/../../../../../H-x86_64-pc-linux-gnu/nios2-elf/lib/mno-hw-mul/libsmallc.a(lib_a-memcpy.o)
                0x00000000000058a0                memcpy
 .text          0x00000000000058c8        0x0 /home/tyler/altera_lite/15.1/nios2eds/bin/gnu/H-x86_64-pc-linux-gnu/bin/../lib/gcc/nios2-elf/4.9.2/../../../../../H-x86_64-pc-linux-gnu/nios2-elf/lib/mno-hw-mul/libsmallc.a(lib_a-__atexit.o)
 .text.__register_exitproc
                0x00000000000058c8      0x150 /home/tyler/altera_lite/15.1/nios2eds/bin/gnu/H-x86_64-pc-linux-gnu/bin/../lib/gcc/nios2-elf/4.9.2/../../../../../H-x86_64-pc-linux-gnu/nios2-elf/lib/mno-hw-mul/libsmallc.a(lib_a-__atexit.o)
                0x00000000000058c8                __register_exitproc
 .text          0x0000000000005a18        0x0 /home/tyler/altera_lite/15.1/nios2eds/bin/gnu/H-x86_64-pc-linux-gnu/bin/../lib/gcc/nios2-elf/4.9.2/../../../../../H-x86_64-pc-linux-gnu/nios2-elf/lib/mno-hw-mul/libsmallc.a(lib_a-__call_atexit.o)
 .text.__call_exitprocs
                0x0000000000005a18      0x19c /home/tyler/altera_lite/15.1/nios2eds/bin/gnu/H-x86_64-pc-linux-gnu/bin/../lib/gcc/nios2-elf/4.9.2/../../../../../H-x86_64-pc-linux-gnu/nios2-elf/lib/mno-hw-mul/libsmallc.a(lib_a-__call_atexit.o)
                0x0000000000005a18                __call_exitprocs
 .text          0x0000000000005bb4       0x34 ../nios2_sw_bsp//libhal_bsp.a(alt_exit.o)
                0x0000000000005bb4                _exit
 *(.gnu.warning.*)
 *(.fini)
                0x0000000000005be8                PROVIDE (__etext, ABSOLUTE (.))
                0x0000000000005be8                PROVIDE (_etext, ABSOLUTE (.))
                0x0000000000005be8                PROVIDE (etext, ABSOLUTE (.))
 *(.eh_frame_hdr)
                0x0000000000005be8                . = ALIGN (0x4)
                0x0000000000005be8                PROVIDE (__preinit_array_start, ABSOLUTE (.))
 *(.preinit_array)
                0x0000000000005be8                PROVIDE (__preinit_array_end, ABSOLUTE (.))
                0x0000000000005be8                PROVIDE (__init_array_start, ABSOLUTE (.))
 *(.init_array)
                0x0000000000005be8                PROVIDE (__init_array_end, ABSOLUTE (.))
                0x0000000000005be8                PROVIDE (__fini_array_start, ABSOLUTE (.))
 *(.fini_array)
                0x0000000000005be8                PROVIDE (__fini_array_end, ABSOLUTE (.))
 *(.eh_frame)
 *(.gcc_except_table .gcc_except_table.*)
 *(.dynamic)
                0x0000000000005be8                PROVIDE (__CTOR_LIST__, ABSOLUTE (.))
 *(.ctors)
 *(SORT(.ctors.*))
                0x0000000000005be8                PROVIDE (__CTOR_END__, ABSOLUTE (.))
                0x0000000000005be8                PROVIDE (__DTOR_LIST__, ABSOLUTE (.))
 *(.dtors)
 *(SORT(.dtors.*))
                0x0000000000005be8                PROVIDE (__DTOR_END__, ABSOLUTE (.))
 *(.jcr)
                0x0000000000005be8                . = ALIGN (0x4)

.rodata         0x0000000000005be8      0x294
                0x0000000000005be8                PROVIDE (__ram_rodata_start, ABSOLUTE (.))
                0x0000000000005be8                . = ALIGN (0x4)
 *(.rodata .rodata.* .gnu.linkonce.r.*)
 .rodata        0x0000000000005be8      0x23c obj/default/tmc_temperature_readout_main.o
 .rodata.str1.4
                0x0000000000005e24        0x4 /home/tyler/altera_lite/15.1/nios2eds/bin/gnu/H-x86_64-pc-linux-gnu/bin/../lib/gcc/nios2-elf/4.9.2/../../../../../H-x86_64-pc-linux-gnu/nios2-elf/lib/mno-hw-mul/libsmallc.a(lib_a-puts.o)
 .rodata        0x0000000000005e28        0xc ../nios2_sw_bsp//libhal_bsp.a(alt_main.o)
 .rodata        0x0000000000005e34       0x3c ../nios2_sw_bsp//libhal_bsp.a(alt_sys_init.o)
 .rodata        0x0000000000005e70        0xc ../nios2_sw_bsp//libhal_bsp.a(alt_dev.o)
 *(.rodata1)
                0x0000000000005e7c                . = ALIGN (0x4)
                0x0000000000005e7c                PROVIDE (__ram_rodata_end, ABSOLUTE (.))
                0x0000000000005be8                PROVIDE (__flash_rodata_start, LOADADDR (.rodata))

.rwdata         0x0000000000005e7c     0x1500
                0x0000000000005e7c                PROVIDE (__ram_rwdata_start, ABSOLUTE (.))
                0x0000000000005e7c                . = ALIGN (0x4)
 *(.got.plt)
 *(.got)
 *(.data1)
 *(.data .data.* .gnu.linkonce.d.*)
 .data          0x0000000000005e7c        0x0 ../nios2_sw_bsp//obj/HAL/src/crt0.o
 .data          0x0000000000005e7c        0x0 obj/default/tmc_temperature_readout_main.o
 .data          0x0000000000005e7c        0x0 /home/tyler/altera_lite/15.1/nios2eds/bin/gnu/H-x86_64-pc-linux-gnu/bin/../lib/gcc/nios2-elf/4.9.2/mno-hw-mul/libgcc.a(lib2-mul.o)
 .data          0x0000000000005e7c        0x0 /home/tyler/altera_lite/15.1/nios2eds/bin/gnu/H-x86_64-pc-linux-gnu/bin/../lib/gcc/nios2-elf/4.9.2/../../../../../H-x86_64-pc-linux-gnu/nios2-elf/lib/mno-hw-mul/libsmallc.a(lib_a-printf.o)
 .data          0x0000000000005e7c        0x0 /home/tyler/altera_lite/15.1/nios2eds/bin/gnu/H-x86_64-pc-linux-gnu/bin/../lib/gcc/nios2-elf/4.9.2/../../../../../H-x86_64-pc-linux-gnu/nios2-elf/lib/mno-hw-mul/libsmallc.a(lib_a-putchar.o)
 .data          0x0000000000005e7c        0x0 /home/tyler/altera_lite/15.1/nios2eds/bin/gnu/H-x86_64-pc-linux-gnu/bin/../lib/gcc/nios2-elf/4.9.2/../../../../../H-x86_64-pc-linux-gnu/nios2-elf/lib/mno-hw-mul/libsmallc.a(lib_a-puts.o)
 .data          0x0000000000005e7c        0x0 /home/tyler/altera_lite/15.1/nios2eds/bin/gnu/H-x86_64-pc-linux-gnu/bin/../lib/gcc/nios2-elf/4.9.2/../../../../../H-x86_64-pc-linux-gnu/nios2-elf/lib/mno-hw-mul/libsmallc.a(lib_a-strlen.o)
 .data          0x0000000000005e7c        0x0 /home/tyler/altera_lite/15.1/nios2eds/bin/gnu/H-x86_64-pc-linux-gnu/bin/../lib/gcc/nios2-elf/4.9.2/../../../../../H-x86_64-pc-linux-gnu/nios2-elf/lib/mno-hw-mul/libsmallc.a(lib_a-vfprintf.o)
 .data          0x0000000000005e7c        0x0 /home/tyler/altera_lite/15.1/nios2eds/bin/gnu/H-x86_64-pc-linux-gnu/bin/../lib/gcc/nios2-elf/4.9.2/../../../../../H-x86_64-pc-linux-gnu/nios2-elf/lib/mno-hw-mul/libsmallc.a(lib_a-fvwrite_small_dev.o)
 .data          0x0000000000005e7c        0x0 /home/tyler/altera_lite/15.1/nios2eds/bin/gnu/H-x86_64-pc-linux-gnu/bin/../lib/gcc/nios2-elf/4.9.2/../../../../../H-x86_64-pc-linux-gnu/nios2-elf/lib/mno-hw-mul/libsmallc.a(lib_a-impure.o)
 .data.impure_data
                0x0000000000005e7c       0xe0 /home/tyler/altera_lite/15.1/nios2eds/bin/gnu/H-x86_64-pc-linux-gnu/bin/../lib/gcc/nios2-elf/4.9.2/../../../../../H-x86_64-pc-linux-gnu/nios2-elf/lib/mno-hw-mul/libsmallc.a(lib_a-impure.o)
 .data          0x0000000000005f5c        0x0 /home/tyler/altera_lite/15.1/nios2eds/bin/gnu/H-x86_64-pc-linux-gnu/bin/../lib/gcc/nios2-elf/4.9.2/../../../../../H-x86_64-pc-linux-gnu/nios2-elf/lib/mno-hw-mul/libsmallc.a(lib_a-putc.o)
 .data          0x0000000000005f5c        0x0 /home/tyler/altera_lite/15.1/nios2eds/bin/gnu/H-x86_64-pc-linux-gnu/bin/../lib/gcc/nios2-elf/4.9.2/../../../../../H-x86_64-pc-linux-gnu/nios2-elf/lib/mno-hw-mul/libsmallc.a(lib_a-writer.o)
 .data          0x0000000000005f5c        0x0 /home/tyler/altera_lite/15.1/nios2eds/bin/gnu/H-x86_64-pc-linux-gnu/bin/../lib/gcc/nios2-elf/4.9.2/../../../../../H-x86_64-pc-linux-gnu/nios2-elf/lib/mno-hw-mul/libsmallc.a(lib_a-int_errno.o)
 .data          0x0000000000005f5c        0x0 /home/tyler/altera_lite/15.1/nios2eds/bin/gnu/H-x86_64-pc-linux-gnu/bin/../lib/gcc/nios2-elf/4.9.2/mno-hw-mul/libgcc.a(lib2-divmod.o)
 .data          0x0000000000005f5c        0x0 ../nios2_sw_bsp//libhal_bsp.a(alt_fcntl.o)
 .data          0x0000000000005f5c        0x0 ../nios2_sw_bsp//libhal_bsp.a(alt_iic.o)
 .data          0x0000000000005f5c        0x0 ../nios2_sw_bsp//libhal_bsp.a(alt_iic_isr_register.o)
 .data          0x0000000000005f5c        0x0 ../nios2_sw_bsp//libhal_bsp.a(alt_irq_entry.o)
 .data          0x0000000000005f5c        0x0 ../nios2_sw_bsp//libhal_bsp.a(alt_irq_handler.o)
 .data          0x0000000000005f5c        0x0 ../nios2_sw_bsp//libhal_bsp.a(alt_irq_vars.o)
 .data          0x0000000000005f5c        0x0 ../nios2_sw_bsp//libhal_bsp.a(alt_main.o)
 .data          0x0000000000005f5c        0x0 ../nios2_sw_bsp//libhal_bsp.a(alt_read.o)
 .data          0x0000000000005f5c        0x0 ../nios2_sw_bsp//libhal_bsp.a(alt_usleep.o)
 .data          0x0000000000005f5c        0x0 ../nios2_sw_bsp//libhal_bsp.a(alt_write.o)
 .data          0x0000000000005f5c     0x1224 ../nios2_sw_bsp//libhal_bsp.a(alt_sys_init.o)
 .data          0x0000000000007180        0x0 ../nios2_sw_bsp//libhal_bsp.a(altera_avalon_jtag_uart_fd.o)
 .data          0x0000000000007180        0x0 ../nios2_sw_bsp//libhal_bsp.a(altera_avalon_jtag_uart_init.o)
 .data          0x0000000000007180        0x0 ../nios2_sw_bsp//libhal_bsp.a(altera_avalon_jtag_uart_ioctl.o)
 .data          0x0000000000007180        0x0 ../nios2_sw_bsp//libhal_bsp.a(altera_avalon_jtag_uart_read.o)
 .data          0x0000000000007180        0x0 ../nios2_sw_bsp//libhal_bsp.a(altera_avalon_jtag_uart_write.o)
 .data          0x0000000000007180        0x0 ../nios2_sw_bsp//libhal_bsp.a(altera_avalon_spi.o)
 .data          0x0000000000007180        0x0 ../nios2_sw_bsp//libhal_bsp.a(altera_avalon_uart_fd.o)
 .data          0x0000000000007180        0x0 ../nios2_sw_bsp//libhal_bsp.a(altera_avalon_uart_init.o)
 .data          0x0000000000007180        0x0 ../nios2_sw_bsp//libhal_bsp.a(altera_avalon_uart_read.o)
 .data          0x0000000000007180        0x0 ../nios2_sw_bsp//libhal_bsp.a(altera_avalon_uart_write.o)
 .data          0x0000000000007180        0x0 ../nios2_sw_bsp//libhal_bsp.a(altera_onchip_flash.o)
 .data          0x0000000000007180        0x0 ../nios2_sw_bsp//libhal_bsp.a(alt_alarm_start.o)
 .data          0x0000000000007180        0x0 ../nios2_sw_bsp//libhal_bsp.a(alt_busy_sleep.o)
 .data          0x0000000000007180        0x0 ../nios2_sw_bsp//libhal_bsp.a(alt_close.o)
 .data          0x0000000000007180        0x0 ../nios2_sw_bsp//libhal_bsp.a(alt_dcache_flush.o)
 .data          0x0000000000007180      0x1a8 ../nios2_sw_bsp//libhal_bsp.a(alt_dev.o)
                0x0000000000007180                alt_dev_null
                0x00000000000071a8                alt_fd_list
 .data          0x0000000000007328        0x0 ../nios2_sw_bsp//libhal_bsp.a(alt_dev_llist_insert.o)
 .data          0x0000000000007328        0x0 ../nios2_sw_bsp//libhal_bsp.a(alt_do_ctors.o)
 .data          0x0000000000007328        0x0 ../nios2_sw_bsp//libhal_bsp.a(alt_do_dtors.o)
 .data          0x0000000000007328        0x0 ../nios2_sw_bsp//libhal_bsp.a(alt_errno.o)
 .data          0x0000000000007328        0x0 ../nios2_sw_bsp//libhal_bsp.a(alt_exception_entry.o)
 .data          0x0000000000007328        0x0 ../nios2_sw_bsp//libhal_bsp.a(alt_flash_dev.o)
 .data          0x0000000000007328        0x0 ../nios2_sw_bsp//libhal_bsp.a(alt_instruction_exception_entry.o)
 .data          0x0000000000007328        0x0 ../nios2_sw_bsp//libhal_bsp.a(alt_io_redirect.o)
 .data          0x0000000000007328        0x0 ../nios2_sw_bsp//libhal_bsp.a(alt_open.o)
 .data          0x0000000000007328        0x0 ../nios2_sw_bsp//libhal_bsp.a(alt_release_fd.o)
 .data          0x0000000000007328        0x0 ../nios2_sw_bsp//libhal_bsp.a(alt_tick.o)
 .data          0x0000000000007328        0x0 ../nios2_sw_bsp//libhal_bsp.a(altera_nios2_gen2_irq.o)
 .data          0x0000000000007328        0x0 ../nios2_sw_bsp//libhal_bsp.a(alt_find_dev.o)
 .data          0x0000000000007328        0x0 ../nios2_sw_bsp//libhal_bsp.a(alt_find_file.o)
 .data          0x0000000000007328        0x0 ../nios2_sw_bsp//libhal_bsp.a(alt_get_fd.o)
 .data          0x0000000000007328        0x0 /home/tyler/altera_lite/15.1/nios2eds/bin/gnu/H-x86_64-pc-linux-gnu/bin/../lib/gcc/nios2-elf/4.9.2/../../../../../H-x86_64-pc-linux-gnu/nios2-elf/lib/mno-hw-mul/libsmallc.a(lib_a-atexit.o)
 .data          0x0000000000007328        0x0 /home/tyler/altera_lite/15.1/nios2eds/bin/gnu/H-x86_64-pc-linux-gnu/bin/../lib/gcc/nios2-elf/4.9.2/../../../../../H-x86_64-pc-linux-gnu/nios2-elf/lib/mno-hw-mul/libsmallc.a(lib_a-exit.o)
 .data          0x0000000000007328        0x0 /home/tyler/altera_lite/15.1/nios2eds/bin/gnu/H-x86_64-pc-linux-gnu/bin/../lib/gcc/nios2-elf/4.9.2/../../../../../H-x86_64-pc-linux-gnu/nios2-elf/lib/mno-hw-mul/libsmallc.a(lib_a-memcmp.o)
 .data          0x0000000000007328        0x0 /home/tyler/altera_lite/15.1/nios2eds/bin/gnu/H-x86_64-pc-linux-gnu/bin/../lib/gcc/nios2-elf/4.9.2/../../../../../H-x86_64-pc-linux-gnu/nios2-elf/lib/mno-hw-mul/libsmallc.a(lib_a-memcpy.o)
 .data          0x0000000000007328        0x0 /home/tyler/altera_lite/15.1/nios2eds/bin/gnu/H-x86_64-pc-linux-gnu/bin/../lib/gcc/nios2-elf/4.9.2/../../../../../H-x86_64-pc-linux-gnu/nios2-elf/lib/mno-hw-mul/libsmallc.a(lib_a-__atexit.o)
 .data          0x0000000000007328        0x0 /home/tyler/altera_lite/15.1/nios2eds/bin/gnu/H-x86_64-pc-linux-gnu/bin/../lib/gcc/nios2-elf/4.9.2/../../../../../H-x86_64-pc-linux-gnu/nios2-elf/lib/mno-hw-mul/libsmallc.a(lib_a-__call_atexit.o)
 .data          0x0000000000007328        0x0 ../nios2_sw_bsp//libhal_bsp.a(alt_exit.o)
                0x000000000000f328                _gp = ABSOLUTE ((. + 0x8000))
                0x000000000000f328                PROVIDE (gp, _gp)
 *(.rwdata .rwdata.*)
 *(.sdata .sdata.* .gnu.linkonce.s.*)
 .sdata         0x0000000000007328       0x18 obj/default/tmc_temperature_readout_main.o
                0x0000000000007328                pchan_2n2222
                0x000000000000732e                nchan_2n2222
                0x000000000000732f                pchan_current
                0x0000000000007335                nchan_current
                0x000000000000733b                pchan_board_temp
                0x000000000000733c                nchan_board_temp
                0x000000000000733d                pchan_adc_temp
                0x000000000000733e                nchan_adc_temp
 .sdata._global_impure_ptr
                0x0000000000007340        0x4 /home/tyler/altera_lite/15.1/nios2eds/bin/gnu/H-x86_64-pc-linux-gnu/bin/../lib/gcc/nios2-elf/4.9.2/../../../../../H-x86_64-pc-linux-gnu/nios2-elf/lib/mno-hw-mul/libsmallc.a(lib_a-impure.o)
                0x0000000000007340                _global_impure_ptr
 .sdata._impure_ptr
                0x0000000000007344        0x4 /home/tyler/altera_lite/15.1/nios2eds/bin/gnu/H-x86_64-pc-linux-gnu/bin/../lib/gcc/nios2-elf/4.9.2/../../../../../H-x86_64-pc-linux-gnu/nios2-elf/lib/mno-hw-mul/libsmallc.a(lib_a-impure.o)
                0x0000000000007344                _impure_ptr
 .sdata         0x0000000000007348        0x4 ../nios2_sw_bsp//libhal_bsp.a(alt_irq_vars.o)
                0x0000000000007348                alt_priority_mask
 .sdata         0x000000000000734c        0x8 ../nios2_sw_bsp//libhal_bsp.a(altera_onchip_flash.o)
                0x000000000000734c                altera_onchip_flash_list
 .sdata         0x0000000000007354       0x14 ../nios2_sw_bsp//libhal_bsp.a(alt_dev.o)
                0x0000000000007354                alt_fs_list
                0x000000000000735c                alt_dev_list
                0x0000000000007364                alt_max_fd
 .sdata         0x0000000000007368        0x4 ../nios2_sw_bsp//libhal_bsp.a(alt_errno.o)
                0x0000000000007368                alt_errno
 .sdata         0x000000000000736c        0x8 ../nios2_sw_bsp//libhal_bsp.a(alt_flash_dev.o)
                0x000000000000736c                alt_flash_dev_list
 .sdata         0x0000000000007374        0x8 ../nios2_sw_bsp//libhal_bsp.a(alt_tick.o)
                0x0000000000007374                alt_alarm_list
 *(.sdata2 .sdata2.* .gnu.linkonce.s2.*)
                0x000000000000737c                . = ALIGN (0x4)
                0x000000000000737c                _edata = ABSOLUTE (.)
                0x000000000000737c                PROVIDE (edata, ABSOLUTE (.))
                0x000000000000737c                PROVIDE (__ram_rwdata_end, ABSOLUTE (.))
                0x0000000000005e7c                PROVIDE (__flash_rwdata_start, LOADADDR (.rwdata))

.bss            0x000000000000737c      0x124
                0x000000000000737c                __bss_start = ABSOLUTE (.)
                0x000000000000737c                PROVIDE (__sbss_start, ABSOLUTE (.))
                0x000000000000737c                PROVIDE (___sbss_start, ABSOLUTE (.))
 *(.dynsbss)
 *(.sbss .sbss.* .gnu.linkonce.sb.*)
 .sbss          0x000000000000737c        0x1 obj/default/tmc_temperature_readout_main.o
                0x000000000000737c                loop_done
 *fill*         0x000000000000737d        0x3 
 .sbss          0x0000000000007380        0x4 /home/tyler/altera_lite/15.1/nios2eds/bin/gnu/H-x86_64-pc-linux-gnu/bin/../lib/gcc/nios2-elf/4.9.2/../../../../../H-x86_64-pc-linux-gnu/nios2-elf/lib/mno-hw-mul/libsmallc.a(lib_a-int_errno.o)
                0x0000000000007380                errno
 .sbss          0x0000000000007384        0x4 ../nios2_sw_bsp//libhal_bsp.a(alt_irq_vars.o)
                0x0000000000007384                alt_irq_active
 .sbss          0x0000000000007388        0xc ../nios2_sw_bsp//libhal_bsp.a(alt_main.o)
                0x0000000000007388                alt_argc
                0x000000000000738c                alt_argv
                0x0000000000007390                alt_envp
 .sbss          0x0000000000007394        0x4 ../nios2_sw_bsp//libhal_bsp.a(alt_instruction_exception_entry.o)
                0x0000000000007394                alt_instruction_exception_handler
 .sbss          0x0000000000007398        0x8 ../nios2_sw_bsp//libhal_bsp.a(alt_tick.o)
                0x0000000000007398                _alt_tick_rate
                0x000000000000739c                _alt_nticks
 *(.sbss2 .sbss2.* .gnu.linkonce.sb2.*)
 *(.scommon)
                0x00000000000073a0                PROVIDE (__sbss_end, ABSOLUTE (.))
                0x00000000000073a0                PROVIDE (___sbss_end, ABSOLUTE (.))
 *(.dynbss)
 *(.bss .bss.* .gnu.linkonce.b.*)
 .bss           0x00000000000073a0        0x0 ../nios2_sw_bsp//obj/HAL/src/crt0.o
 .bss           0x00000000000073a0        0x0 obj/default/tmc_temperature_readout_main.o
 .bss           0x00000000000073a0        0x0 /home/tyler/altera_lite/15.1/nios2eds/bin/gnu/H-x86_64-pc-linux-gnu/bin/../lib/gcc/nios2-elf/4.9.2/mno-hw-mul/libgcc.a(lib2-mul.o)
 .bss           0x00000000000073a0        0x0 /home/tyler/altera_lite/15.1/nios2eds/bin/gnu/H-x86_64-pc-linux-gnu/bin/../lib/gcc/nios2-elf/4.9.2/../../../../../H-x86_64-pc-linux-gnu/nios2-elf/lib/mno-hw-mul/libsmallc.a(lib_a-printf.o)
 .bss           0x00000000000073a0        0x0 /home/tyler/altera_lite/15.1/nios2eds/bin/gnu/H-x86_64-pc-linux-gnu/bin/../lib/gcc/nios2-elf/4.9.2/../../../../../H-x86_64-pc-linux-gnu/nios2-elf/lib/mno-hw-mul/libsmallc.a(lib_a-putchar.o)
 .bss           0x00000000000073a0        0x0 /home/tyler/altera_lite/15.1/nios2eds/bin/gnu/H-x86_64-pc-linux-gnu/bin/../lib/gcc/nios2-elf/4.9.2/../../../../../H-x86_64-pc-linux-gnu/nios2-elf/lib/mno-hw-mul/libsmallc.a(lib_a-puts.o)
 .bss           0x00000000000073a0        0x0 /home/tyler/altera_lite/15.1/nios2eds/bin/gnu/H-x86_64-pc-linux-gnu/bin/../lib/gcc/nios2-elf/4.9.2/../../../../../H-x86_64-pc-linux-gnu/nios2-elf/lib/mno-hw-mul/libsmallc.a(lib_a-strlen.o)
 .bss           0x00000000000073a0        0x0 /home/tyler/altera_lite/15.1/nios2eds/bin/gnu/H-x86_64-pc-linux-gnu/bin/../lib/gcc/nios2-elf/4.9.2/../../../../../H-x86_64-pc-linux-gnu/nios2-elf/lib/mno-hw-mul/libsmallc.a(lib_a-vfprintf.o)
 .bss           0x00000000000073a0        0x0 /home/tyler/altera_lite/15.1/nios2eds/bin/gnu/H-x86_64-pc-linux-gnu/bin/../lib/gcc/nios2-elf/4.9.2/../../../../../H-x86_64-pc-linux-gnu/nios2-elf/lib/mno-hw-mul/libsmallc.a(lib_a-fvwrite_small_dev.o)
 .bss           0x00000000000073a0        0x0 /home/tyler/altera_lite/15.1/nios2eds/bin/gnu/H-x86_64-pc-linux-gnu/bin/../lib/gcc/nios2-elf/4.9.2/../../../../../H-x86_64-pc-linux-gnu/nios2-elf/lib/mno-hw-mul/libsmallc.a(lib_a-impure.o)
 .bss           0x00000000000073a0        0x0 /home/tyler/altera_lite/15.1/nios2eds/bin/gnu/H-x86_64-pc-linux-gnu/bin/../lib/gcc/nios2-elf/4.9.2/../../../../../H-x86_64-pc-linux-gnu/nios2-elf/lib/mno-hw-mul/libsmallc.a(lib_a-putc.o)
 .bss           0x00000000000073a0        0x0 /home/tyler/altera_lite/15.1/nios2eds/bin/gnu/H-x86_64-pc-linux-gnu/bin/../lib/gcc/nios2-elf/4.9.2/../../../../../H-x86_64-pc-linux-gnu/nios2-elf/lib/mno-hw-mul/libsmallc.a(lib_a-writer.o)
 .bss           0x00000000000073a0        0x0 /home/tyler/altera_lite/15.1/nios2eds/bin/gnu/H-x86_64-pc-linux-gnu/bin/../lib/gcc/nios2-elf/4.9.2/../../../../../H-x86_64-pc-linux-gnu/nios2-elf/lib/mno-hw-mul/libsmallc.a(lib_a-int_errno.o)
 .bss           0x00000000000073a0        0x0 /home/tyler/altera_lite/15.1/nios2eds/bin/gnu/H-x86_64-pc-linux-gnu/bin/../lib/gcc/nios2-elf/4.9.2/mno-hw-mul/libgcc.a(lib2-divmod.o)
 .bss           0x00000000000073a0        0x0 ../nios2_sw_bsp//libhal_bsp.a(alt_fcntl.o)
 .bss           0x00000000000073a0        0x0 ../nios2_sw_bsp//libhal_bsp.a(alt_iic.o)
 .bss           0x00000000000073a0        0x0 ../nios2_sw_bsp//libhal_bsp.a(alt_iic_isr_register.o)
 .bss           0x00000000000073a0        0x0 ../nios2_sw_bsp//libhal_bsp.a(alt_irq_entry.o)
 .bss           0x00000000000073a0        0x0 ../nios2_sw_bsp//libhal_bsp.a(alt_irq_handler.o)
 .bss           0x00000000000073a0        0x0 ../nios2_sw_bsp//libhal_bsp.a(alt_irq_vars.o)
 .bss           0x00000000000073a0        0x0 ../nios2_sw_bsp//libhal_bsp.a(alt_main.o)
 .bss           0x00000000000073a0        0x0 ../nios2_sw_bsp//libhal_bsp.a(alt_read.o)
 .bss           0x00000000000073a0        0x0 ../nios2_sw_bsp//libhal_bsp.a(alt_usleep.o)
 .bss           0x00000000000073a0        0x0 ../nios2_sw_bsp//libhal_bsp.a(alt_write.o)
 .bss           0x00000000000073a0        0x0 ../nios2_sw_bsp//libhal_bsp.a(alt_sys_init.o)
 .bss           0x00000000000073a0        0x0 ../nios2_sw_bsp//libhal_bsp.a(altera_avalon_jtag_uart_fd.o)
 .bss           0x00000000000073a0        0x0 ../nios2_sw_bsp//libhal_bsp.a(altera_avalon_jtag_uart_init.o)
 .bss           0x00000000000073a0        0x0 ../nios2_sw_bsp//libhal_bsp.a(altera_avalon_jtag_uart_ioctl.o)
 .bss           0x00000000000073a0        0x0 ../nios2_sw_bsp//libhal_bsp.a(altera_avalon_jtag_uart_read.o)
 .bss           0x00000000000073a0        0x0 ../nios2_sw_bsp//libhal_bsp.a(altera_avalon_jtag_uart_write.o)
 .bss           0x00000000000073a0        0x0 ../nios2_sw_bsp//libhal_bsp.a(altera_avalon_spi.o)
 .bss           0x00000000000073a0        0x0 ../nios2_sw_bsp//libhal_bsp.a(altera_avalon_uart_fd.o)
 .bss           0x00000000000073a0        0x0 ../nios2_sw_bsp//libhal_bsp.a(altera_avalon_uart_init.o)
 .bss           0x00000000000073a0        0x0 ../nios2_sw_bsp//libhal_bsp.a(altera_avalon_uart_read.o)
 .bss           0x00000000000073a0        0x0 ../nios2_sw_bsp//libhal_bsp.a(altera_avalon_uart_write.o)
 .bss           0x00000000000073a0        0x0 ../nios2_sw_bsp//libhal_bsp.a(altera_onchip_flash.o)
 .bss           0x00000000000073a0        0x0 ../nios2_sw_bsp//libhal_bsp.a(alt_alarm_start.o)
 .bss           0x00000000000073a0        0x0 ../nios2_sw_bsp//libhal_bsp.a(alt_busy_sleep.o)
 .bss           0x00000000000073a0        0x0 ../nios2_sw_bsp//libhal_bsp.a(alt_close.o)
 .bss           0x00000000000073a0        0x0 ../nios2_sw_bsp//libhal_bsp.a(alt_dcache_flush.o)
 .bss           0x00000000000073a0        0x0 ../nios2_sw_bsp//libhal_bsp.a(alt_dev.o)
 .bss           0x00000000000073a0        0x0 ../nios2_sw_bsp//libhal_bsp.a(alt_dev_llist_insert.o)
 .bss           0x00000000000073a0        0x0 ../nios2_sw_bsp//libhal_bsp.a(alt_do_ctors.o)
 .bss           0x00000000000073a0        0x0 ../nios2_sw_bsp//libhal_bsp.a(alt_do_dtors.o)
 .bss           0x00000000000073a0        0x0 ../nios2_sw_bsp//libhal_bsp.a(alt_errno.o)
 .bss           0x00000000000073a0        0x0 ../nios2_sw_bsp//libhal_bsp.a(alt_exception_entry.o)
 .bss           0x00000000000073a0        0x0 ../nios2_sw_bsp//libhal_bsp.a(alt_flash_dev.o)
 .bss           0x00000000000073a0        0x0 ../nios2_sw_bsp//libhal_bsp.a(alt_instruction_exception_entry.o)
 .bss           0x00000000000073a0        0x0 ../nios2_sw_bsp//libhal_bsp.a(alt_io_redirect.o)
 .bss           0x00000000000073a0        0x0 ../nios2_sw_bsp//libhal_bsp.a(alt_open.o)
 .bss           0x00000000000073a0        0x0 ../nios2_sw_bsp//libhal_bsp.a(alt_release_fd.o)
 .bss           0x00000000000073a0        0x0 ../nios2_sw_bsp//libhal_bsp.a(alt_tick.o)
 .bss           0x00000000000073a0        0x0 ../nios2_sw_bsp//libhal_bsp.a(altera_nios2_gen2_irq.o)
 .bss           0x00000000000073a0        0x0 ../nios2_sw_bsp//libhal_bsp.a(alt_find_dev.o)
 .bss           0x00000000000073a0        0x0 ../nios2_sw_bsp//libhal_bsp.a(alt_find_file.o)
 .bss           0x00000000000073a0        0x0 ../nios2_sw_bsp//libhal_bsp.a(alt_get_fd.o)
 .bss           0x00000000000073a0        0x0 /home/tyler/altera_lite/15.1/nios2eds/bin/gnu/H-x86_64-pc-linux-gnu/bin/../lib/gcc/nios2-elf/4.9.2/../../../../../H-x86_64-pc-linux-gnu/nios2-elf/lib/mno-hw-mul/libsmallc.a(lib_a-atexit.o)
 .bss           0x00000000000073a0        0x0 /home/tyler/altera_lite/15.1/nios2eds/bin/gnu/H-x86_64-pc-linux-gnu/bin/../lib/gcc/nios2-elf/4.9.2/../../../../../H-x86_64-pc-linux-gnu/nios2-elf/lib/mno-hw-mul/libsmallc.a(lib_a-exit.o)
 .bss           0x00000000000073a0        0x0 /home/tyler/altera_lite/15.1/nios2eds/bin/gnu/H-x86_64-pc-linux-gnu/bin/../lib/gcc/nios2-elf/4.9.2/../../../../../H-x86_64-pc-linux-gnu/nios2-elf/lib/mno-hw-mul/libsmallc.a(lib_a-memcmp.o)
 .bss           0x00000000000073a0        0x0 /home/tyler/altera_lite/15.1/nios2eds/bin/gnu/H-x86_64-pc-linux-gnu/bin/../lib/gcc/nios2-elf/4.9.2/../../../../../H-x86_64-pc-linux-gnu/nios2-elf/lib/mno-hw-mul/libsmallc.a(lib_a-memcpy.o)
 .bss           0x00000000000073a0        0x0 /home/tyler/altera_lite/15.1/nios2eds/bin/gnu/H-x86_64-pc-linux-gnu/bin/../lib/gcc/nios2-elf/4.9.2/../../../../../H-x86_64-pc-linux-gnu/nios2-elf/lib/mno-hw-mul/libsmallc.a(lib_a-__atexit.o)
 .bss           0x00000000000073a0        0x0 /home/tyler/altera_lite/15.1/nios2eds/bin/gnu/H-x86_64-pc-linux-gnu/bin/../lib/gcc/nios2-elf/4.9.2/../../../../../H-x86_64-pc-linux-gnu/nios2-elf/lib/mno-hw-mul/libsmallc.a(lib_a-__call_atexit.o)
 .bss           0x00000000000073a0        0x0 ../nios2_sw_bsp//libhal_bsp.a(alt_exit.o)
 *(COMMON)
 COMMON         0x00000000000073a0      0x100 ../nios2_sw_bsp//libhal_bsp.a(alt_irq_handler.o)
                0x00000000000073a0                alt_irq
                0x00000000000074a0                . = ALIGN (0x4)
                0x00000000000074a0                __bss_end = ABSOLUTE (.)

.onchip_memory2_0
                0x00000000000074a0        0x0
                0x00000000000074a0                PROVIDE (_alt_partition_onchip_memory2_0_start, ABSOLUTE (.))
 *(.onchip_memory2_0 .onchip_memory2_0. onchip_memory2_0.*)
                0x00000000000074a0                . = ALIGN (0x4)
                0x00000000000074a0                PROVIDE (_alt_partition_onchip_memory2_0_end, ABSOLUTE (.))
                0x00000000000074a0                _end = ABSOLUTE (.)
                0x00000000000074a0                end = ABSOLUTE (.)
                0x00000000000074a0                __alt_stack_base = ABSOLUTE (.)
                0x00000000000074a0                PROVIDE (_alt_partition_onchip_memory2_0_load_addr, LOADADDR (.onchip_memory2_0))

.onchip_flash_0_data
                0x0000000000080020        0x0
                0x0000000000080020                PROVIDE (_alt_partition_onchip_flash_0_data_start, ABSOLUTE (.))
 *(.onchip_flash_0_data .onchip_flash_0_data. onchip_flash_0_data.*)
                0x0000000000080020                . = ALIGN (0x4)
                0x0000000000080020                PROVIDE (_alt_partition_onchip_flash_0_data_end, ABSOLUTE (.))
                0x0000000000080020                PROVIDE (_alt_partition_onchip_flash_0_data_load_addr, LOADADDR (.onchip_flash_0_data))

.stab
 *(.stab)

.stabstr
 *(.stabstr)

.stab.excl
 *(.stab.excl)

.stab.exclstr
 *(.stab.exclstr)

.stab.index
 *(.stab.index)

.stab.indexstr
 *(.stab.indexstr)

.comment        0x0000000000000000       0x23
 *(.comment)
 .comment       0x0000000000000000       0x23 obj/default/tmc_temperature_readout_main.o
                                         0x24 (size before relaxing)
 .comment       0x0000000000000000       0x24 /home/tyler/altera_lite/15.1/nios2eds/bin/gnu/H-x86_64-pc-linux-gnu/bin/../lib/gcc/nios2-elf/4.9.2/mno-hw-mul/libgcc.a(lib2-mul.o)
 .comment       0x0000000000000000       0x24 /home/tyler/altera_lite/15.1/nios2eds/bin/gnu/H-x86_64-pc-linux-gnu/bin/../lib/gcc/nios2-elf/4.9.2/../../../../../H-x86_64-pc-linux-gnu/nios2-elf/lib/mno-hw-mul/libsmallc.a(lib_a-printf.o)
 .comment       0x0000000000000000       0x24 /home/tyler/altera_lite/15.1/nios2eds/bin/gnu/H-x86_64-pc-linux-gnu/bin/../lib/gcc/nios2-elf/4.9.2/../../../../../H-x86_64-pc-linux-gnu/nios2-elf/lib/mno-hw-mul/libsmallc.a(lib_a-putchar.o)
 .comment       0x0000000000000000       0x24 /home/tyler/altera_lite/15.1/nios2eds/bin/gnu/H-x86_64-pc-linux-gnu/bin/../lib/gcc/nios2-elf/4.9.2/../../../../../H-x86_64-pc-linux-gnu/nios2-elf/lib/mno-hw-mul/libsmallc.a(lib_a-puts.o)
 .comment       0x0000000000000000       0x24 /home/tyler/altera_lite/15.1/nios2eds/bin/gnu/H-x86_64-pc-linux-gnu/bin/../lib/gcc/nios2-elf/4.9.2/../../../../../H-x86_64-pc-linux-gnu/nios2-elf/lib/mno-hw-mul/libsmallc.a(lib_a-strlen.o)
 .comment       0x0000000000000000       0x24 /home/tyler/altera_lite/15.1/nios2eds/bin/gnu/H-x86_64-pc-linux-gnu/bin/../lib/gcc/nios2-elf/4.9.2/../../../../../H-x86_64-pc-linux-gnu/nios2-elf/lib/mno-hw-mul/libsmallc.a(lib_a-vfprintf.o)
 .comment       0x0000000000000000       0x24 /home/tyler/altera_lite/15.1/nios2eds/bin/gnu/H-x86_64-pc-linux-gnu/bin/../lib/gcc/nios2-elf/4.9.2/../../../../../H-x86_64-pc-linux-gnu/nios2-elf/lib/mno-hw-mul/libsmallc.a(lib_a-fvwrite_small_dev.o)
 .comment       0x0000000000000000       0x24 /home/tyler/altera_lite/15.1/nios2eds/bin/gnu/H-x86_64-pc-linux-gnu/bin/../lib/gcc/nios2-elf/4.9.2/../../../../../H-x86_64-pc-linux-gnu/nios2-elf/lib/mno-hw-mul/libsmallc.a(lib_a-impure.o)
 .comment       0x0000000000000000       0x24 /home/tyler/altera_lite/15.1/nios2eds/bin/gnu/H-x86_64-pc-linux-gnu/bin/../lib/gcc/nios2-elf/4.9.2/../../../../../H-x86_64-pc-linux-gnu/nios2-elf/lib/mno-hw-mul/libsmallc.a(lib_a-putc.o)
 .comment       0x0000000000000000       0x24 /home/tyler/altera_lite/15.1/nios2eds/bin/gnu/H-x86_64-pc-linux-gnu/bin/../lib/gcc/nios2-elf/4.9.2/../../../../../H-x86_64-pc-linux-gnu/nios2-elf/lib/mno-hw-mul/libsmallc.a(lib_a-writer.o)
 .comment       0x0000000000000000       0x24 /home/tyler/altera_lite/15.1/nios2eds/bin/gnu/H-x86_64-pc-linux-gnu/bin/../lib/gcc/nios2-elf/4.9.2/../../../../../H-x86_64-pc-linux-gnu/nios2-elf/lib/mno-hw-mul/libsmallc.a(lib_a-int_errno.o)
 .comment       0x0000000000000000       0x24 /home/tyler/altera_lite/15.1/nios2eds/bin/gnu/H-x86_64-pc-linux-gnu/bin/../lib/gcc/nios2-elf/4.9.2/mno-hw-mul/libgcc.a(lib2-divmod.o)
 .comment       0x0000000000000000       0x24 ../nios2_sw_bsp//libhal_bsp.a(alt_fcntl.o)
 .comment       0x0000000000000000       0x24 ../nios2_sw_bsp//libhal_bsp.a(alt_iic.o)
 .comment       0x0000000000000000       0x24 ../nios2_sw_bsp//libhal_bsp.a(alt_iic_isr_register.o)
 .comment       0x0000000000000000       0x24 ../nios2_sw_bsp//libhal_bsp.a(alt_irq_handler.o)
 .comment       0x0000000000000000       0x24 ../nios2_sw_bsp//libhal_bsp.a(alt_irq_vars.o)
 .comment       0x0000000000000000       0x24 ../nios2_sw_bsp//libhal_bsp.a(alt_main.o)
 .comment       0x0000000000000000       0x24 ../nios2_sw_bsp//libhal_bsp.a(alt_read.o)
 .comment       0x0000000000000000       0x24 ../nios2_sw_bsp//libhal_bsp.a(alt_usleep.o)
 .comment       0x0000000000000000       0x24 ../nios2_sw_bsp//libhal_bsp.a(alt_write.o)
 .comment       0x0000000000000000       0x24 ../nios2_sw_bsp//libhal_bsp.a(alt_sys_init.o)
 .comment       0x0000000000000000       0x24 ../nios2_sw_bsp//libhal_bsp.a(altera_avalon_jtag_uart_fd.o)
 .comment       0x0000000000000000       0x24 ../nios2_sw_bsp//libhal_bsp.a(altera_avalon_jtag_uart_init.o)
 .comment       0x0000000000000000       0x24 ../nios2_sw_bsp//libhal_bsp.a(altera_avalon_jtag_uart_ioctl.o)
 .comment       0x0000000000000000       0x24 ../nios2_sw_bsp//libhal_bsp.a(altera_avalon_jtag_uart_read.o)
 .comment       0x0000000000000000       0x24 ../nios2_sw_bsp//libhal_bsp.a(altera_avalon_jtag_uart_write.o)
 .comment       0x0000000000000000       0x24 ../nios2_sw_bsp//libhal_bsp.a(altera_avalon_spi.o)
 .comment       0x0000000000000000       0x24 ../nios2_sw_bsp//libhal_bsp.a(altera_avalon_uart_fd.o)
 .comment       0x0000000000000000       0x24 ../nios2_sw_bsp//libhal_bsp.a(altera_avalon_uart_init.o)
 .comment       0x0000000000000000       0x24 ../nios2_sw_bsp//libhal_bsp.a(altera_avalon_uart_read.o)
 .comment       0x0000000000000000       0x24 ../nios2_sw_bsp//libhal_bsp.a(altera_avalon_uart_write.o)
 .comment       0x0000000000000000       0x24 ../nios2_sw_bsp//libhal_bsp.a(altera_onchip_flash.o)
 .comment       0x0000000000000000       0x24 ../nios2_sw_bsp//libhal_bsp.a(alt_alarm_start.o)
 .comment       0x0000000000000000       0x24 ../nios2_sw_bsp//libhal_bsp.a(alt_busy_sleep.o)
 .comment       0x0000000000000000       0x24 ../nios2_sw_bsp//libhal_bsp.a(alt_close.o)
 .comment       0x0000000000000000       0x24 ../nios2_sw_bsp//libhal_bsp.a(alt_dcache_flush.o)
 .comment       0x0000000000000000       0x24 ../nios2_sw_bsp//libhal_bsp.a(alt_dev.o)
 .comment       0x0000000000000000       0x24 ../nios2_sw_bsp//libhal_bsp.a(alt_dev_llist_insert.o)
 .comment       0x0000000000000000       0x24 ../nios2_sw_bsp//libhal_bsp.a(alt_do_ctors.o)
 .comment       0x0000000000000000       0x24 ../nios2_sw_bsp//libhal_bsp.a(alt_do_dtors.o)
 .comment       0x0000000000000000       0x24 ../nios2_sw_bsp//libhal_bsp.a(alt_errno.o)
 .comment       0x0000000000000000       0x24 ../nios2_sw_bsp//libhal_bsp.a(alt_flash_dev.o)
 .comment       0x0000000000000000       0x24 ../nios2_sw_bsp//libhal_bsp.a(alt_instruction_exception_entry.o)
 .comment       0x0000000000000000       0x24 ../nios2_sw_bsp//libhal_bsp.a(alt_io_redirect.o)
 .comment       0x0000000000000000       0x24 ../nios2_sw_bsp//libhal_bsp.a(alt_open.o)
 .comment       0x0000000000000000       0x24 ../nios2_sw_bsp//libhal_bsp.a(alt_release_fd.o)
 .comment       0x0000000000000000       0x24 ../nios2_sw_bsp//libhal_bsp.a(alt_tick.o)
 .comment       0x0000000000000000       0x24 ../nios2_sw_bsp//libhal_bsp.a(altera_nios2_gen2_irq.o)
 .comment       0x0000000000000000       0x24 ../nios2_sw_bsp//libhal_bsp.a(alt_find_dev.o)
 .comment       0x0000000000000000       0x24 ../nios2_sw_bsp//libhal_bsp.a(alt_find_file.o)
 .comment       0x0000000000000000       0x24 ../nios2_sw_bsp//libhal_bsp.a(alt_get_fd.o)
 .comment       0x0000000000000000       0x24 /home/tyler/altera_lite/15.1/nios2eds/bin/gnu/H-x86_64-pc-linux-gnu/bin/../lib/gcc/nios2-elf/4.9.2/../../../../../H-x86_64-pc-linux-gnu/nios2-elf/lib/mno-hw-mul/libsmallc.a(lib_a-atexit.o)
 .comment       0x0000000000000000       0x24 /home/tyler/altera_lite/15.1/nios2eds/bin/gnu/H-x86_64-pc-linux-gnu/bin/../lib/gcc/nios2-elf/4.9.2/../../../../../H-x86_64-pc-linux-gnu/nios2-elf/lib/mno-hw-mul/libsmallc.a(lib_a-exit.o)
 .comment       0x0000000000000000       0x24 /home/tyler/altera_lite/15.1/nios2eds/bin/gnu/H-x86_64-pc-linux-gnu/bin/../lib/gcc/nios2-elf/4.9.2/../../../../../H-x86_64-pc-linux-gnu/nios2-elf/lib/mno-hw-mul/libsmallc.a(lib_a-memcmp.o)
 .comment       0x0000000000000000       0x24 /home/tyler/altera_lite/15.1/nios2eds/bin/gnu/H-x86_64-pc-linux-gnu/bin/../lib/gcc/nios2-elf/4.9.2/../../../../../H-x86_64-pc-linux-gnu/nios2-elf/lib/mno-hw-mul/libsmallc.a(lib_a-memcpy.o)
 .comment       0x0000000000000000       0x24 /home/tyler/altera_lite/15.1/nios2eds/bin/gnu/H-x86_64-pc-linux-gnu/bin/../lib/gcc/nios2-elf/4.9.2/../../../../../H-x86_64-pc-linux-gnu/nios2-elf/lib/mno-hw-mul/libsmallc.a(lib_a-__atexit.o)
 .comment       0x0000000000000000       0x24 /home/tyler/altera_lite/15.1/nios2eds/bin/gnu/H-x86_64-pc-linux-gnu/bin/../lib/gcc/nios2-elf/4.9.2/../../../../../H-x86_64-pc-linux-gnu/nios2-elf/lib/mno-hw-mul/libsmallc.a(lib_a-__call_atexit.o)
 .comment       0x0000000000000000       0x24 ../nios2_sw_bsp//libhal_bsp.a(alt_exit.o)

.debug
 *(.debug)

.line
 *(.line)

.debug_srcinfo
 *(.debug_srcinfo)

.debug_sfnames
 *(.debug_sfnames)

.debug_aranges  0x0000000000000000      0x820
 *(.debug_aranges)
 .debug_aranges
                0x0000000000000000       0x20 ../nios2_sw_bsp//obj/HAL/src/crt0.o
 .debug_aranges
                0x0000000000000020       0x20 obj/default/tmc_temperature_readout_main.o
 .debug_aranges
                0x0000000000000040       0x20 /home/tyler/altera_lite/15.1/nios2eds/bin/gnu/H-x86_64-pc-linux-gnu/bin/../lib/gcc/nios2-elf/4.9.2/mno-hw-mul/libgcc.a(lib2-mul.o)
 .debug_aranges
                0x0000000000000060       0x28 /home/tyler/altera_lite/15.1/nios2eds/bin/gnu/H-x86_64-pc-linux-gnu/bin/../lib/gcc/nios2-elf/4.9.2/../../../../../H-x86_64-pc-linux-gnu/nios2-elf/lib/mno-hw-mul/libsmallc.a(lib_a-printf.o)
 .debug_aranges
                0x0000000000000088       0x28 /home/tyler/altera_lite/15.1/nios2eds/bin/gnu/H-x86_64-pc-linux-gnu/bin/../lib/gcc/nios2-elf/4.9.2/../../../../../H-x86_64-pc-linux-gnu/nios2-elf/lib/mno-hw-mul/libsmallc.a(lib_a-putchar.o)
 .debug_aranges
                0x00000000000000b0       0x28 /home/tyler/altera_lite/15.1/nios2eds/bin/gnu/H-x86_64-pc-linux-gnu/bin/../lib/gcc/nios2-elf/4.9.2/../../../../../H-x86_64-pc-linux-gnu/nios2-elf/lib/mno-hw-mul/libsmallc.a(lib_a-puts.o)
 .debug_aranges
                0x00000000000000d8       0x20 /home/tyler/altera_lite/15.1/nios2eds/bin/gnu/H-x86_64-pc-linux-gnu/bin/../lib/gcc/nios2-elf/4.9.2/../../../../../H-x86_64-pc-linux-gnu/nios2-elf/lib/mno-hw-mul/libsmallc.a(lib_a-strlen.o)
 .debug_aranges
                0x00000000000000f8       0x30 /home/tyler/altera_lite/15.1/nios2eds/bin/gnu/H-x86_64-pc-linux-gnu/bin/../lib/gcc/nios2-elf/4.9.2/../../../../../H-x86_64-pc-linux-gnu/nios2-elf/lib/mno-hw-mul/libsmallc.a(lib_a-vfprintf.o)
 .debug_aranges
                0x0000000000000128       0x20 /home/tyler/altera_lite/15.1/nios2eds/bin/gnu/H-x86_64-pc-linux-gnu/bin/../lib/gcc/nios2-elf/4.9.2/../../../../../H-x86_64-pc-linux-gnu/nios2-elf/lib/mno-hw-mul/libsmallc.a(lib_a-fvwrite_small_dev.o)
 .debug_aranges
                0x0000000000000148       0x18 /home/tyler/altera_lite/15.1/nios2eds/bin/gnu/H-x86_64-pc-linux-gnu/bin/../lib/gcc/nios2-elf/4.9.2/../../../../../H-x86_64-pc-linux-gnu/nios2-elf/lib/mno-hw-mul/libsmallc.a(lib_a-impure.o)
 .debug_aranges
                0x0000000000000160       0x28 /home/tyler/altera_lite/15.1/nios2eds/bin/gnu/H-x86_64-pc-linux-gnu/bin/../lib/gcc/nios2-elf/4.9.2/../../../../../H-x86_64-pc-linux-gnu/nios2-elf/lib/mno-hw-mul/libsmallc.a(lib_a-putc.o)
 .debug_aranges
                0x0000000000000188       0x20 /home/tyler/altera_lite/15.1/nios2eds/bin/gnu/H-x86_64-pc-linux-gnu/bin/../lib/gcc/nios2-elf/4.9.2/../../../../../H-x86_64-pc-linux-gnu/nios2-elf/lib/mno-hw-mul/libsmallc.a(lib_a-writer.o)
 .debug_aranges
                0x00000000000001a8       0x18 /home/tyler/altera_lite/15.1/nios2eds/bin/gnu/H-x86_64-pc-linux-gnu/bin/../lib/gcc/nios2-elf/4.9.2/../../../../../H-x86_64-pc-linux-gnu/nios2-elf/lib/mno-hw-mul/libsmallc.a(lib_a-int_errno.o)
 .debug_aranges
                0x00000000000001c0       0x20 /home/tyler/altera_lite/15.1/nios2eds/bin/gnu/H-x86_64-pc-linux-gnu/bin/../lib/gcc/nios2-elf/4.9.2/mno-hw-mul/libgcc.a(lib2-divmod.o)
 .debug_aranges
                0x00000000000001e0       0x20 ../nios2_sw_bsp//libhal_bsp.a(alt_fcntl.o)
 .debug_aranges
                0x0000000000000200       0x20 ../nios2_sw_bsp//libhal_bsp.a(alt_iic.o)
 .debug_aranges
                0x0000000000000220       0x20 ../nios2_sw_bsp//libhal_bsp.a(alt_iic_isr_register.o)
 .debug_aranges
                0x0000000000000240       0x30 ../nios2_sw_bsp//libhal_bsp.a(alt_irq_entry.o)
 .debug_aranges
                0x0000000000000270       0x20 ../nios2_sw_bsp//libhal_bsp.a(alt_irq_handler.o)
 .debug_aranges
                0x0000000000000290       0x18 ../nios2_sw_bsp//libhal_bsp.a(alt_irq_vars.o)
 .debug_aranges
                0x00000000000002a8       0x20 ../nios2_sw_bsp//libhal_bsp.a(alt_main.o)
 .debug_aranges
                0x00000000000002c8       0x20 ../nios2_sw_bsp//libhal_bsp.a(alt_read.o)
 .debug_aranges
                0x00000000000002e8       0x20 ../nios2_sw_bsp//libhal_bsp.a(alt_usleep.o)
 .debug_aranges
                0x0000000000000308       0x20 ../nios2_sw_bsp//libhal_bsp.a(alt_write.o)
 .debug_aranges
                0x0000000000000328       0x20 ../nios2_sw_bsp//libhal_bsp.a(alt_sys_init.o)
 .debug_aranges
                0x0000000000000348       0x20 ../nios2_sw_bsp//libhal_bsp.a(altera_avalon_jtag_uart_fd.o)
 .debug_aranges
                0x0000000000000368       0x20 ../nios2_sw_bsp//libhal_bsp.a(altera_avalon_jtag_uart_init.o)
 .debug_aranges
                0x0000000000000388       0x20 ../nios2_sw_bsp//libhal_bsp.a(altera_avalon_jtag_uart_ioctl.o)
 .debug_aranges
                0x00000000000003a8       0x20 ../nios2_sw_bsp//libhal_bsp.a(altera_avalon_jtag_uart_read.o)
 .debug_aranges
                0x00000000000003c8       0x20 ../nios2_sw_bsp//libhal_bsp.a(altera_avalon_jtag_uart_write.o)
 .debug_aranges
                0x00000000000003e8       0x20 ../nios2_sw_bsp//libhal_bsp.a(altera_avalon_spi.o)
 .debug_aranges
                0x0000000000000408       0x20 ../nios2_sw_bsp//libhal_bsp.a(altera_avalon_uart_fd.o)
 .debug_aranges
                0x0000000000000428       0x20 ../nios2_sw_bsp//libhal_bsp.a(altera_avalon_uart_init.o)
 .debug_aranges
                0x0000000000000448       0x20 ../nios2_sw_bsp//libhal_bsp.a(altera_avalon_uart_read.o)
 .debug_aranges
                0x0000000000000468       0x20 ../nios2_sw_bsp//libhal_bsp.a(altera_avalon_uart_write.o)
 .debug_aranges
                0x0000000000000488       0x20 ../nios2_sw_bsp//libhal_bsp.a(altera_onchip_flash.o)
 .debug_aranges
                0x00000000000004a8       0x20 ../nios2_sw_bsp//libhal_bsp.a(alt_alarm_start.o)
 .debug_aranges
                0x00000000000004c8       0x20 ../nios2_sw_bsp//libhal_bsp.a(alt_busy_sleep.o)
 .debug_aranges
                0x00000000000004e8       0x20 ../nios2_sw_bsp//libhal_bsp.a(alt_close.o)
 .debug_aranges
                0x0000000000000508       0x20 ../nios2_sw_bsp//libhal_bsp.a(alt_dcache_flush.o)
 .debug_aranges
                0x0000000000000528       0x20 ../nios2_sw_bsp//libhal_bsp.a(alt_dev.o)
 .debug_aranges
                0x0000000000000548       0x20 ../nios2_sw_bsp//libhal_bsp.a(alt_dev_llist_insert.o)
 .debug_aranges
                0x0000000000000568       0x20 ../nios2_sw_bsp//libhal_bsp.a(alt_do_ctors.o)
 .debug_aranges
                0x0000000000000588       0x20 ../nios2_sw_bsp//libhal_bsp.a(alt_do_dtors.o)
 .debug_aranges
                0x00000000000005a8       0x18 ../nios2_sw_bsp//libhal_bsp.a(alt_errno.o)
 .debug_aranges
                0x00000000000005c0       0x38 ../nios2_sw_bsp//libhal_bsp.a(alt_exception_entry.o)
 .debug_aranges
                0x00000000000005f8       0x20 ../nios2_sw_bsp//libhal_bsp.a(alt_flash_dev.o)
 .debug_aranges
                0x0000000000000618       0x28 ../nios2_sw_bsp//libhal_bsp.a(alt_instruction_exception_entry.o)
 .debug_aranges
                0x0000000000000640       0x20 ../nios2_sw_bsp//libhal_bsp.a(alt_io_redirect.o)
 .debug_aranges
                0x0000000000000660       0x20 ../nios2_sw_bsp//libhal_bsp.a(alt_open.o)
 .debug_aranges
                0x0000000000000680       0x20 ../nios2_sw_bsp//libhal_bsp.a(alt_release_fd.o)
 .debug_aranges
                0x00000000000006a0       0x20 ../nios2_sw_bsp//libhal_bsp.a(alt_tick.o)
 .debug_aranges
                0x00000000000006c0       0x20 ../nios2_sw_bsp//libhal_bsp.a(altera_nios2_gen2_irq.o)
 .debug_aranges
                0x00000000000006e0       0x20 ../nios2_sw_bsp//libhal_bsp.a(alt_find_dev.o)
 .debug_aranges
                0x0000000000000700       0x20 ../nios2_sw_bsp//libhal_bsp.a(alt_find_file.o)
 .debug_aranges
                0x0000000000000720       0x20 ../nios2_sw_bsp//libhal_bsp.a(alt_get_fd.o)
 .debug_aranges
                0x0000000000000740       0x20 /home/tyler/altera_lite/15.1/nios2eds/bin/gnu/H-x86_64-pc-linux-gnu/bin/../lib/gcc/nios2-elf/4.9.2/../../../../../H-x86_64-pc-linux-gnu/nios2-elf/lib/mno-hw-mul/libsmallc.a(lib_a-atexit.o)
 .debug_aranges
                0x0000000000000760       0x20 /home/tyler/altera_lite/15.1/nios2eds/bin/gnu/H-x86_64-pc-linux-gnu/bin/../lib/gcc/nios2-elf/4.9.2/../../../../../H-x86_64-pc-linux-gnu/nios2-elf/lib/mno-hw-mul/libsmallc.a(lib_a-exit.o)
 .debug_aranges
                0x0000000000000780       0x20 /home/tyler/altera_lite/15.1/nios2eds/bin/gnu/H-x86_64-pc-linux-gnu/bin/../lib/gcc/nios2-elf/4.9.2/../../../../../H-x86_64-pc-linux-gnu/nios2-elf/lib/mno-hw-mul/libsmallc.a(lib_a-memcmp.o)
 .debug_aranges
                0x00000000000007a0       0x20 /home/tyler/altera_lite/15.1/nios2eds/bin/gnu/H-x86_64-pc-linux-gnu/bin/../lib/gcc/nios2-elf/4.9.2/../../../../../H-x86_64-pc-linux-gnu/nios2-elf/lib/mno-hw-mul/libsmallc.a(lib_a-memcpy.o)
 .debug_aranges
                0x00000000000007c0       0x20 /home/tyler/altera_lite/15.1/nios2eds/bin/gnu/H-x86_64-pc-linux-gnu/bin/../lib/gcc/nios2-elf/4.9.2/../../../../../H-x86_64-pc-linux-gnu/nios2-elf/lib/mno-hw-mul/libsmallc.a(lib_a-__atexit.o)
 .debug_aranges
                0x00000000000007e0       0x20 /home/tyler/altera_lite/15.1/nios2eds/bin/gnu/H-x86_64-pc-linux-gnu/bin/../lib/gcc/nios2-elf/4.9.2/../../../../../H-x86_64-pc-linux-gnu/nios2-elf/lib/mno-hw-mul/libsmallc.a(lib_a-__call_atexit.o)
 .debug_aranges
                0x0000000000000800       0x20 ../nios2_sw_bsp//libhal_bsp.a(alt_exit.o)

.debug_pubnames
 *(.debug_pubnames)

.debug_info     0x0000000000000000     0xcb57
 *(.debug_info .gnu.linkonce.wi.*)
 .debug_info    0x0000000000000000       0x6c ../nios2_sw_bsp//obj/HAL/src/crt0.o
 .debug_info    0x000000000000006c      0x62b obj/default/tmc_temperature_readout_main.o
 .debug_info    0x0000000000000697       0xb4 /home/tyler/altera_lite/15.1/nios2eds/bin/gnu/H-x86_64-pc-linux-gnu/bin/../lib/gcc/nios2-elf/4.9.2/mno-hw-mul/libgcc.a(lib2-mul.o)
 .debug_info    0x000000000000074b      0x6c7 /home/tyler/altera_lite/15.1/nios2eds/bin/gnu/H-x86_64-pc-linux-gnu/bin/../lib/gcc/nios2-elf/4.9.2/../../../../../H-x86_64-pc-linux-gnu/nios2-elf/lib/mno-hw-mul/libsmallc.a(lib_a-printf.o)
 .debug_info    0x0000000000000e12      0x648 /home/tyler/altera_lite/15.1/nios2eds/bin/gnu/H-x86_64-pc-linux-gnu/bin/../lib/gcc/nios2-elf/4.9.2/../../../../../H-x86_64-pc-linux-gnu/nios2-elf/lib/mno-hw-mul/libsmallc.a(lib_a-putchar.o)
 .debug_info    0x000000000000145a      0x685 /home/tyler/altera_lite/15.1/nios2eds/bin/gnu/H-x86_64-pc-linux-gnu/bin/../lib/gcc/nios2-elf/4.9.2/../../../../../H-x86_64-pc-linux-gnu/nios2-elf/lib/mno-hw-mul/libsmallc.a(lib_a-puts.o)
 .debug_info    0x0000000000001adf       0xc2 /home/tyler/altera_lite/15.1/nios2eds/bin/gnu/H-x86_64-pc-linux-gnu/bin/../lib/gcc/nios2-elf/4.9.2/../../../../../H-x86_64-pc-linux-gnu/nios2-elf/lib/mno-hw-mul/libsmallc.a(lib_a-strlen.o)
 .debug_info    0x0000000000001ba1      0xb38 /home/tyler/altera_lite/15.1/nios2eds/bin/gnu/H-x86_64-pc-linux-gnu/bin/../lib/gcc/nios2-elf/4.9.2/../../../../../H-x86_64-pc-linux-gnu/nios2-elf/lib/mno-hw-mul/libsmallc.a(lib_a-vfprintf.o)
 .debug_info    0x00000000000026d9      0x656 /home/tyler/altera_lite/15.1/nios2eds/bin/gnu/H-x86_64-pc-linux-gnu/bin/../lib/gcc/nios2-elf/4.9.2/../../../../../H-x86_64-pc-linux-gnu/nios2-elf/lib/mno-hw-mul/libsmallc.a(lib_a-fvwrite_small_dev.o)
 .debug_info    0x0000000000002d2f      0x5a7 /home/tyler/altera_lite/15.1/nios2eds/bin/gnu/H-x86_64-pc-linux-gnu/bin/../lib/gcc/nios2-elf/4.9.2/../../../../../H-x86_64-pc-linux-gnu/nios2-elf/lib/mno-hw-mul/libsmallc.a(lib_a-impure.o)
 .debug_info    0x00000000000032d6      0x680 /home/tyler/altera_lite/15.1/nios2eds/bin/gnu/H-x86_64-pc-linux-gnu/bin/../lib/gcc/nios2-elf/4.9.2/../../../../../H-x86_64-pc-linux-gnu/nios2-elf/lib/mno-hw-mul/libsmallc.a(lib_a-putc.o)
 .debug_info    0x0000000000003956      0x639 /home/tyler/altera_lite/15.1/nios2eds/bin/gnu/H-x86_64-pc-linux-gnu/bin/../lib/gcc/nios2-elf/4.9.2/../../../../../H-x86_64-pc-linux-gnu/nios2-elf/lib/mno-hw-mul/libsmallc.a(lib_a-writer.o)
 .debug_info    0x0000000000003f8f       0x83 /home/tyler/altera_lite/15.1/nios2eds/bin/gnu/H-x86_64-pc-linux-gnu/bin/../lib/gcc/nios2-elf/4.9.2/../../../../../H-x86_64-pc-linux-gnu/nios2-elf/lib/mno-hw-mul/libsmallc.a(lib_a-int_errno.o)
 .debug_info    0x0000000000004012      0x234 /home/tyler/altera_lite/15.1/nios2eds/bin/gnu/H-x86_64-pc-linux-gnu/bin/../lib/gcc/nios2-elf/4.9.2/mno-hw-mul/libgcc.a(lib2-divmod.o)
 .debug_info    0x0000000000004246      0x4c6 ../nios2_sw_bsp//libhal_bsp.a(alt_fcntl.o)
 .debug_info    0x000000000000470c      0x349 ../nios2_sw_bsp//libhal_bsp.a(alt_iic.o)
 .debug_info    0x0000000000004a55      0x1e8 ../nios2_sw_bsp//libhal_bsp.a(alt_iic_isr_register.o)
 .debug_info    0x0000000000004c3d       0x71 ../nios2_sw_bsp//libhal_bsp.a(alt_irq_entry.o)
 .debug_info    0x0000000000004cae      0x180 ../nios2_sw_bsp//libhal_bsp.a(alt_irq_handler.o)
 .debug_info    0x0000000000004e2e       0x88 ../nios2_sw_bsp//libhal_bsp.a(alt_irq_vars.o)
 .debug_info    0x0000000000004eb6      0x12a ../nios2_sw_bsp//libhal_bsp.a(alt_main.o)
 .debug_info    0x0000000000004fe0      0x4a9 ../nios2_sw_bsp//libhal_bsp.a(alt_read.o)
 .debug_info    0x0000000000005489       0xa9 ../nios2_sw_bsp//libhal_bsp.a(alt_usleep.o)
 .debug_info    0x0000000000005532      0x4b0 ../nios2_sw_bsp//libhal_bsp.a(alt_write.o)
 .debug_info    0x00000000000059e2      0x945 ../nios2_sw_bsp//libhal_bsp.a(alt_sys_init.o)
 .debug_info    0x0000000000006327      0x527 ../nios2_sw_bsp//libhal_bsp.a(altera_avalon_jtag_uart_fd.o)
 .debug_info    0x000000000000684e      0x3a1 ../nios2_sw_bsp//libhal_bsp.a(altera_avalon_jtag_uart_init.o)
 .debug_info    0x0000000000006bef      0x279 ../nios2_sw_bsp//libhal_bsp.a(altera_avalon_jtag_uart_ioctl.o)
 .debug_info    0x0000000000006e68      0x342 ../nios2_sw_bsp//libhal_bsp.a(altera_avalon_jtag_uart_read.o)
 .debug_info    0x00000000000071aa      0x339 ../nios2_sw_bsp//libhal_bsp.a(altera_avalon_jtag_uart_write.o)
 .debug_info    0x00000000000074e3      0x186 ../nios2_sw_bsp//libhal_bsp.a(altera_avalon_spi.o)
 .debug_info    0x0000000000007669      0x440 ../nios2_sw_bsp//libhal_bsp.a(altera_avalon_uart_fd.o)
 .debug_info    0x0000000000007aa9      0x32c ../nios2_sw_bsp//libhal_bsp.a(altera_avalon_uart_init.o)
 .debug_info    0x0000000000007dd5      0x312 ../nios2_sw_bsp//libhal_bsp.a(altera_avalon_uart_read.o)
 .debug_info    0x00000000000080e7      0x317 ../nios2_sw_bsp//libhal_bsp.a(altera_avalon_uart_write.o)
 .debug_info    0x00000000000083fe      0x96e ../nios2_sw_bsp//libhal_bsp.a(altera_onchip_flash.o)
 .debug_info    0x0000000000008d6c      0x2c5 ../nios2_sw_bsp//libhal_bsp.a(alt_alarm_start.o)
 .debug_info    0x0000000000009031       0xd0 ../nios2_sw_bsp//libhal_bsp.a(alt_busy_sleep.o)
 .debug_info    0x0000000000009101      0x31a ../nios2_sw_bsp//libhal_bsp.a(alt_close.o)
 .debug_info    0x000000000000941b       0xb5 ../nios2_sw_bsp//libhal_bsp.a(alt_dcache_flush.o)
 .debug_info    0x00000000000094d0      0x495 ../nios2_sw_bsp//libhal_bsp.a(alt_dev.o)
 .debug_info    0x0000000000009965      0x1a2 ../nios2_sw_bsp//libhal_bsp.a(alt_dev_llist_insert.o)
 .debug_info    0x0000000000009b07       0x83 ../nios2_sw_bsp//libhal_bsp.a(alt_do_ctors.o)
 .debug_info    0x0000000000009b8a       0x83 ../nios2_sw_bsp//libhal_bsp.a(alt_do_dtors.o)
 .debug_info    0x0000000000009c0d       0x9f ../nios2_sw_bsp//libhal_bsp.a(alt_errno.o)
 .debug_info    0x0000000000009cac       0x77 ../nios2_sw_bsp//libhal_bsp.a(alt_exception_entry.o)
 .debug_info    0x0000000000009d23      0x3d0 ../nios2_sw_bsp//libhal_bsp.a(alt_flash_dev.o)
 .debug_info    0x000000000000a0f3      0x1d8 ../nios2_sw_bsp//libhal_bsp.a(alt_instruction_exception_entry.o)
 .debug_info    0x000000000000a2cb      0x49e ../nios2_sw_bsp//libhal_bsp.a(alt_io_redirect.o)
 .debug_info    0x000000000000a769      0x3b4 ../nios2_sw_bsp//libhal_bsp.a(alt_open.o)
 .debug_info    0x000000000000ab1d      0x2b0 ../nios2_sw_bsp//libhal_bsp.a(alt_release_fd.o)
 .debug_info    0x000000000000adcd      0x292 ../nios2_sw_bsp//libhal_bsp.a(alt_tick.o)
 .debug_info    0x000000000000b05f       0x8b ../nios2_sw_bsp//libhal_bsp.a(altera_nios2_gen2_irq.o)
 .debug_info    0x000000000000b0ea      0x2e2 ../nios2_sw_bsp//libhal_bsp.a(alt_find_dev.o)
 .debug_info    0x000000000000b3cc      0x2df ../nios2_sw_bsp//libhal_bsp.a(alt_find_file.o)
 .debug_info    0x000000000000b6ab      0x309 ../nios2_sw_bsp//libhal_bsp.a(alt_get_fd.o)
 .debug_info    0x000000000000b9b4      0x10a /home/tyler/altera_lite/15.1/nios2eds/bin/gnu/H-x86_64-pc-linux-gnu/bin/../lib/gcc/nios2-elf/4.9.2/../../../../../H-x86_64-pc-linux-gnu/nios2-elf/lib/mno-hw-mul/libsmallc.a(lib_a-atexit.o)
 .debug_info    0x000000000000babe       0xed /home/tyler/altera_lite/15.1/nios2eds/bin/gnu/H-x86_64-pc-linux-gnu/bin/../lib/gcc/nios2-elf/4.9.2/../../../../../H-x86_64-pc-linux-gnu/nios2-elf/lib/mno-hw-mul/libsmallc.a(lib_a-exit.o)
 .debug_info    0x000000000000bbab       0xed /home/tyler/altera_lite/15.1/nios2eds/bin/gnu/H-x86_64-pc-linux-gnu/bin/../lib/gcc/nios2-elf/4.9.2/../../../../../H-x86_64-pc-linux-gnu/nios2-elf/lib/mno-hw-mul/libsmallc.a(lib_a-memcmp.o)
 .debug_info    0x000000000000bc98      0x106 /home/tyler/altera_lite/15.1/nios2eds/bin/gnu/H-x86_64-pc-linux-gnu/bin/../lib/gcc/nios2-elf/4.9.2/../../../../../H-x86_64-pc-linux-gnu/nios2-elf/lib/mno-hw-mul/libsmallc.a(lib_a-memcpy.o)
 .debug_info    0x000000000000bd9e      0x655 /home/tyler/altera_lite/15.1/nios2eds/bin/gnu/H-x86_64-pc-linux-gnu/bin/../lib/gcc/nios2-elf/4.9.2/../../../../../H-x86_64-pc-linux-gnu/nios2-elf/lib/mno-hw-mul/libsmallc.a(lib_a-__atexit.o)
 .debug_info    0x000000000000c3f3      0x67f /home/tyler/altera_lite/15.1/nios2eds/bin/gnu/H-x86_64-pc-linux-gnu/bin/../lib/gcc/nios2-elf/4.9.2/../../../../../H-x86_64-pc-linux-gnu/nios2-elf/lib/mno-hw-mul/libsmallc.a(lib_a-__call_atexit.o)
 .debug_info    0x000000000000ca72       0xe5 ../nios2_sw_bsp//libhal_bsp.a(alt_exit.o)

.debug_abbrev   0x0000000000000000     0x436e
 *(.debug_abbrev)
 .debug_abbrev  0x0000000000000000       0x14 ../nios2_sw_bsp//obj/HAL/src/crt0.o
 .debug_abbrev  0x0000000000000014      0x188 obj/default/tmc_temperature_readout_main.o
 .debug_abbrev  0x000000000000019c       0x6f /home/tyler/altera_lite/15.1/nios2eds/bin/gnu/H-x86_64-pc-linux-gnu/bin/../lib/gcc/nios2-elf/4.9.2/mno-hw-mul/libgcc.a(lib2-mul.o)
 .debug_abbrev  0x000000000000020b      0x1fe /home/tyler/altera_lite/15.1/nios2eds/bin/gnu/H-x86_64-pc-linux-gnu/bin/../lib/gcc/nios2-elf/4.9.2/../../../../../H-x86_64-pc-linux-gnu/nios2-elf/lib/mno-hw-mul/libsmallc.a(lib_a-printf.o)
 .debug_abbrev  0x0000000000000409      0x1c4 /home/tyler/altera_lite/15.1/nios2eds/bin/gnu/H-x86_64-pc-linux-gnu/bin/../lib/gcc/nios2-elf/4.9.2/../../../../../H-x86_64-pc-linux-gnu/nios2-elf/lib/mno-hw-mul/libsmallc.a(lib_a-putchar.o)
 .debug_abbrev  0x00000000000005cd      0x1ed /home/tyler/altera_lite/15.1/nios2eds/bin/gnu/H-x86_64-pc-linux-gnu/bin/../lib/gcc/nios2-elf/4.9.2/../../../../../H-x86_64-pc-linux-gnu/nios2-elf/lib/mno-hw-mul/libsmallc.a(lib_a-puts.o)
 .debug_abbrev  0x00000000000007ba       0x7f /home/tyler/altera_lite/15.1/nios2eds/bin/gnu/H-x86_64-pc-linux-gnu/bin/../lib/gcc/nios2-elf/4.9.2/../../../../../H-x86_64-pc-linux-gnu/nios2-elf/lib/mno-hw-mul/libsmallc.a(lib_a-strlen.o)
 .debug_abbrev  0x0000000000000839      0x2a1 /home/tyler/altera_lite/15.1/nios2eds/bin/gnu/H-x86_64-pc-linux-gnu/bin/../lib/gcc/nios2-elf/4.9.2/../../../../../H-x86_64-pc-linux-gnu/nios2-elf/lib/mno-hw-mul/libsmallc.a(lib_a-vfprintf.o)
 .debug_abbrev  0x0000000000000ada      0x1c3 /home/tyler/altera_lite/15.1/nios2eds/bin/gnu/H-x86_64-pc-linux-gnu/bin/../lib/gcc/nios2-elf/4.9.2/../../../../../H-x86_64-pc-linux-gnu/nios2-elf/lib/mno-hw-mul/libsmallc.a(lib_a-fvwrite_small_dev.o)
 .debug_abbrev  0x0000000000000c9d      0x14a /home/tyler/altera_lite/15.1/nios2eds/bin/gnu/H-x86_64-pc-linux-gnu/bin/../lib/gcc/nios2-elf/4.9.2/../../../../../H-x86_64-pc-linux-gnu/nios2-elf/lib/mno-hw-mul/libsmallc.a(lib_a-impure.o)
 .debug_abbrev  0x0000000000000de7      0x1bf /home/tyler/altera_lite/15.1/nios2eds/bin/gnu/H-x86_64-pc-linux-gnu/bin/../lib/gcc/nios2-elf/4.9.2/../../../../../H-x86_64-pc-linux-gnu/nios2-elf/lib/mno-hw-mul/libsmallc.a(lib_a-putc.o)
 .debug_abbrev  0x0000000000000fa6      0x1a8 /home/tyler/altera_lite/15.1/nios2eds/bin/gnu/H-x86_64-pc-linux-gnu/bin/../lib/gcc/nios2-elf/4.9.2/../../../../../H-x86_64-pc-linux-gnu/nios2-elf/lib/mno-hw-mul/libsmallc.a(lib_a-writer.o)
 .debug_abbrev  0x000000000000114e       0x37 /home/tyler/altera_lite/15.1/nios2eds/bin/gnu/H-x86_64-pc-linux-gnu/bin/../lib/gcc/nios2-elf/4.9.2/../../../../../H-x86_64-pc-linux-gnu/nios2-elf/lib/mno-hw-mul/libsmallc.a(lib_a-int_errno.o)
 .debug_abbrev  0x0000000000001185       0xd9 /home/tyler/altera_lite/15.1/nios2eds/bin/gnu/H-x86_64-pc-linux-gnu/bin/../lib/gcc/nios2-elf/4.9.2/mno-hw-mul/libgcc.a(lib2-divmod.o)
 .debug_abbrev  0x000000000000125e      0x13c ../nios2_sw_bsp//libhal_bsp.a(alt_fcntl.o)
 .debug_abbrev  0x000000000000139a      0x163 ../nios2_sw_bsp//libhal_bsp.a(alt_iic.o)
 .debug_abbrev  0x00000000000014fd      0x169 ../nios2_sw_bsp//libhal_bsp.a(alt_iic_isr_register.o)
 .debug_abbrev  0x0000000000001666       0x12 ../nios2_sw_bsp//libhal_bsp.a(alt_irq_entry.o)
 .debug_abbrev  0x0000000000001678      0x122 ../nios2_sw_bsp//libhal_bsp.a(alt_irq_handler.o)
 .debug_abbrev  0x000000000000179a       0x40 ../nios2_sw_bsp//libhal_bsp.a(alt_irq_vars.o)
 .debug_abbrev  0x00000000000017da       0xba ../nios2_sw_bsp//libhal_bsp.a(alt_main.o)
 .debug_abbrev  0x0000000000001894      0x12e ../nios2_sw_bsp//libhal_bsp.a(alt_read.o)
 .debug_abbrev  0x00000000000019c2       0x60 ../nios2_sw_bsp//libhal_bsp.a(alt_usleep.o)
 .debug_abbrev  0x0000000000001a22      0x133 ../nios2_sw_bsp//libhal_bsp.a(alt_write.o)
 .debug_abbrev  0x0000000000001b55      0x190 ../nios2_sw_bsp//libhal_bsp.a(alt_sys_init.o)
 .debug_abbrev  0x0000000000001ce5      0x127 ../nios2_sw_bsp//libhal_bsp.a(altera_avalon_jtag_uart_fd.o)
 .debug_abbrev  0x0000000000001e0c      0x197 ../nios2_sw_bsp//libhal_bsp.a(altera_avalon_jtag_uart_init.o)
 .debug_abbrev  0x0000000000001fa3      0x111 ../nios2_sw_bsp//libhal_bsp.a(altera_avalon_jtag_uart_ioctl.o)
 .debug_abbrev  0x00000000000020b4      0x1ac ../nios2_sw_bsp//libhal_bsp.a(altera_avalon_jtag_uart_read.o)
 .debug_abbrev  0x0000000000002260      0x1a8 ../nios2_sw_bsp//libhal_bsp.a(altera_avalon_jtag_uart_write.o)
 .debug_abbrev  0x0000000000002408       0x8a ../nios2_sw_bsp//libhal_bsp.a(altera_avalon_spi.o)
 .debug_abbrev  0x0000000000002492      0x109 ../nios2_sw_bsp//libhal_bsp.a(altera_avalon_uart_fd.o)
 .debug_abbrev  0x000000000000259b      0x178 ../nios2_sw_bsp//libhal_bsp.a(altera_avalon_uart_init.o)
 .debug_abbrev  0x0000000000002713      0x183 ../nios2_sw_bsp//libhal_bsp.a(altera_avalon_uart_read.o)
 .debug_abbrev  0x0000000000002896      0x18a ../nios2_sw_bsp//libhal_bsp.a(altera_avalon_uart_write.o)
 .debug_abbrev  0x0000000000002a20      0x1da ../nios2_sw_bsp//libhal_bsp.a(altera_onchip_flash.o)
 .debug_abbrev  0x0000000000002bfa      0x162 ../nios2_sw_bsp//libhal_bsp.a(alt_alarm_start.o)
 .debug_abbrev  0x0000000000002d5c       0x7e ../nios2_sw_bsp//libhal_bsp.a(alt_busy_sleep.o)
 .debug_abbrev  0x0000000000002dda      0x11f ../nios2_sw_bsp//libhal_bsp.a(alt_close.o)
 .debug_abbrev  0x0000000000002ef9       0x74 ../nios2_sw_bsp//libhal_bsp.a(alt_dcache_flush.o)
 .debug_abbrev  0x0000000000002f6d       0xd9 ../nios2_sw_bsp//libhal_bsp.a(alt_dev.o)
 .debug_abbrev  0x0000000000003046      0x114 ../nios2_sw_bsp//libhal_bsp.a(alt_dev_llist_insert.o)
 .debug_abbrev  0x000000000000315a       0x79 ../nios2_sw_bsp//libhal_bsp.a(alt_do_ctors.o)
 .debug_abbrev  0x00000000000031d3       0x79 ../nios2_sw_bsp//libhal_bsp.a(alt_do_dtors.o)
 .debug_abbrev  0x000000000000324c       0x5a ../nios2_sw_bsp//libhal_bsp.a(alt_errno.o)
 .debug_abbrev  0x00000000000032a6       0x12 ../nios2_sw_bsp//libhal_bsp.a(alt_exception_entry.o)
 .debug_abbrev  0x00000000000032b8      0x11a ../nios2_sw_bsp//libhal_bsp.a(alt_flash_dev.o)
 .debug_abbrev  0x00000000000033d2       0xd1 ../nios2_sw_bsp//libhal_bsp.a(alt_instruction_exception_entry.o)
 .debug_abbrev  0x00000000000034a3      0x114 ../nios2_sw_bsp//libhal_bsp.a(alt_io_redirect.o)
 .debug_abbrev  0x00000000000035b7      0x148 ../nios2_sw_bsp//libhal_bsp.a(alt_open.o)
 .debug_abbrev  0x00000000000036ff       0xde ../nios2_sw_bsp//libhal_bsp.a(alt_release_fd.o)
 .debug_abbrev  0x00000000000037dd      0x15a ../nios2_sw_bsp//libhal_bsp.a(alt_tick.o)
 .debug_abbrev  0x0000000000003937       0x42 ../nios2_sw_bsp//libhal_bsp.a(altera_nios2_gen2_irq.o)
 .debug_abbrev  0x0000000000003979       0xf0 ../nios2_sw_bsp//libhal_bsp.a(alt_find_dev.o)
 .debug_abbrev  0x0000000000003a69       0xf0 ../nios2_sw_bsp//libhal_bsp.a(alt_find_file.o)
 .debug_abbrev  0x0000000000003b59      0x10d ../nios2_sw_bsp//libhal_bsp.a(alt_get_fd.o)
 .debug_abbrev  0x0000000000003c66       0xb8 /home/tyler/altera_lite/15.1/nios2eds/bin/gnu/H-x86_64-pc-linux-gnu/bin/../lib/gcc/nios2-elf/4.9.2/../../../../../H-x86_64-pc-linux-gnu/nios2-elf/lib/mno-hw-mul/libsmallc.a(lib_a-atexit.o)
 .debug_abbrev  0x0000000000003d1e       0xa9 /home/tyler/altera_lite/15.1/nios2eds/bin/gnu/H-x86_64-pc-linux-gnu/bin/../lib/gcc/nios2-elf/4.9.2/../../../../../H-x86_64-pc-linux-gnu/nios2-elf/lib/mno-hw-mul/libsmallc.a(lib_a-exit.o)
 .debug_abbrev  0x0000000000003dc7       0x7f /home/tyler/altera_lite/15.1/nios2eds/bin/gnu/H-x86_64-pc-linux-gnu/bin/../lib/gcc/nios2-elf/4.9.2/../../../../../H-x86_64-pc-linux-gnu/nios2-elf/lib/mno-hw-mul/libsmallc.a(lib_a-memcmp.o)
 .debug_abbrev  0x0000000000003e46       0xa4 /home/tyler/altera_lite/15.1/nios2eds/bin/gnu/H-x86_64-pc-linux-gnu/bin/../lib/gcc/nios2-elf/4.9.2/../../../../../H-x86_64-pc-linux-gnu/nios2-elf/lib/mno-hw-mul/libsmallc.a(lib_a-memcpy.o)
 .debug_abbrev  0x0000000000003eea      0x1e6 /home/tyler/altera_lite/15.1/nios2eds/bin/gnu/H-x86_64-pc-linux-gnu/bin/../lib/gcc/nios2-elf/4.9.2/../../../../../H-x86_64-pc-linux-gnu/nios2-elf/lib/mno-hw-mul/libsmallc.a(lib_a-__atexit.o)
 .debug_abbrev  0x00000000000040d0      0x1f8 /home/tyler/altera_lite/15.1/nios2eds/bin/gnu/H-x86_64-pc-linux-gnu/bin/../lib/gcc/nios2-elf/4.9.2/../../../../../H-x86_64-pc-linux-gnu/nios2-elf/lib/mno-hw-mul/libsmallc.a(lib_a-__call_atexit.o)
 .debug_abbrev  0x00000000000042c8       0xa6 ../nios2_sw_bsp//libhal_bsp.a(alt_exit.o)

.debug_line     0x0000000000000000     0x4bff
 *(.debug_line)
 .debug_line    0x0000000000000000       0x51 ../nios2_sw_bsp//obj/HAL/src/crt0.o
 .debug_line    0x0000000000000051      0x31a obj/default/tmc_temperature_readout_main.o
 .debug_line    0x000000000000036b       0x80 /home/tyler/altera_lite/15.1/nios2eds/bin/gnu/H-x86_64-pc-linux-gnu/bin/../lib/gcc/nios2-elf/4.9.2/mno-hw-mul/libgcc.a(lib2-mul.o)
 .debug_line    0x00000000000003eb      0x208 /home/tyler/altera_lite/15.1/nios2eds/bin/gnu/H-x86_64-pc-linux-gnu/bin/../lib/gcc/nios2-elf/4.9.2/../../../../../H-x86_64-pc-linux-gnu/nios2-elf/lib/mno-hw-mul/libsmallc.a(lib_a-printf.o)
 .debug_line    0x00000000000005f3      0x1eb /home/tyler/altera_lite/15.1/nios2eds/bin/gnu/H-x86_64-pc-linux-gnu/bin/../lib/gcc/nios2-elf/4.9.2/../../../../../H-x86_64-pc-linux-gnu/nios2-elf/lib/mno-hw-mul/libsmallc.a(lib_a-putchar.o)
 .debug_line    0x00000000000007de      0x208 /home/tyler/altera_lite/15.1/nios2eds/bin/gnu/H-x86_64-pc-linux-gnu/bin/../lib/gcc/nios2-elf/4.9.2/../../../../../H-x86_64-pc-linux-gnu/nios2-elf/lib/mno-hw-mul/libsmallc.a(lib_a-puts.o)
 .debug_line    0x00000000000009e6      0x15c /home/tyler/altera_lite/15.1/nios2eds/bin/gnu/H-x86_64-pc-linux-gnu/bin/../lib/gcc/nios2-elf/4.9.2/../../../../../H-x86_64-pc-linux-gnu/nios2-elf/lib/mno-hw-mul/libsmallc.a(lib_a-strlen.o)
 .debug_line    0x0000000000000b42      0x355 /home/tyler/altera_lite/15.1/nios2eds/bin/gnu/H-x86_64-pc-linux-gnu/bin/../lib/gcc/nios2-elf/4.9.2/../../../../../H-x86_64-pc-linux-gnu/nios2-elf/lib/mno-hw-mul/libsmallc.a(lib_a-vfprintf.o)
 .debug_line    0x0000000000000e97      0x1f2 /home/tyler/altera_lite/15.1/nios2eds/bin/gnu/H-x86_64-pc-linux-gnu/bin/../lib/gcc/nios2-elf/4.9.2/../../../../../H-x86_64-pc-linux-gnu/nios2-elf/lib/mno-hw-mul/libsmallc.a(lib_a-fvwrite_small_dev.o)
 .debug_line    0x0000000000001089      0x156 /home/tyler/altera_lite/15.1/nios2eds/bin/gnu/H-x86_64-pc-linux-gnu/bin/../lib/gcc/nios2-elf/4.9.2/../../../../../H-x86_64-pc-linux-gnu/nios2-elf/lib/mno-hw-mul/libsmallc.a(lib_a-impure.o)
 .debug_line    0x00000000000011df      0x202 /home/tyler/altera_lite/15.1/nios2eds/bin/gnu/H-x86_64-pc-linux-gnu/bin/../lib/gcc/nios2-elf/4.9.2/../../../../../H-x86_64-pc-linux-gnu/nios2-elf/lib/mno-hw-mul/libsmallc.a(lib_a-putc.o)
 .debug_line    0x00000000000013e1      0x1ed /home/tyler/altera_lite/15.1/nios2eds/bin/gnu/H-x86_64-pc-linux-gnu/bin/../lib/gcc/nios2-elf/4.9.2/../../../../../H-x86_64-pc-linux-gnu/nios2-elf/lib/mno-hw-mul/libsmallc.a(lib_a-writer.o)
 .debug_line    0x00000000000015ce       0x5f /home/tyler/altera_lite/15.1/nios2eds/bin/gnu/H-x86_64-pc-linux-gnu/bin/../lib/gcc/nios2-elf/4.9.2/../../../../../H-x86_64-pc-linux-gnu/nios2-elf/lib/mno-hw-mul/libsmallc.a(lib_a-int_errno.o)
 .debug_line    0x000000000000162d       0xc7 /home/tyler/altera_lite/15.1/nios2eds/bin/gnu/H-x86_64-pc-linux-gnu/bin/../lib/gcc/nios2-elf/4.9.2/mno-hw-mul/libgcc.a(lib2-divmod.o)
 .debug_line    0x00000000000016f4      0x1fc ../nios2_sw_bsp//libhal_bsp.a(alt_fcntl.o)
 .debug_line    0x00000000000018f0       0xef ../nios2_sw_bsp//libhal_bsp.a(alt_iic.o)
 .debug_line    0x00000000000019df       0xdb ../nios2_sw_bsp//libhal_bsp.a(alt_iic_isr_register.o)
 .debug_line    0x0000000000001aba       0x6b ../nios2_sw_bsp//libhal_bsp.a(alt_irq_entry.o)
 .debug_line    0x0000000000001b25       0xaa ../nios2_sw_bsp//libhal_bsp.a(alt_irq_handler.o)
 .debug_line    0x0000000000001bcf       0x50 ../nios2_sw_bsp//libhal_bsp.a(alt_irq_vars.o)
 .debug_line    0x0000000000001c1f       0xa4 ../nios2_sw_bsp//libhal_bsp.a(alt_main.o)
 .debug_line    0x0000000000001cc3      0x1f3 ../nios2_sw_bsp//libhal_bsp.a(alt_read.o)
 .debug_line    0x0000000000001eb6       0xb8 ../nios2_sw_bsp//libhal_bsp.a(alt_usleep.o)
 .debug_line    0x0000000000001f6e      0x1f2 ../nios2_sw_bsp//libhal_bsp.a(alt_write.o)
 .debug_line    0x0000000000002160      0x1c8 ../nios2_sw_bsp//libhal_bsp.a(alt_sys_init.o)
 .debug_line    0x0000000000002328      0x12f ../nios2_sw_bsp//libhal_bsp.a(altera_avalon_jtag_uart_fd.o)
 .debug_line    0x0000000000002457      0x180 ../nios2_sw_bsp//libhal_bsp.a(altera_avalon_jtag_uart_init.o)
 .debug_line    0x00000000000025d7      0x12e ../nios2_sw_bsp//libhal_bsp.a(altera_avalon_jtag_uart_ioctl.o)
 .debug_line    0x0000000000002705      0x16a ../nios2_sw_bsp//libhal_bsp.a(altera_avalon_jtag_uart_read.o)
 .debug_line    0x000000000000286f      0x16a ../nios2_sw_bsp//libhal_bsp.a(altera_avalon_jtag_uart_write.o)
 .debug_line    0x00000000000029d9       0xb7 ../nios2_sw_bsp//libhal_bsp.a(altera_avalon_spi.o)
 .debug_line    0x0000000000002a90       0xee ../nios2_sw_bsp//libhal_bsp.a(altera_avalon_uart_fd.o)
 .debug_line    0x0000000000002b7e      0x18a ../nios2_sw_bsp//libhal_bsp.a(altera_avalon_uart_init.o)
 .debug_line    0x0000000000002d08      0x17f ../nios2_sw_bsp//libhal_bsp.a(altera_avalon_uart_read.o)
 .debug_line    0x0000000000002e87      0x166 ../nios2_sw_bsp//libhal_bsp.a(altera_avalon_uart_write.o)
 .debug_line    0x0000000000002fed      0x2e2 ../nios2_sw_bsp//libhal_bsp.a(altera_onchip_flash.o)
 .debug_line    0x00000000000032cf       0xfa ../nios2_sw_bsp//libhal_bsp.a(alt_alarm_start.o)
 .debug_line    0x00000000000033c9       0xa2 ../nios2_sw_bsp//libhal_bsp.a(alt_busy_sleep.o)
 .debug_line    0x000000000000346b      0x171 ../nios2_sw_bsp//libhal_bsp.a(alt_close.o)
 .debug_line    0x00000000000035dc       0x67 ../nios2_sw_bsp//libhal_bsp.a(alt_dcache_flush.o)
 .debug_line    0x0000000000003643      0x103 ../nios2_sw_bsp//libhal_bsp.a(alt_dev.o)
 .debug_line    0x0000000000003746       0xd0 ../nios2_sw_bsp//libhal_bsp.a(alt_dev_llist_insert.o)
 .debug_line    0x0000000000003816       0x59 ../nios2_sw_bsp//libhal_bsp.a(alt_do_ctors.o)
 .debug_line    0x000000000000386f       0x59 ../nios2_sw_bsp//libhal_bsp.a(alt_do_dtors.o)
 .debug_line    0x00000000000038c8       0x51 ../nios2_sw_bsp//libhal_bsp.a(alt_errno.o)
 .debug_line    0x0000000000003919       0xb3 ../nios2_sw_bsp//libhal_bsp.a(alt_exception_entry.o)
 .debug_line    0x00000000000039cc       0xde ../nios2_sw_bsp//libhal_bsp.a(alt_flash_dev.o)
 .debug_line    0x0000000000003aaa       0xb9 ../nios2_sw_bsp//libhal_bsp.a(alt_instruction_exception_entry.o)
 .debug_line    0x0000000000003b63      0x140 ../nios2_sw_bsp//libhal_bsp.a(alt_io_redirect.o)
 .debug_line    0x0000000000003ca3      0x12d ../nios2_sw_bsp//libhal_bsp.a(alt_open.o)
 .debug_line    0x0000000000003dd0       0xb0 ../nios2_sw_bsp//libhal_bsp.a(alt_release_fd.o)
 .debug_line    0x0000000000003e80       0xfe ../nios2_sw_bsp//libhal_bsp.a(alt_tick.o)
 .debug_line    0x0000000000003f7e       0x51 ../nios2_sw_bsp//libhal_bsp.a(altera_nios2_gen2_irq.o)
 .debug_line    0x0000000000003fcf       0xb5 ../nios2_sw_bsp//libhal_bsp.a(alt_find_dev.o)
 .debug_line    0x0000000000004084       0xd1 ../nios2_sw_bsp//libhal_bsp.a(alt_find_file.o)