Archive member included to satisfy reference by file (symbol)

/home/tyler/altera_lite/15.1/nios2eds/bin/gnu/H-x86_64-pc-linux-gnu/bin/../lib/gcc/nios2-elf/4.9.2/mno-hw-mul/libgcc.a(lib2-divmod.o)
                              obj/default/i2c_opencores.o (__udivsi3)
/home/tyler/altera_lite/15.1/nios2eds/bin/gnu/H-x86_64-pc-linux-gnu/bin/../lib/gcc/nios2-elf/4.9.2/mno-hw-mul/libgcc.a(lib2-mul.o)
                              obj/default/i2c_opencores.o (__mulsi3)
/home/tyler/altera_lite/15.1/nios2eds/bin/gnu/H-x86_64-pc-linux-gnu/bin/../lib/gcc/nios2-elf/4.9.2/../../../../../H-x86_64-pc-linux-gnu/nios2-elf/lib/mno-hw-mul/libsmallc.a(lib_a-printf.o)
                              obj/default/i2c_opencores.o (printf)
/home/tyler/altera_lite/15.1/nios2eds/bin/gnu/H-x86_64-pc-linux-gnu/bin/../lib/gcc/nios2-elf/4.9.2/../../../../../H-x86_64-pc-linux-gnu/nios2-elf/lib/mno-hw-mul/libsmallc.a(lib_a-putchar.o)
                              obj/default/tmc_temperature_readout_main.o (putchar)
/home/tyler/altera_lite/15.1/nios2eds/bin/gnu/H-x86_64-pc-linux-gnu/bin/../lib/gcc/nios2-elf/4.9.2/../../../../../H-x86_64-pc-linux-gnu/nios2-elf/lib/mno-hw-mul/libsmallc.a(lib_a-puts.o)
                              obj/default/i2c_opencores.o (puts)
/home/tyler/altera_lite/15.1/nios2eds/bin/gnu/H-x86_64-pc-linux-gnu/bin/../lib/gcc/nios2-elf/4.9.2/../../../../../H-x86_64-pc-linux-gnu/nios2-elf/lib/mno-hw-mul/libsmallc.a(lib_a-strlen.o)
                              /home/tyler/altera_lite/15.1/nios2eds/bin/gnu/H-x86_64-pc-linux-gnu/bin/../lib/gcc/nios2-elf/4.9.2/../../../../../H-x86_64-pc-linux-gnu/nios2-elf/lib/mno-hw-mul/libsmallc.a(lib_a-puts.o) (strlen)
/home/tyler/altera_lite/15.1/nios2eds/bin/gnu/H-x86_64-pc-linux-gnu/bin/../lib/gcc/nios2-elf/4.9.2/../../../../../H-x86_64-pc-linux-gnu/nios2-elf/lib/mno-hw-mul/libsmallc.a(lib_a-vfprintf.o)
                              /home/tyler/altera_lite/15.1/nios2eds/bin/gnu/H-x86_64-pc-linux-gnu/bin/../lib/gcc/nios2-elf/4.9.2/../../../../../H-x86_64-pc-linux-gnu/nios2-elf/lib/mno-hw-mul/libsmallc.a(lib_a-printf.o) (___vfprintf_internal_r)
/home/tyler/altera_lite/15.1/nios2eds/bin/gnu/H-x86_64-pc-linux-gnu/bin/../lib/gcc/nios2-elf/4.9.2/../../../../../H-x86_64-pc-linux-gnu/nios2-elf/lib/mno-hw-mul/libsmallc.a(lib_a-fvwrite_small_dev.o)
                              /home/tyler/altera_lite/15.1/nios2eds/bin/gnu/H-x86_64-pc-linux-gnu/bin/../lib/gcc/nios2-elf/4.9.2/../../../../../H-x86_64-pc-linux-gnu/nios2-elf/lib/mno-hw-mul/libsmallc.a(lib_a-printf.o) (__sfvwrite_small_dev)
/home/tyler/altera_lite/15.1/nios2eds/bin/gnu/H-x86_64-pc-linux-gnu/bin/../lib/gcc/nios2-elf/4.9.2/../../../../../H-x86_64-pc-linux-gnu/nios2-elf/lib/mno-hw-mul/libsmallc.a(lib_a-impure.o)
                              /home/tyler/altera_lite/15.1/nios2eds/bin/gnu/H-x86_64-pc-linux-gnu/bin/../lib/gcc/nios2-elf/4.9.2/../../../../../H-x86_64-pc-linux-gnu/nios2-elf/lib/mno-hw-mul/libsmallc.a(lib_a-printf.o) (_impure_ptr)
/home/tyler/altera_lite/15.1/nios2eds/bin/gnu/H-x86_64-pc-linux-gnu/bin/../lib/gcc/nios2-elf/4.9.2/../../../../../H-x86_64-pc-linux-gnu/nios2-elf/lib/mno-hw-mul/libsmallc.a(lib_a-putc.o)
                              /home/tyler/altera_lite/15.1/nios2eds/bin/gnu/H-x86_64-pc-linux-gnu/bin/../lib/gcc/nios2-elf/4.9.2/../../../../../H-x86_64-pc-linux-gnu/nios2-elf/lib/mno-hw-mul/libsmallc.a(lib_a-putchar.o) (_putc_r)
/home/tyler/altera_lite/15.1/nios2eds/bin/gnu/H-x86_64-pc-linux-gnu/bin/../lib/gcc/nios2-elf/4.9.2/../../../../../H-x86_64-pc-linux-gnu/nios2-elf/lib/mno-hw-mul/libsmallc.a(lib_a-writer.o)
                              /home/tyler/altera_lite/15.1/nios2eds/bin/gnu/H-x86_64-pc-linux-gnu/bin/../lib/gcc/nios2-elf/4.9.2/../../../../../H-x86_64-pc-linux-gnu/nios2-elf/lib/mno-hw-mul/libsmallc.a(lib_a-fvwrite_small_dev.o) (_write_r)
/home/tyler/altera_lite/15.1/nios2eds/bin/gnu/H-x86_64-pc-linux-gnu/bin/../lib/gcc/nios2-elf/4.9.2/../../../../../H-x86_64-pc-linux-gnu/nios2-elf/lib/mno-hw-mul/libsmallc.a(lib_a-int_errno.o)
                              /home/tyler/altera_lite/15.1/nios2eds/bin/gnu/H-x86_64-pc-linux-gnu/bin/../lib/gcc/nios2-elf/4.9.2/../../../../../H-x86_64-pc-linux-gnu/nios2-elf/lib/mno-hw-mul/libsmallc.a(lib_a-writer.o) (errno)
../nios2_sw_bsp//libhal_bsp.a(alt_iic.o)
                              obj/default/tmc_temperature_readout_main.o (alt_ic_isr_register)
../nios2_sw_bsp//libhal_bsp.a(alt_iic_isr_register.o)
                              ../nios2_sw_bsp//libhal_bsp.a(alt_iic.o) (alt_iic_isr_register)
../nios2_sw_bsp//libhal_bsp.a(alt_irq_entry.o)
                              ../nios2_sw_bsp//libhal_bsp.a(alt_iic_isr_register.o) (alt_irq_entry)
../nios2_sw_bsp//libhal_bsp.a(alt_irq_handler.o)
                              ../nios2_sw_bsp//libhal_bsp.a(alt_iic_isr_register.o) (alt_irq)
../nios2_sw_bsp//libhal_bsp.a(alt_irq_vars.o)
                              ../nios2_sw_bsp//libhal_bsp.a(alt_iic.o) (alt_irq_active)
../nios2_sw_bsp//libhal_bsp.a(alt_main.o)
[...]
Memory Configuration

Name             Origin             Length             Attributes
onchip_memory2_0_BEFORE_EXCEPTION 0x0000000000000000 0x0000000000000020
onchip_memory2_0 0x0000000000000020 0x0000000000007fe0
reset            0x0000000000080000 0x0000000000000020
onchip_flash_0_data 0x0000000000080020 0x000000000001c7e0
*default*        0x0000000000000000 0xffffffffffffffff

Linker script and memory map

LOAD ../nios2_sw_bsp//obj/HAL/src/crt0.o
LOAD obj/default/i2c_opencores.o
LOAD obj/default/tmc_temperature_readout_main.o
LOAD /home/tyler/altera_lite/15.1/nios2eds/bin/gnu/H-x86_64-pc-linux-gnu/bin/../lib/gcc/nios2-elf/4.9.2/../../../../../H-x86_64-pc-linux-gnu/nios2-elf/lib/mno-hw-mul/libstdc++.a
LOAD /home/tyler/altera_lite/15.1/nios2eds/bin/gnu/H-x86_64-pc-linux-gnu/bin/../lib/gcc/nios2-elf/4.9.2/../../../../../H-x86_64-pc-linux-gnu/nios2-elf/lib/mno-hw-mul/libm.a
LOAD /home/tyler/altera_lite/15.1/nios2eds/bin/gnu/H-x86_64-pc-linux-gnu/bin/../lib/gcc/nios2-elf/4.9.2/mno-hw-mul/libgcc.a
START GROUP
LOAD /home/tyler/altera_lite/15.1/nios2eds/bin/gnu/H-x86_64-pc-linux-gnu/bin/../lib/gcc/nios2-elf/4.9.2/../../../../../H-x86_64-pc-linux-gnu/nios2-elf/lib/mno-hw-mul/libsmallc.a
LOAD /home/tyler/altera_lite/15.1/nios2eds/bin/gnu/H-x86_64-pc-linux-gnu/bin/../lib/gcc/nios2-elf/4.9.2/mno-hw-mul/libgcc.a
LOAD ../nios2_sw_bsp//libhal_bsp.a
LOAD /home/tyler/altera_lite/15.1/nios2eds/bin/gnu/H-x86_64-pc-linux-gnu/bin/../lib/gcc/nios2-elf/4.9.2/../../../../../H-x86_64-pc-linux-gnu/nios2-elf/lib/mno-hw-mul/libm.a
END GROUP
LOAD /home/tyler/altera_lite/15.1/nios2eds/bin/gnu/H-x86_64-pc-linux-gnu/bin/../lib/gcc/nios2-elf/4.9.2/mno-hw-mul/libgcc.a
                0x0000000000000000                __alt_mem_onchip_memory2_0 = 0x0
                0x0000000000080000                __alt_mem_onchip_flash_0_data = 0x80000

.entry          0x0000000000080000        0x0
 *(.entry)
 .entry         0x0000000000080000        0x0 ../nios2_sw_bsp//obj/HAL/src/crt0.o
                0x0000000000080000                __reset

.exceptions     0x0000000000000020      0x20c
                0x0000000000000020                PROVIDE (__ram_exceptions_start, ABSOLUTE (.))
                0x0000000000000020                . = ALIGN (0x20)
 *(.irq)
 *(.exceptions.entry.label)
 .exceptions.entry.label
                0x0000000000000020        0x0 ../nios2_sw_bsp//libhal_bsp.a(alt_irq_entry.o)
                0x0000000000000020                alt_irq_entry
 .exceptions.entry.label
                0x0000000000000020        0x0 ../nios2_sw_bsp//libhal_bsp.a(alt_exception_entry.o)
                0x0000000000000020                alt_exception
 *(.exceptions.entry.user)
 *(.exceptions.entry.ecc_fatal)
 *(.exceptions.entry)
 .exceptions.entry
                0x0000000000000020       0x54 ../nios2_sw_bsp//libhal_bsp.a(alt_exception_entry.o)
 *(.exceptions.irqtest.user)
 *(.exceptions.irqtest)
 .exceptions.irqtest
                0x0000000000000074       0x10 ../nios2_sw_bsp//libhal_bsp.a(alt_irq_entry.o)
 *(.exceptions.irqhandler.user)
 *(.exceptions.irqhandler)
 .exceptions.irqhandler
                0x0000000000000084        0x4 ../nios2_sw_bsp//libhal_bsp.a(alt_irq_entry.o)
 *(.exceptions.irqreturn.user)
 *(.exceptions.irqreturn)
 .exceptions.irqreturn
                0x0000000000000088        0x4 ../nios2_sw_bsp//libhal_bsp.a(alt_irq_entry.o)
 *(.exceptions.notirq.label)
 .exceptions.notirq.label
                0x000000000000008c        0x0 ../nios2_sw_bsp//libhal_bsp.a(alt_irq_entry.o)
 *(.exceptions.notirq.user)
 *(.exceptions.notirq)
 .exceptions.notirq
                0x000000000000008c        0x8 ../nios2_sw_bsp//libhal_bsp.a(alt_exception_entry.o)
 *(.exceptions.soft.user)
 *(.exceptions.soft)
 *(.exceptions.unknown.user)
 *(.exceptions.unknown)
 .exceptions.unknown
                0x0000000000000094       0x14 ../nios2_sw_bsp//libhal_bsp.a(alt_exception_entry.o)
 *(.exceptions.exit.label)
 .exceptions.exit.label
                0x00000000000000a8        0x0 ../nios2_sw_bsp//libhal_bsp.a(alt_irq_entry.o)
 .exceptions.exit.label
                0x00000000000000a8        0x0 ../nios2_sw_bsp//libhal_bsp.a(alt_exception_entry.o)
 *(.exceptions.exit.user)
 *(.exceptions.exit)
 .exceptions.exit
                0x00000000000000a8       0x54 ../nios2_sw_bsp//libhal_bsp.a(alt_exception_entry.o)
 *(.exceptions)
 .exceptions    0x00000000000000fc       0xd0 ../nios2_sw_bsp//libhal_bsp.a(alt_irq_handler.o)
                0x00000000000000fc                alt_irq_handler
 .exceptions    0x00000000000001cc       0x60 ../nios2_sw_bsp//libhal_bsp.a(alt_instruction_exception_entry.o)
                0x00000000000001cc                alt_instruction_exception_entry
                0x000000000000022c                PROVIDE (__ram_exceptions_end, ABSOLUTE (.))
                0x0000000000000020                PROVIDE (__flash_exceptions_start, LOADADDR (.exceptions))

.text           0x000000000000022c     0x5c78
                0x000000000000022c                PROVIDE (stext, ABSOLUTE (.))
 *(.interp)
 *(.hash)
 *(.dynsym)
 *(.dynstr)
 *(.gnu.version)
 *(.gnu.version_d)
 *(.gnu.version_r)
 *(.rel.init)
 *(.rela.init)
 *(.rel.text .rel.text.* .rel.gnu.linkonce.t.*)
 *(.rela.text .rela.text.* .rela.gnu.linkonce.t.*)
 *(.rel.fini)
 *(.rela.fini)
 *(.rel.rodata .rel.rodata.* .rel.gnu.linkonce.r.*)
 *(.rela.rodata .rela.rodata.* .rela.gnu.linkonce.r.*)
 *(.rel.data .rel.data.* .rel.gnu.linkonce.d.*)
 *(.rela.data .rela.data.* .rela.gnu.linkonce.d.*)
 *(.rel.tdata .rel.tdata.* .rel.gnu.linkonce.td.*)
 *(.rela.tdata .rela.tdata.* .rela.gnu.linkonce.td.*)
 *(.rel.tbss .rel.tbss.* .rel.gnu.linkonce.tb.*)
 *(.rela.tbss .rela.tbss.* .rela.gnu.linkonce.tb.*)
 *(.rel.ctors)
 *(.rela.ctors)
 *(.rel.dtors)
 *(.rela.dtors)
 *(.rel.got)
 *(.rela.got)
 *(.rel.sdata .rel.sdata.* .rel.gnu.linkonce.s.*)
 *(.rela.sdata .rela.sdata.* .rela.gnu.linkonce.s.*)
 *(.rel.sbss .rel.sbss.* .rel.gnu.linkonce.sb.*)
 *(.rela.sbss .rela.sbss.* .rela.gnu.linkonce.sb.*)
 *(.rel.sdata2 .rel.sdata2.* .rel.gnu.linkonce.s2.*)
 *(.rela.sdata2 .rela.sdata2.* .rela.gnu.linkonce.s2.*)
 *(.rel.sbss2 .rel.sbss2.* .rel.gnu.linkonce.sb2.*)
 *(.rela.sbss2 .rela.sbss2.* .rela.gnu.linkonce.sb2.*)
 *(.rel.bss .rel.bss.* .rel.gnu.linkonce.b.*)
 *(.rela.bss .rela.bss.* .rela.gnu.linkonce.b.*)
 *(.rel.plt)
 *(.rela.plt)
 *(.rel.dyn)
 *(.init)
 *(.plt)
 *(.text .stub .text.* .gnu.linkonce.t.*)
 .text          0x000000000000022c       0x38 ../nios2_sw_bsp//obj/HAL/src/crt0.o
                0x000000000000022c                _start
 .text          0x0000000000000264      0x328 obj/default/i2c_opencores.o
                0x0000000000000264                I2C_init
                0x0000000000000338                I2C_start
                0x000000000000040c                I2C_read
                0x00000000000004a4                I2C_write
 .text          0x000000000000058c      0xfe8 obj/default/tmc_temperature_readout_main.o
                0x00000000000005c4                ad7124_write_reg
                0x00000000000006c0                ad7124_read_reg
                0x0000000000000854                print_table
                0x000000000000098c                print_list
                0x0000000000000a6c                flip_led
                0x0000000000000aac                set_led
                0x0000000000000ae0                clear_led
                0x0000000000000b14                setup_2n2222
                0x0000000000000bfc                ad7124_gain_cal
                0x0000000000000cd8                ad7124_offset_cal
                0x0000000000000d30                switch_cal_hk
                0x000000000000112c                my_getchar
                0x000000000000117c                read_serial
                0x000000000000122c                read_rx_fifo_char
                0x0000000000001280                read_rx_fifo
                0x000000000000133c                execute_cmd
                0x0000000000001364                write_ltc2605
                0x0000000000001440                main
 .text          0x0000000000001574      0x12c /home/tyler/altera_lite/15.1/nios2eds/bin/gnu/H-x86_64-pc-linux-gnu/bin/../lib/gcc/nios2-elf/4.9.2/mno-hw-mul/libgcc.a(lib2-divmod.o)
                0x00000000000015e0                __divsi3
                0x0000000000001634                __modsi3
                0x0000000000001690                __udivsi3
                0x0000000000001698                __umodsi3
 .text          0x00000000000016a0       0x28 /home/tyler/altera_lite/15.1/nios2eds/bin/gnu/H-x86_64-pc-linux-gnu/bin/../lib/gcc/nios2-elf/4.9.2/mno-hw-mul/libgcc.a(lib2-mul.o)
                0x00000000000016a0                __mulsi3
 .text          0x00000000000016c8        0x0 /home/tyler/altera_lite/15.1/nios2eds/bin/gnu/H-x86_64-pc-linux-gnu/bin/../lib/gcc/nios2-elf/4.9.2/../../../../../H-x86_64-pc-linux-gnu/nios2-elf/lib/mno-hw-mul/libsmallc.a(lib_a-printf.o)
 .text._printf_r
                0x00000000000016c8       0x3c /home/tyler/altera_lite/15.1/nios2eds/bin/gnu/H-x86_64-pc-linux-gnu/bin/../lib/gcc/nios2-elf/4.9.2/../../../../../H-x86_64-pc-linux-gnu/nios2-elf/lib/mno-hw-mul/libsmallc.a(lib_a-printf.o)
                0x00000000000016c8                _printf_r
 .text.printf   0x0000000000001704       0x4c /home/tyler/altera_lite/15.1/nios2eds/bin/gnu/H-x86_64-pc-linux-gnu/bin/../lib/gcc/nios2-elf/4.9.2/../../../../../H-x86_64-pc-linux-gnu/nios2-elf/lib/mno-hw-mul/libsmallc.a(lib_a-printf.o)
                0x0000000000001704                printf
 .text          0x0000000000001750        0x0 /home/tyler/altera_lite/15.1/nios2eds/bin/gnu/H-x86_64-pc-linux-gnu/bin/../lib/gcc/nios2-elf/4.9.2/../../../../../H-x86_64-pc-linux-gnu/nios2-elf/lib/mno-hw-mul/libsmallc.a(lib_a-putchar.o)
 .text._putchar_r
                0x0000000000001750        0x8 /home/tyler/altera_lite/15.1/nios2eds/bin/gnu/H-x86_64-pc-linux-gnu/bin/../lib/gcc/nios2-elf/4.9.2/../../../../../H-x86_64-pc-linux-gnu/nios2-elf/lib/mno-hw-mul/libsmallc.a(lib_a-putchar.o)
                0x0000000000001750                _putchar_r
 .text.putchar  0x0000000000001758       0x18 /home/tyler/altera_lite/15.1/nios2eds/bin/gnu/H-x86_64-pc-linux-gnu/bin/../lib/gcc/nios2-elf/4.9.2/../../../../../H-x86_64-pc-linux-gnu/nios2-elf/lib/mno-hw-mul/libsmallc.a(lib_a-putchar.o)
                0x0000000000001758                putchar
 .text          0x0000000000001770        0x0 /home/tyler/altera_lite/15.1/nios2eds/bin/gnu/H-x86_64-pc-linux-gnu/bin/../lib/gcc/nios2-elf/4.9.2/../../../../../H-x86_64-pc-linux-gnu/nios2-elf/lib/mno-hw-mul/libsmallc.a(lib_a-puts.o)
 .text._puts_r  0x0000000000001770       0x80 /home/tyler/altera_lite/15.1/nios2eds/bin/gnu/H-x86_64-pc-linux-gnu/bin/../lib/gcc/nios2-elf/4.9.2/../../../../../H-x86_64-pc-linux-gnu/nios2-elf/lib/mno-hw-mul/libsmallc.a(lib_a-puts.o)
                0x0000000000001770                _puts_r
 .text.puts     0x00000000000017f0       0x14 /home/tyler/altera_lite/15.1/nios2eds/bin/gnu/H-x86_64-pc-linux-gnu/bin/../lib/gcc/nios2-elf/4.9.2/../../../../../H-x86_64-pc-linux-gnu/nios2-elf/lib/mno-hw-mul/libsmallc.a(lib_a-puts.o)
                0x00000000000017f0                puts
 .text          0x0000000000001804        0x0 /home/tyler/altera_lite/15.1/nios2eds/bin/gnu/H-x86_64-pc-linux-gnu/bin/../lib/gcc/nios2-elf/4.9.2/../../../../../H-x86_64-pc-linux-gnu/nios2-elf/lib/mno-hw-mul/libsmallc.a(lib_a-strlen.o)
 .text.strlen   0x0000000000001804       0x1c /home/tyler/altera_lite/15.1/nios2eds/bin/gnu/H-x86_64-pc-linux-gnu/bin/../lib/gcc/nios2-elf/4.9.2/../../../../../H-x86_64-pc-linux-gnu/nios2-elf/lib/mno-hw-mul/libsmallc.a(lib_a-strlen.o)
                0x0000000000001804                strlen
 .text          0x0000000000001820        0x0 /home/tyler/altera_lite/15.1/nios2eds/bin/gnu/H-x86_64-pc-linux-gnu/bin/../lib/gcc/nios2-elf/4.9.2/../../../../../H-x86_64-pc-linux-gnu/nios2-elf/lib/mno-hw-mul/libsmallc.a(lib_a-vfprintf.o)
 .text.print_repeat
                0x0000000000001820       0x6c /home/tyler/altera_lite/15.1/nios2eds/bin/gnu/H-x86_64-pc-linux-gnu/bin/../lib/gcc/nios2-elf/4.9.2/../../../../../H-x86_64-pc-linux-gnu/nios2-elf/lib/mno-hw-mul/libsmallc.a(lib_a-vfprintf.o)
 .text.___vfprintf_internal_r
                0x000000000000188c      0x56c /home/tyler/altera_lite/15.1/nios2eds/bin/gnu/H-x86_64-pc-linux-gnu/bin/../lib/gcc/nios2-elf/4.9.2/../../../../../H-x86_64-pc-linux-gnu/nios2-elf/lib/mno-hw-mul/libsmallc.a(lib_a-vfprintf.o)
                0x000000000000188c                ___vfprintf_internal_r
 .text.__vfprintf_internal
                0x0000000000001df8       0x24 /home/tyler/altera_lite/15.1/nios2eds/bin/gnu/H-x86_64-pc-linux-gnu/bin/../lib/gcc/nios2-elf/4.9.2/../../../../../H-x86_64-pc-linux-gnu/nios2-elf/lib/mno-hw-mul/libsmallc.a(lib_a-vfprintf.o)
                0x0000000000001df8                __vfprintf_internal
 .text          0x0000000000001e1c        0x0 /home/tyler/altera_lite/15.1/nios2eds/bin/gnu/H-x86_64-pc-linux-gnu/bin/../lib/gcc/nios2-elf/4.9.2/../../../../../H-x86_64-pc-linux-gnu/nios2-elf/lib/mno-hw-mul/libsmallc.a(lib_a-fvwrite_small_dev.o)
 .text.__sfvwrite_small_dev
                0x0000000000001e1c       0xac /home/tyler/altera_lite/15.1/nios2eds/bin/gnu/H-x86_64-pc-linux-gnu/bin/../lib/gcc/nios2-elf/4.9.2/../../../../../H-x86_64-pc-linux-gnu/nios2-elf/lib/mno-hw-mul/libsmallc.a(lib_a-fvwrite_small_dev.o)
                0x0000000000001e1c                __sfvwrite_small_dev
 .text          0x0000000000001ec8        0x0 /home/tyler/altera_lite/15.1/nios2eds/bin/gnu/H-x86_64-pc-linux-gnu/bin/../lib/gcc/nios2-elf/4.9.2/../../../../../H-x86_64-pc-linux-gnu/nios2-elf/lib/mno-hw-mul/libsmallc.a(lib_a-impure.o)
 .text          0x0000000000001ec8        0x0 /home/tyler/altera_lite/15.1/nios2eds/bin/gnu/H-x86_64-pc-linux-gnu/bin/../lib/gcc/nios2-elf/4.9.2/../../../../../H-x86_64-pc-linux-gnu/nios2-elf/lib/mno-hw-mul/libsmallc.a(lib_a-putc.o)
 .text.putc     0x0000000000001ec8       0x54 /home/tyler/altera_lite/15.1/nios2eds/bin/gnu/H-x86_64-pc-linux-gnu/bin/../lib/gcc/nios2-elf/4.9.2/../../../../../H-x86_64-pc-linux-gnu/nios2-elf/lib/mno-hw-mul/libsmallc.a(lib_a-putc.o)
                0x0000000000001ec8                putc
 .text._putc_r  0x0000000000001f1c       0x58 /home/tyler/altera_lite/15.1/nios2eds/bin/gnu/H-x86_64-pc-linux-gnu/bin/../lib/gcc/nios2-elf/4.9.2/../../../../../H-x86_64-pc-linux-gnu/nios2-elf/lib/mno-hw-mul/libsmallc.a(lib_a-putc.o)
                0x0000000000001f1c                _putc_r
 .text          0x0000000000001f74        0x0 /home/tyler/altera_lite/15.1/nios2eds/bin/gnu/H-x86_64-pc-linux-gnu/bin/../lib/gcc/nios2-elf/4.9.2/../../../../../H-x86_64-pc-linux-gnu/nios2-elf/lib/mno-hw-mul/libsmallc.a(lib_a-writer.o)
 .text._write_r
                0x0000000000001f74       0x58 /home/tyler/altera_lite/15.1/nios2eds/bin/gnu/H-x86_64-pc-linux-gnu/bin/../lib/gcc/nios2-elf/4.9.2/../../../../../H-x86_64-pc-linux-gnu/nios2-elf/lib/mno-hw-mul/libsmallc.a(lib_a-writer.o)
                0x0000000000001f74                _write_r
 .text          0x0000000000001fcc        0x0 /home/tyler/altera_lite/15.1/nios2eds/bin/gnu/H-x86_64-pc-linux-gnu/bin/../lib/gcc/nios2-elf/4.9.2/../../../../../H-x86_64-pc-linux-gnu/nios2-elf/lib/mno-hw-mul/libsmallc.a(lib_a-int_errno.o)
 .text          0x0000000000001fcc      0x1e0 ../nios2_sw_bsp//libhal_bsp.a(alt_iic.o)
                0x0000000000001fcc                alt_ic_isr_register
                0x000000000000201c                alt_ic_irq_enable
                0x00000000000020bc                alt_ic_irq_disable
                0x0000000000002160                alt_ic_irq_enabled
 .text          0x00000000000021ac       0xf0 ../nios2_sw_bsp//libhal_bsp.a(alt_iic_isr_register.o)
                0x00000000000021ac                alt_iic_isr_register
 .text          0x000000000000229c        0x0 ../nios2_sw_bsp//libhal_bsp.a(alt_irq_entry.o)
 .text          0x000000000000229c        0x0 ../nios2_sw_bsp//libhal_bsp.a(alt_irq_handler.o)
 .text          0x000000000000229c        0x0 ../nios2_sw_bsp//libhal_bsp.a(alt_irq_vars.o)
 .text          0x000000000000229c       0x78 ../nios2_sw_bsp//libhal_bsp.a(alt_main.o)
                0x000000000000229c                alt_main
 .text          0x0000000000002314      0x154 ../nios2_sw_bsp//libhal_bsp.a(alt_read.o)
                0x0000000000002364                read
 .text          0x0000000000002468       0x30 ../nios2_sw_bsp//libhal_bsp.a(alt_usleep.o)
                0x0000000000002468                usleep
 .text          0x0000000000002498      0x150 ../nios2_sw_bsp//libhal_bsp.a(alt_write.o)
                0x00000000000024e8                write
 .text          0x00000000000025e8       0xe4 ../nios2_sw_bsp//libhal_bsp.a(alt_sys_init.o)
                0x0000000000002620                alt_irq_init
                0x0000000000002654                alt_sys_init
 .text          0x00000000000026cc      0x164 ../nios2_sw_bsp//libhal_bsp.a(altera_avalon_jtag_uart_fd.o)
                0x00000000000026cc                altera_avalon_jtag_uart_read_fd
                0x000000000000272c                altera_avalon_jtag_uart_write_fd
                0x000000000000278c                altera_avalon_jtag_uart_close_fd
                0x00000000000027dc                altera_avalon_jtag_uart_ioctl_fd
 .text          0x0000000000002830      0x3d8 ../nios2_sw_bsp//libhal_bsp.a(altera_avalon_jtag_uart_init.o)
                0x0000000000002830                altera_avalon_jtag_uart_init
                0x0000000000002ba0                altera_avalon_jtag_uart_close
 .text          0x0000000000002c08       0xec ../nios2_sw_bsp//libhal_bsp.a(altera_avalon_jtag_uart_ioctl.o)
                0x0000000000002c08                altera_avalon_jtag_uart_ioctl
 .text          0x0000000000002cf4      0x20c ../nios2_sw_bsp//libhal_bsp.a(altera_avalon_jtag_uart_read.o)
                0x0000000000002cf4                altera_avalon_jtag_uart_read
 .text          0x0000000000002f00      0x218 ../nios2_sw_bsp//libhal_bsp.a(altera_avalon_jtag_uart_write.o)
                0x0000000000002f00                altera_avalon_jtag_uart_write
 .text          0x0000000000003118      0x204 ../nios2_sw_bsp//libhal_bsp.a(altera_avalon_spi.o)
                0x0000000000003118                alt_avalon_spi_command
 .text          0x000000000000331c      0x110 ../nios2_sw_bsp//libhal_bsp.a(altera_avalon_uart_fd.o)
                0x000000000000331c                altera_avalon_uart_read_fd
                0x000000000000337c                altera_avalon_uart_write_fd
                0x00000000000033dc                altera_avalon_uart_close_fd
 .text          0x000000000000342c      0x3b8 ../nios2_sw_bsp//libhal_bsp.a(altera_avalon_uart_init.o)
                0x000000000000342c                altera_avalon_uart_init
                0x0000000000003790                altera_avalon_uart_close
 .text          0x00000000000037e4      0x22c ../nios2_sw_bsp//libhal_bsp.a(altera_avalon_uart_read.o)
                0x0000000000003834                altera_avalon_uart_read
 .text          0x0000000000003a10      0x1fc ../nios2_sw_bsp//libhal_bsp.a(altera_avalon_uart_write.o)
                0x0000000000003a60                altera_avalon_uart_write
 .text          0x0000000000003c0c      0xf2c ../nios2_sw_bsp//libhal_bsp.a(altera_onchip_flash.o)
                0x0000000000003c44                alt_onchip_flash_read
                0x0000000000003d10                alt_onchip_flash_get_info
                0x0000000000003dac                alt_onchip_flash_erase_block
                0x0000000000003f14                alt_onchip_flash_write_block
                0x00000000000041d8                alt_onchip_flash_write
                0x00000000000044b0                altera_onchip_flash_init
                0x0000000000004988                alt_onchip_flash_poll_for_status_to_go_idle
                0x0000000000004a18                alt_onchip_flash_poll_for_status_erase_passed
                0x0000000000004aa8                alt_onchip_flash_poll_for_status_write_passed
 .text          0x0000000000004b38      0x140 ../nios2_sw_bsp//libhal_bsp.a(alt_alarm_start.o)
                0x0000000000004b38                alt_alarm_start
 .text          0x0000000000004c78      0x158 ../nios2_sw_bsp//libhal_bsp.a(alt_busy_sleep.o)
                0x0000000000004c78                alt_busy_sleep
 .text          0x0000000000004dd0      0x128 ../nios2_sw_bsp//libhal_bsp.a(alt_close.o)
                0x0000000000004e20                close
 .text          0x0000000000004ef8       0x24 ../nios2_sw_bsp//libhal_bsp.a(alt_dcache_flush.o)
                0x0000000000004ef8                alt_dcache_flush
 .text          0x0000000000004f1c       0x2c ../nios2_sw_bsp//libhal_bsp.a(alt_dev.o)
 .text          0x0000000000004f48       0xf4 ../nios2_sw_bsp//libhal_bsp.a(alt_dev_llist_insert.o)
                0x0000000000004f98                alt_dev_llist_insert
 .text          0x000000000000503c       0x5c ../nios2_sw_bsp//libhal_bsp.a(alt_do_ctors.o)
                0x000000000000503c                _do_ctors
 .text          0x0000000000005098       0x5c ../nios2_sw_bsp//libhal_bsp.a(alt_do_dtors.o)
                0x0000000000005098                _do_dtors
 .text          0x00000000000050f4        0x0 ../nios2_sw_bsp//libhal_bsp.a(alt_errno.o)
 .text          0x00000000000050f4        0x0 ../nios2_sw_bsp//libhal_bsp.a(alt_exception_entry.o)
 .text          0x00000000000050f4       0xb8 ../nios2_sw_bsp//libhal_bsp.a(alt_flash_dev.o)
                0x00000000000050f4                alt_flash_open_dev
                0x000000000000515c                alt_flash_close_dev
 .text          0x00000000000051ac       0x9c ../nios2_sw_bsp//libhal_bsp.a(alt_instruction_exception_entry.o)
                0x00000000000051ac                alt_exception_cause_generated_bad_addr
 .text          0x0000000000005248      0x158 ../nios2_sw_bsp//libhal_bsp.a(alt_io_redirect.o)
                0x0000000000005328                alt_io_redirect
 .text          0x00000000000053a0      0x2a4 ../nios2_sw_bsp//libhal_bsp.a(alt_open.o)
                0x00000000000054e4                open
 .text          0x0000000000005644       0x80 ../nios2_sw_bsp//libhal_bsp.a(alt_release_fd.o)
                0x0000000000005644                alt_release_fd
 .text          0x00000000000056c4      0x19c ../nios2_sw_bsp//libhal_bsp.a(alt_tick.o)
                0x00000000000056c4                alt_alarm_stop
                0x000000000000575c                alt_tick
 .text          0x0000000000005860       0x20 ../nios2_sw_bsp//libhal_bsp.a(altera_nios2_gen2_irq.o)
                0x0000000000005860                altera_nios2_gen2_irq_init
 .text          0x0000000000005880       0x90 ../nios2_sw_bsp//libhal_bsp.a(alt_find_dev.o)
                0x0000000000005880                alt_find_dev
 .text          0x0000000000005910      0x114 ../nios2_sw_bsp//libhal_bsp.a(alt_find_file.o)
                0x0000000000005910                alt_find_file
 .text          0x0000000000005a24       0xd4 ../nios2_sw_bsp//libhal_bsp.a(alt_get_fd.o)
                0x0000000000005a24                alt_get_fd
 .text          0x0000000000005af8        0x0 /home/tyler/altera_lite/15.1/nios2eds/bin/gnu/H-x86_64-pc-linux-gnu/bin/../lib/gcc/nios2-elf/4.9.2/../../../../../H-x86_64-pc-linux-gnu/nios2-elf/lib/mno-hw-mul/libsmallc.a(lib_a-atexit.o)
 .text.atexit   0x0000000000005af8       0x14 /home/tyler/altera_lite/15.1/nios2eds/bin/gnu/H-x86_64-pc-linux-gnu/bin/../lib/gcc/nios2-elf/4.9.2/../../../../../H-x86_64-pc-linux-gnu/nios2-elf/lib/mno-hw-mul/libsmallc.a(lib_a-atexit.o)
                0x0000000000005af8                atexit
 .text          0x0000000000005b0c        0x0 /home/tyler/altera_lite/15.1/nios2eds/bin/gnu/H-x86_64-pc-linux-gnu/bin/../lib/gcc/nios2-elf/4.9.2/../../../../../H-x86_64-pc-linux-gnu/nios2-elf/lib/mno-hw-mul/libsmallc.a(lib_a-exit.o)
 .text.exit     0x0000000000005b0c       0x20 /home/tyler/altera_lite/15.1/nios2eds/bin/gnu/H-x86_64-pc-linux-gnu/bin/../lib/gcc/nios2-elf/4.9.2/../../../../../H-x86_64-pc-linux-gnu/nios2-elf/lib/mno-hw-mul/libsmallc.a(lib_a-exit.o)
                0x0000000000005b0c                exit
 .text          0x0000000000005b2c        0x0 /home/tyler/altera_lite/15.1/nios2eds/bin/gnu/H-x86_64-pc-linux-gnu/bin/../lib/gcc/nios2-elf/4.9.2/../../../../../H-x86_64-pc-linux-gnu/nios2-elf/lib/mno-hw-mul/libsmallc.a(lib_a-memcmp.o)
 .text.memcmp   0x0000000000005b2c       0x30 /home/tyler/altera_lite/15.1/nios2eds/bin/gnu/H-x86_64-pc-linux-gnu/bin/../lib/gcc/nios2-elf/4.9.2/../../../../../H-x86_64-pc-linux-gnu/nios2-elf/lib/mno-hw-mul/libsmallc.a(lib_a-memcmp.o)
                0x0000000000005b2c                memcmp
 .text          0x0000000000005b5c        0x0 /home/tyler/altera_lite/15.1/nios2eds/bin/gnu/H-x86_64-pc-linux-gnu/bin/../lib/gcc/nios2-elf/4.9.2/../../../../../H-x86_64-pc-linux-gnu/nios2-elf/lib/mno-hw-mul/libsmallc.a(lib_a-memcpy.o)
 .text.memcpy   0x0000000000005b5c       0x28 /home/tyler/altera_lite/15.1/nios2eds/bin/gnu/H-x86_64-pc-linux-gnu/bin/../lib/gcc/nios2-elf/4.9.2/../../../../../H-x86_64-pc-linux-gnu/nios2-elf/lib/mno-hw-mul/libsmallc.a(lib_a-memcpy.o)
                0x0000000000005b5c                memcpy
 .text          0x0000000000005b84        0x0 /home/tyler/altera_lite/15.1/nios2eds/bin/gnu/H-x86_64-pc-linux-gnu/bin/../lib/gcc/nios2-elf/4.9.2/../../../../../H-x86_64-pc-linux-gnu/nios2-elf/lib/mno-hw-mul/libsmallc.a(lib_a-__atexit.o)
 .text.__register_exitproc
                0x0000000000005b84      0x150 /home/tyler/altera_lite/15.1/nios2eds/bin/gnu/H-x86_64-pc-linux-gnu/bin/../lib/gcc/nios2-elf/4.9.2/../../../../../H-x86_64-pc-linux-gnu/nios2-elf/lib/mno-hw-mul/libsmallc.a(lib_a-__atexit.o)
                0x0000000000005b84                __register_exitproc
 .text          0x0000000000005cd4        0x0 /home/tyler/altera_lite/15.1/nios2eds/bin/gnu/H-x86_64-pc-linux-gnu/bin/../lib/gcc/nios2-elf/4.9.2/../../../../../H-x86_64-pc-linux-gnu/nios2-elf/lib/mno-hw-mul/libsmallc.a(lib_a-__call_atexit.o)
 .text.__call_exitprocs
                0x0000000000005cd4      0x19c /home/tyler/altera_lite/15.1/nios2eds/bin/gnu/H-x86_64-pc-linux-gnu/bin/../lib/gcc/nios2-elf/4.9.2/../../../../../H-x86_64-pc-linux-gnu/nios2-elf/lib/mno-hw-mul/libsmallc.a(lib_a-__call_atexit.o)
                0x0000000000005cd4                __call_exitprocs
 .text          0x0000000000005e70       0x34 ../nios2_sw_bsp//libhal_bsp.a(alt_exit.o)
                0x0000000000005e70                _exit
 *(.gnu.warning.*)
 *(.fini)
                0x0000000000005ea4                PROVIDE (__etext, ABSOLUTE (.))
                0x0000000000005ea4                PROVIDE (_etext, ABSOLUTE (.))
                0x0000000000005ea4                PROVIDE (etext, ABSOLUTE (.))
 *(.eh_frame_hdr)
                0x0000000000005ea4                . = ALIGN (0x4)
                0x0000000000005ea4                PROVIDE (__preinit_array_start, ABSOLUTE (.))
 *(.preinit_array)
                0x0000000000005ea4                PROVIDE (__preinit_array_end, ABSOLUTE (.))
                0x0000000000005ea4                PROVIDE (__init_array_start, ABSOLUTE (.))
 *(.init_array)
                0x0000000000005ea4                PROVIDE (__init_array_end, ABSOLUTE (.))
                0x0000000000005ea4                PROVIDE (__fini_array_start, ABSOLUTE (.))
 *(.fini_array)
                0x0000000000005ea4                PROVIDE (__fini_array_end, ABSOLUTE (.))
 *(.eh_frame)
 *(.gcc_except_table .gcc_except_table.*)
 *(.dynamic)
                0x0000000000005ea4                PROVIDE (__CTOR_LIST__, ABSOLUTE (.))
 *(.ctors)
 *(SORT(.ctors.*))
                0x0000000000005ea4                PROVIDE (__CTOR_END__, ABSOLUTE (.))
                0x0000000000005ea4                PROVIDE (__DTOR_LIST__, ABSOLUTE (.))
 *(.dtors)
 *(SORT(.dtors.*))
                0x0000000000005ea4                PROVIDE (__DTOR_END__, ABSOLUTE (.))
 *(.jcr)
                0x0000000000005ea4                . = ALIGN (0x4)

.rodata         0x0000000000005ea4      0x408
                0x0000000000005ea4                PROVIDE (__ram_rodata_start, ABSOLUTE (.))
                0x0000000000005ea4                . = ALIGN (0x4)
 *(.rodata .rodata.* .gnu.linkonce.r.*)
 .rodata        0x0000000000005ea4      0x114 obj/default/i2c_opencores.o
 .rodata        0x0000000000005fb8      0x29c obj/default/tmc_temperature_readout_main.o
 .rodata.str1.4
                0x0000000000006254        0x4 /home/tyler/altera_lite/15.1/nios2eds/bin/gnu/H-x86_64-pc-linux-gnu/bin/../lib/gcc/nios2-elf/4.9.2/../../../../../H-x86_64-pc-linux-gnu/nios2-elf/lib/mno-hw-mul/libsmallc.a(lib_a-puts.o)
 .rodata        0x0000000000006258        0xc ../nios2_sw_bsp//libhal_bsp.a(alt_main.o)
 .rodata        0x0000000000006264       0x3c ../nios2_sw_bsp//libhal_bsp.a(alt_sys_init.o)
 .rodata        0x00000000000062a0        0xc ../nios2_sw_bsp//libhal_bsp.a(alt_dev.o)
 *(.rodata1)
                0x00000000000062ac                . = ALIGN (0x4)
                0x00000000000062ac                PROVIDE (__ram_rodata_end, ABSOLUTE (.))
                0x0000000000005ea4                PROVIDE (__flash_rodata_start, LOADADDR (.rodata))

.rwdata         0x00000000000062ac     0x1500
                0x00000000000062ac                PROVIDE (__ram_rwdata_start, ABSOLUTE (.))
                0x00000000000062ac                . = ALIGN (0x4)
 *(.got.plt)
 *(.got)
 *(.data1)
 *(.data .data.* .gnu.linkonce.d.*)
 .data          0x00000000000062ac        0x0 ../nios2_sw_bsp//obj/HAL/src/crt0.o
 .data          0x00000000000062ac        0x0 obj/default/i2c_opencores.o
 .data          0x00000000000062ac        0x0 obj/default/tmc_temperature_readout_main.o
 .data          0x00000000000062ac        0x0 /home/tyler/altera_lite/15.1/nios2eds/bin/gnu/H-x86_64-pc-linux-gnu/bin/../lib/gcc/nios2-elf/4.9.2/mno-hw-mul/libgcc.a(lib2-divmod.o)
 .data          0x00000000000062ac        0x0 /home/tyler/altera_lite/15.1/nios2eds/bin/gnu/H-x86_64-pc-linux-gnu/bin/../lib/gcc/nios2-elf/4.9.2/mno-hw-mul/libgcc.a(lib2-mul.o)
 .data          0x00000000000062ac        0x0 /home/tyler/altera_lite/15.1/nios2eds/bin/gnu/H-x86_64-pc-linux-gnu/bin/../lib/gcc/nios2-elf/4.9.2/../../../../../H-x86_64-pc-linux-gnu/nios2-elf/lib/mno-hw-mul/libsmallc.a(lib_a-printf.o)
 .data          0x00000000000062ac        0x0 /home/tyler/altera_lite/15.1/nios2eds/bin/gnu/H-x86_64-pc-linux-gnu/bin/../lib/gcc/nios2-elf/4.9.2/../../../../../H-x86_64-pc-linux-gnu/nios2-elf/lib/mno-hw-mul/libsmallc.a(lib_a-putchar.o)
 .data          0x00000000000062ac        0x0 /home/tyler/altera_lite/15.1/nios2eds/bin/gnu/H-x86_64-pc-linux-gnu/bin/../lib/gcc/nios2-elf/4.9.2/../../../../../H-x86_64-pc-linux-gnu/nios2-elf/lib/mno-hw-mul/libsmallc.a(lib_a-puts.o)
 .data          0x00000000000062ac        0x0 /home/tyler/altera_lite/15.1/nios2eds/bin/gnu/H-x86_64-pc-linux-gnu/bin/../lib/gcc/nios2-elf/4.9.2/../../../../../H-x86_64-pc-linux-gnu/nios2-elf/lib/mno-hw-mul/libsmallc.a(lib_a-strlen.o)
 .data          0x00000000000062ac        0x0 /home/tyler/altera_lite/15.1/nios2eds/bin/gnu/H-x86_64-pc-linux-gnu/bin/../lib/gcc/nios2-elf/4.9.2/../../../../../H-x86_64-pc-linux-gnu/nios2-elf/lib/mno-hw-mul/libsmallc.a(lib_a-vfprintf.o)
 .data          0x00000000000062ac        0x0 /home/tyler/altera_lite/15.1/nios2eds/bin/gnu/H-x86_64-pc-linux-gnu/bin/../lib/gcc/nios2-elf/4.9.2/../../../../../H-x86_64-pc-linux-gnu/nios2-elf/lib/mno-hw-mul/libsmallc.a(lib_a-fvwrite_small_dev.o)
 .data          0x00000000000062ac        0x0 /home/tyler/altera_lite/15.1/nios2eds/bin/gnu/H-x86_64-pc-linux-gnu/bin/../lib/gcc/nios2-elf/4.9.2/../../../../../H-x86_64-pc-linux-gnu/nios2-elf/lib/mno-hw-mul/libsmallc.a(lib_a-impure.o)
 .data.impure_data
                0x00000000000062ac       0xe0 /home/tyler/altera_lite/15.1/nios2eds/bin/gnu/H-x86_64-pc-linux-gnu/bin/../lib/gcc/nios2-elf/4.9.2/../../../../../H-x86_64-pc-linux-gnu/nios2-elf/lib/mno-hw-mul/libsmallc.a(lib_a-impure.o)
 .data          0x000000000000638c        0x0 /home/tyler/altera_lite/15.1/nios2eds/bin/gnu/H-x86_64-pc-linux-gnu/bin/../lib/gcc/nios2-elf/4.9.2/../../../../../H-x86_64-pc-linux-gnu/nios2-elf/lib/mno-hw-mul/libsmallc.a(lib_a-putc.o)
 .data          0x000000000000638c        0x0 /home/tyler/altera_lite/15.1/nios2eds/bin/gnu/H-x86_64-pc-linux-gnu/bin/../lib/gcc/nios2-elf/4.9.2/../../../../../H-x86_64-pc-linux-gnu/nios2-elf/lib/mno-hw-mul/libsmallc.a(lib_a-writer.o)
 .data          0x000000000000638c        0x0 /home/tyler/altera_lite/15.1/nios2eds/bin/gnu/H-x86_64-pc-linux-gnu/bin/../lib/gcc/nios2-elf/4.9.2/../../../../../H-x86_64-pc-linux-gnu/nios2-elf/lib/mno-hw-mul/libsmallc.a(lib_a-int_errno.o)
 .data          0x000000000000638c        0x0 ../nios2_sw_bsp//libhal_bsp.a(alt_iic.o)
 .data          0x000000000000638c        0x0 ../nios2_sw_bsp//libhal_bsp.a(alt_iic_isr_register.o)
 .data          0x000000000000638c        0x0 ../nios2_sw_bsp//libhal_bsp.a(alt_irq_entry.o)
 .data          0x000000000000638c        0x0 ../nios2_sw_bsp//libhal_bsp.a(alt_irq_handler.o)
 .data          0x000000000000638c        0x0 ../nios2_sw_bsp//libhal_bsp.a(alt_irq_vars.o)
 .data          0x000000000000638c        0x0 ../nios2_sw_bsp//libhal_bsp.a(alt_main.o)
 .data          0x000000000000638c        0x0 ../nios2_sw_bsp//libhal_bsp.a(alt_read.o)
 .data          0x000000000000638c        0x0 ../nios2_sw_bsp//libhal_bsp.a(alt_usleep.o)
 .data          0x000000000000638c        0x0 ../nios2_sw_bsp//libhal_bsp.a(alt_write.o)
 .data          0x000000000000638c     0x1224 ../nios2_sw_bsp//libhal_bsp.a(alt_sys_init.o)
 .data          0x00000000000075b0        0x0 ../nios2_sw_bsp//libhal_bsp.a(altera_avalon_jtag_uart_fd.o)
 .data          0x00000000000075b0        0x0 ../nios2_sw_bsp//libhal_bsp.a(altera_avalon_jtag_uart_init.o)
 .data          0x00000000000075b0        0x0 ../nios2_sw_bsp//libhal_bsp.a(altera_avalon_jtag_uart_ioctl.o)
 .data          0x00000000000075b0        0x0 ../nios2_sw_bsp//libhal_bsp.a(altera_avalon_jtag_uart_read.o)
 .data          0x00000000000075b0        0x0 ../nios2_sw_bsp//libhal_bsp.a(altera_avalon_jtag_uart_write.o)
 .data          0x00000000000075b0        0x0 ../nios2_sw_bsp//libhal_bsp.a(altera_avalon_spi.o)
 .data          0x00000000000075b0        0x0 ../nios2_sw_bsp//libhal_bsp.a(altera_avalon_uart_fd.o)
 .data          0x00000000000075b0        0x0 ../nios2_sw_bsp//libhal_bsp.a(altera_avalon_uart_init.o)
 .data          0x00000000000075b0        0x0 ../nios2_sw_bsp//libhal_bsp.a(altera_avalon_uart_read.o)
 .data          0x00000000000075b0        0x0 ../nios2_sw_bsp//libhal_bsp.a(altera_avalon_uart_write.o)
 .data          0x00000000000075b0        0x0 ../nios2_sw_bsp//libhal_bsp.a(altera_onchip_flash.o)
 .data          0x00000000000075b0        0x0 ../nios2_sw_bsp//libhal_bsp.a(alt_alarm_start.o)
 .data          0x00000000000075b0        0x0 ../nios2_sw_bsp//libhal_bsp.a(alt_busy_sleep.o)
 .data          0x00000000000075b0        0x0 ../nios2_sw_bsp//libhal_bsp.a(alt_close.o)
 .data          0x00000000000075b0        0x0 ../nios2_sw_bsp//libhal_bsp.a(alt_dcache_flush.o)
 .data          0x00000000000075b0      0x1a8 ../nios2_sw_bsp//libhal_bsp.a(alt_dev.o)
                0x00000000000075b0                alt_dev_null
                0x00000000000075d8                alt_fd_list
 .data          0x0000000000007758        0x0 ../nios2_sw_bsp//libhal_bsp.a(alt_dev_llist_insert.o)
 .data          0x0000000000007758        0x0 ../nios2_sw_bsp//libhal_bsp.a(alt_do_ctors.o)
 .data          0x0000000000007758        0x0 ../nios2_sw_bsp//libhal_bsp.a(alt_do_dtors.o)
 .data          0x0000000000007758        0x0 ../nios2_sw_bsp//libhal_bsp.a(alt_errno.o)
 .data          0x0000000000007758        0x0 ../nios2_sw_bsp//libhal_bsp.a(alt_exception_entry.o)
 .data          0x0000000000007758        0x0 ../nios2_sw_bsp//libhal_bsp.a(alt_flash_dev.o)
 .data          0x0000000000007758        0x0 ../nios2_sw_bsp//libhal_bsp.a(alt_instruction_exception_entry.o)
 .data          0x0000000000007758        0x0 ../nios2_sw_bsp//libhal_bsp.a(alt_io_redirect.o)
 .data          0x0000000000007758        0x0 ../nios2_sw_bsp//libhal_bsp.a(alt_open.o)
 .data          0x0000000000007758        0x0 ../nios2_sw_bsp//libhal_bsp.a(alt_release_fd.o)
 .data          0x0000000000007758        0x0 ../nios2_sw_bsp//libhal_bsp.a(alt_tick.o)
 .data          0x0000000000007758        0x0 ../nios2_sw_bsp//libhal_bsp.a(altera_nios2_gen2_irq.o)
 .data          0x0000000000007758        0x0 ../nios2_sw_bsp//libhal_bsp.a(alt_find_dev.o)
 .data          0x0000000000007758        0x0 ../nios2_sw_bsp//libhal_bsp.a(alt_find_file.o)
 .data          0x0000000000007758        0x0 ../nios2_sw_bsp//libhal_bsp.a(alt_get_fd.o)
 .data          0x0000000000007758        0x0 /home/tyler/altera_lite/15.1/nios2eds/bin/gnu/H-x86_64-pc-linux-gnu/bin/../lib/gcc/nios2-elf/4.9.2/../../../../../H-x86_64-pc-linux-gnu/nios2-elf/lib/mno-hw-mul/libsmallc.a(lib_a-atexit.o)
 .data          0x0000000000007758        0x0 /home/tyler/altera_lite/15.1/nios2eds/bin/gnu/H-x86_64-pc-linux-gnu/bin/../lib/gcc/nios2-elf/4.9.2/../../../../../H-x86_64-pc-linux-gnu/nios2-elf/lib/mno-hw-mul/libsmallc.a(lib_a-exit.o)
 .data          0x0000000000007758        0x0 /home/tyler/altera_lite/15.1/nios2eds/bin/gnu/H-x86_64-pc-linux-gnu/bin/../lib/gcc/nios2-elf/4.9.2/../../../../../H-x86_64-pc-linux-gnu/nios2-elf/lib/mno-hw-mul/libsmallc.a(lib_a-memcmp.o)
 .data          0x0000000000007758        0x0 /home/tyler/altera_lite/15.1/nios2eds/bin/gnu/H-x86_64-pc-linux-gnu/bin/../lib/gcc/nios2-elf/4.9.2/../../../../../H-x86_64-pc-linux-gnu/nios2-elf/lib/mno-hw-mul/libsmallc.a(lib_a-memcpy.o)
 .data          0x0000000000007758        0x0 /home/tyler/altera_lite/15.1/nios2eds/bin/gnu/H-x86_64-pc-linux-gnu/bin/../lib/gcc/nios2-elf/4.9.2/../../../../../H-x86_64-pc-linux-gnu/nios2-elf/lib/mno-hw-mul/libsmallc.a(lib_a-__atexit.o)
 .data          0x0000000000007758        0x0 /home/tyler/altera_lite/15.1/nios2eds/bin/gnu/H-x86_64-pc-linux-gnu/bin/../lib/gcc/nios2-elf/4.9.2/../../../../../H-x86_64-pc-linux-gnu/nios2-elf/lib/mno-hw-mul/libsmallc.a(lib_a-__call_atexit.o)
 .data          0x0000000000007758        0x0 ../nios2_sw_bsp//libhal_bsp.a(alt_exit.o)
                0x000000000000f758                _gp = ABSOLUTE ((. + 0x8000))
                0x000000000000f758                PROVIDE (gp, _gp)
 *(.rwdata .rwdata.*)
 *(.sdata .sdata.* .gnu.linkonce.s.*)
 .sdata         0x0000000000007758       0x18 obj/default/tmc_temperature_readout_main.o
                0x0000000000007758                pchan_2n2222
                0x000000000000775e                nchan_2n2222
                0x000000000000775f                pchan_current
                0x0000000000007765                nchan_current
                0x000000000000776b                pchan_board_temp
                0x000000000000776c                nchan_board_temp
                0x000000000000776d                pchan_adc_temp
                0x000000000000776e                nchan_adc_temp
 .sdata._global_impure_ptr
                0x0000000000007770        0x4 /home/tyler/altera_lite/15.1/nios2eds/bin/gnu/H-x86_64-pc-linux-gnu/bin/../lib/gcc/nios2-elf/4.9.2/../../../../../H-x86_64-pc-linux-gnu/nios2-elf/lib/mno-hw-mul/libsmallc.a(lib_a-impure.o)
                0x0000000000007770                _global_impure_ptr
 .sdata._impure_ptr
                0x0000000000007774        0x4 /home/tyler/altera_lite/15.1/nios2eds/bin/gnu/H-x86_64-pc-linux-gnu/bin/../lib/gcc/nios2-elf/4.9.2/../../../../../H-x86_64-pc-linux-gnu/nios2-elf/lib/mno-hw-mul/libsmallc.a(lib_a-impure.o)
                0x0000000000007774                _impure_ptr
 .sdata         0x0000000000007778        0x4 ../nios2_sw_bsp//libhal_bsp.a(alt_irq_vars.o)
                0x0000000000007778                alt_priority_mask
 .sdata         0x000000000000777c        0x8 ../nios2_sw_bsp//libhal_bsp.a(altera_onchip_flash.o)
                0x000000000000777c                altera_onchip_flash_list
 .sdata         0x0000000000007784       0x14 ../nios2_sw_bsp//libhal_bsp.a(alt_dev.o)
                0x0000000000007784                alt_fs_list
                0x000000000000778c                alt_dev_list
                0x0000000000007794                alt_max_fd
 .sdata         0x0000000000007798        0x4 ../nios2_sw_bsp//libhal_bsp.a(alt_errno.o)
                0x0000000000007798                alt_errno
 .sdata         0x000000000000779c        0x8 ../nios2_sw_bsp//libhal_bsp.a(alt_flash_dev.o)
                0x000000000000779c                alt_flash_dev_list
 .sdata         0x00000000000077a4        0x8 ../nios2_sw_bsp//libhal_bsp.a(alt_tick.o)
                0x00000000000077a4                alt_alarm_list
 *(.sdata2 .sdata2.* .gnu.linkonce.s2.*)
                0x00000000000077ac                . = ALIGN (0x4)
                0x00000000000077ac                _edata = ABSOLUTE (.)
                0x00000000000077ac                PROVIDE (edata, ABSOLUTE (.))
                0x00000000000077ac                PROVIDE (__ram_rwdata_end, ABSOLUTE (.))
                0x00000000000062ac                PROVIDE (__flash_rwdata_start, LOADADDR (.rwdata))

.bss            0x00000000000077ac      0x124
                0x00000000000077ac                __bss_start = ABSOLUTE (.)
                0x00000000000077ac                PROVIDE (__sbss_start, ABSOLUTE (.))
                0x00000000000077ac                PROVIDE (___sbss_start, ABSOLUTE (.))
 *(.dynsbss)
 *(.sbss .sbss.* .gnu.linkonce.sb.*)
 .sbss          0x00000000000077ac        0x1 obj/default/tmc_temperature_readout_main.o
                0x00000000000077ac                loop_done
 *fill*         0x00000000000077ad        0x3 
 .sbss          0x00000000000077b0        0x4 /home/tyler/altera_lite/15.1/nios2eds/bin/gnu/H-x86_64-pc-linux-gnu/bin/../lib/gcc/nios2-elf/4.9.2/../../../../../H-x86_64-pc-linux-gnu/nios2-elf/lib/mno-hw-mul/libsmallc.a(lib_a-int_errno.o)
                0x00000000000077b0                errno
 .sbss          0x00000000000077b4        0x4 ../nios2_sw_bsp//libhal_bsp.a(alt_irq_vars.o)
                0x00000000000077b4                alt_irq_active
 .sbss          0x00000000000077b8        0xc ../nios2_sw_bsp//libhal_bsp.a(alt_main.o)
                0x00000000000077b8                alt_argc
                0x00000000000077bc                alt_argv
                0x00000000000077c0                alt_envp
 .sbss          0x00000000000077c4        0x4 ../nios2_sw_bsp//libhal_bsp.a(alt_instruction_exception_entry.o)
                0x00000000000077c4                alt_instruction_exception_handler
 .sbss          0x00000000000077c8        0x8 ../nios2_sw_bsp//libhal_bsp.a(alt_tick.o)
                0x00000000000077c8                _alt_tick_rate
                0x00000000000077cc                _alt_nticks
 *(.sbss2 .sbss2.* .gnu.linkonce.sb2.*)
 *(.scommon)
                0x00000000000077d0                PROVIDE (__sbss_end, ABSOLUTE (.))
                0x00000000000077d0                PROVIDE (___sbss_end, ABSOLUTE (.))
 *(.dynbss)
 *(.bss .bss.* .gnu.linkonce.b.*)
 .bss           0x00000000000077d0        0x0 ../nios2_sw_bsp//obj/HAL/src/crt0.o
 .bss           0x00000000000077d0        0x0 obj/default/i2c_opencores.o
 .bss           0x00000000000077d0        0x0 obj/default/tmc_temperature_readout_main.o
 .bss           0x00000000000077d0        0x0 /home/tyler/altera_lite/15.1/nios2eds/bin/gnu/H-x86_64-pc-linux-gnu/bin/../lib/gcc/nios2-elf/4.9.2/mno-hw-mul/libgcc.a(lib2-divmod.o)
 .bss           0x00000000000077d0        0x0 /home/tyler/altera_lite/15.1/nios2eds/bin/gnu/H-x86_64-pc-linux-gnu/bin/../lib/gcc/nios2-elf/4.9.2/mno-hw-mul/libgcc.a(lib2-mul.o)
 .bss           0x00000000000077d0        0x0 /home/tyler/altera_lite/15.1/nios2eds/bin/gnu/H-x86_64-pc-linux-gnu/bin/../lib/gcc/nios2-elf/4.9.2/../../../../../H-x86_64-pc-linux-gnu/nios2-elf/lib/mno-hw-mul/libsmallc.a(lib_a-printf.o)
 .bss           0x00000000000077d0        0x0 /home/tyler/altera_lite/15.1/nios2eds/bin/gnu/H-x86_64-pc-linux-gnu/bin/../lib/gcc/nios2-elf/4.9.2/../../../../../H-x86_64-pc-linux-gnu/nios2-elf/lib/mno-hw-mul/libsmallc.a(lib_a-putchar.o)
 .bss           0x00000000000077d0        0x0 /home/tyler/altera_lite/15.1/nios2eds/bin/gnu/H-x86_64-pc-linux-gnu/bin/../lib/gcc/nios2-elf/4.9.2/../../../../../H-x86_64-pc-linux-gnu/nios2-elf/lib/mno-hw-mul/libsmallc.a(lib_a-puts.o)
 .bss           0x00000000000077d0        0x0 /home/tyler/altera_lite/15.1/nios2eds/bin/gnu/H-x86_64-pc-linux-gnu/bin/../lib/gcc/nios2-elf/4.9.2/../../../../../H-x86_64-pc-linux-gnu/nios2-elf/lib/mno-hw-mul/libsmallc.a(lib_a-strlen.o)
 .bss           0x00000000000077d0        0x0 /home/tyler/altera_lite/15.1/nios2eds/bin/gnu/H-x86_64-pc-linux-gnu/bin/../lib/gcc/nios2-elf/4.9.2/../../../../../H-x86_64-pc-linux-gnu/nios2-elf/lib/mno-hw-mul/libsmallc.a(lib_a-vfprintf.o)
 .bss           0x00000000000077d0        0x0 /home/tyler/altera_lite/15.1/nios2eds/bin/gnu/H-x86_64-pc-linux-gnu/bin/../lib/gcc/nios2-elf/4.9.2/../../../../../H-x86_64-pc-linux-gnu/nios2-elf/lib/mno-hw-mul/libsmallc.a(lib_a-fvwrite_small_dev.o)
 .bss           0x00000000000077d0        0x0 /home/tyler/altera_lite/15.1/nios2eds/bin/gnu/H-x86_64-pc-linux-gnu/bin/../lib/gcc/nios2-elf/4.9.2/../../../../../H-x86_64-pc-linux-gnu/nios2-elf/lib/mno-hw-mul/libsmallc.a(lib_a-impure.o)
 .bss           0x00000000000077d0        0x0 /home/tyler/altera_lite/15.1/nios2eds/bin/gnu/H-x86_64-pc-linux-gnu/bin/../lib/gcc/nios2-elf/4.9.2/../../../../../H-x86_64-pc-linux-gnu/nios2-elf/lib/mno-hw-mul/libsmallc.a(lib_a-putc.o)
 .bss           0x00000000000077d0        0x0 /home/tyler/altera_lite/15.1/nios2eds/bin/gnu/H-x86_64-pc-linux-gnu/bin/../lib/gcc/nios2-elf/4.9.2/../../../../../H-x86_64-pc-linux-gnu/nios2-elf/lib/mno-hw-mul/libsmallc.a(lib_a-writer.o)
 .bss           0x00000000000077d0        0x0 /home/tyler/altera_lite/15.1/nios2eds/bin/gnu/H-x86_64-pc-linux-gnu/bin/../lib/gcc/nios2-elf/4.9.2/../../../../../H-x86_64-pc-linux-gnu/nios2-elf/lib/mno-hw-mul/libsmallc.a(lib_a-int_errno.o)
 .bss           0x00000000000077d0        0x0 ../nios2_sw_bsp//libhal_bsp.a(alt_iic.o)
 .bss           0x00000000000077d0        0x0 ../nios2_sw_bsp//libhal_bsp.a(alt_iic_isr_register.o)
 .bss           0x00000000000077d0        0x0 ../nios2_sw_bsp//libhal_bsp.a(alt_irq_entry.o)
 .bss           0x00000000000077d0        0x0 ../nios2_sw_bsp//libhal_bsp.a(alt_irq_handler.o)
 .bss           0x00000000000077d0        0x0 ../nios2_sw_bsp//libhal_bsp.a(alt_irq_vars.o)
 .bss           0x00000000000077d0        0x0 ../nios2_sw_bsp//libhal_bsp.a(alt_main.o)
 .bss           0x00000000000077d0        0x0 ../nios2_sw_bsp//libhal_bsp.a(alt_read.o)
 .bss           0x00000000000077d0        0x0 ../nios2_sw_bsp//libhal_bsp.a(alt_usleep.o)
 .bss           0x00000000000077d0        0x0 ../nios2_sw_bsp//libhal_bsp.a(alt_write.o)
 .bss           0x00000000000077d0        0x0 ../nios2_sw_bsp//libhal_bsp.a(alt_sys_init.o)
 .bss           0x00000000000077d0        0x0 ../nios2_sw_bsp//libhal_bsp.a(altera_avalon_jtag_uart_fd.o)
 .bss           0x00000000000077d0        0x0 ../nios2_sw_bsp//libhal_bsp.a(altera_avalon_jtag_uart_init.o)
 .bss           0x00000000000077d0        0x0 ../nios2_sw_bsp//libhal_bsp.a(altera_avalon_jtag_uart_ioctl.o)
 .bss           0x00000000000077d0        0x0 ../nios2_sw_bsp//libhal_bsp.a(altera_avalon_jtag_uart_read.o)
 .bss           0x00000000000077d0        0x0 ../nios2_sw_bsp//libhal_bsp.a(altera_avalon_jtag_uart_write.o)
 .bss           0x00000000000077d0        0x0 ../nios2_sw_bsp//libhal_bsp.a(altera_avalon_spi.o)
 .bss           0x00000000000077d0        0x0 ../nios2_sw_bsp//libhal_bsp.a(altera_avalon_uart_fd.o)
 .bss           0x00000000000077d0        0x0 ../nios2_sw_bsp//libhal_bsp.a(altera_avalon_uart_init.o)
 .bss           0x00000000000077d0        0x0 ../nios2_sw_bsp//libhal_bsp.a(altera_avalon_uart_read.o)
 .bss           0x00000000000077d0        0x0 ../nios2_sw_bsp//libhal_bsp.a(altera_avalon_uart_write.o)
 .bss           0x00000000000077d0        0x0 ../nios2_sw_bsp//libhal_bsp.a(altera_onchip_flash.o)
 .bss           0x00000000000077d0        0x0 ../nios2_sw_bsp//libhal_bsp.a(alt_alarm_start.o)
 .bss           0x00000000000077d0        0x0 ../nios2_sw_bsp//libhal_bsp.a(alt_busy_sleep.o)
 .bss           0x00000000000077d0        0x0 ../nios2_sw_bsp//libhal_bsp.a(alt_close.o)
 .bss           0x00000000000077d0        0x0 ../nios2_sw_bsp//libhal_bsp.a(alt_dcache_flush.o)
 .bss           0x00000000000077d0        0x0 ../nios2_sw_bsp//libhal_bsp.a(alt_dev.o)
 .bss           0x00000000000077d0        0x0 ../nios2_sw_bsp//libhal_bsp.a(alt_dev_llist_insert.o)
 .bss           0x00000000000077d0        0x0 ../nios2_sw_bsp//libhal_bsp.a(alt_do_ctors.o)
 .bss           0x00000000000077d0        0x0 ../nios2_sw_bsp//libhal_bsp.a(alt_do_dtors.o)
 .bss           0x00000000000077d0        0x0 ../nios2_sw_bsp//libhal_bsp.a(alt_errno.o)
 .bss           0x00000000000077d0        0x0 ../nios2_sw_bsp//libhal_bsp.a(alt_exception_entry.o)
 .bss           0x00000000000077d0        0x0 ../nios2_sw_bsp//libhal_bsp.a(alt_flash_dev.o)
 .bss           0x00000000000077d0        0x0 ../nios2_sw_bsp//libhal_bsp.a(alt_instruction_exception_entry.o)
 .bss           0x00000000000077d0        0x0 ../nios2_sw_bsp//libhal_bsp.a(alt_io_redirect.o)
 .bss           0x00000000000077d0        0x0 ../nios2_sw_bsp//libhal_bsp.a(alt_open.o)
 .bss           0x00000000000077d0        0x0 ../nios2_sw_bsp//libhal_bsp.a(alt_release_fd.o)
 .bss           0x00000000000077d0        0x0 ../nios2_sw_bsp//libhal_bsp.a(alt_tick.o)
 .bss           0x00000000000077d0        0x0 ../nios2_sw_bsp//libhal_bsp.a(altera_nios2_gen2_irq.o)
 .bss           0x00000000000077d0        0x0 ../nios2_sw_bsp//libhal_bsp.a(alt_find_dev.o)
 .bss           0x00000000000077d0        0x0 ../nios2_sw_bsp//libhal_bsp.a(alt_find_file.o)
 .bss           0x00000000000077d0        0x0 ../nios2_sw_bsp//libhal_bsp.a(alt_get_fd.o)
 .bss           0x00000000000077d0        0x0 /home/tyler/altera_lite/15.1/nios2eds/bin/gnu/H-x86_64-pc-linux-gnu/bin/../lib/gcc/nios2-elf/4.9.2/../../../../../H-x86_64-pc-linux-gnu/nios2-elf/lib/mno-hw-mul/libsmallc.a(lib_a-atexit.o)
 .bss           0x00000000000077d0        0x0 /home/tyler/altera_lite/15.1/nios2eds/bin/gnu/H-x86_64-pc-linux-gnu/bin/../lib/gcc/nios2-elf/4.9.2/../../../../../H-x86_64-pc-linux-gnu/nios2-elf/lib/mno-hw-mul/libsmallc.a(lib_a-exit.o)
 .bss           0x00000000000077d0        0x0 /home/tyler/altera_lite/15.1/nios2eds/bin/gnu/H-x86_64-pc-linux-gnu/bin/../lib/gcc/nios2-elf/4.9.2/../../../../../H-x86_64-pc-linux-gnu/nios2-elf/lib/mno-hw-mul/libsmallc.a(lib_a-memcmp.o)
 .bss           0x00000000000077d0        0x0 /home/tyler/altera_lite/15.1/nios2eds/bin/gnu/H-x86_64-pc-linux-gnu/bin/../lib/gcc/nios2-elf/4.9.2/../../../../../H-x86_64-pc-linux-gnu/nios2-elf/lib/mno-hw-mul/libsmallc.a(lib_a-memcpy.o)
 .bss           0x00000000000077d0        0x0 /home/tyler/altera_lite/15.1/nios2eds/bin/gnu/H-x86_64-pc-linux-gnu/bin/../lib/gcc/nios2-elf/4.9.2/../../../../../H-x86_64-pc-linux-gnu/nios2-elf/lib/mno-hw-mul/libsmallc.a(lib_a-__atexit.o)
 .bss           0x00000000000077d0        0x0 /home/tyler/altera_lite/15.1/nios2eds/bin/gnu/H-x86_64-pc-linux-gnu/bin/../lib/gcc/nios2-elf/4.9.2/../../../../../H-x86_64-pc-linux-gnu/nios2-elf/lib/mno-hw-mul/libsmallc.a(lib_a-__call_atexit.o)
 .bss           0x00000000000077d0        0x0 ../nios2_sw_bsp//libhal_bsp.a(alt_exit.o)
 *(COMMON)
 COMMON         0x00000000000077d0      0x100 ../nios2_sw_bsp//libhal_bsp.a(alt_irq_handler.o)
                0x00000000000077d0                alt_irq
                0x00000000000078d0                . = ALIGN (0x4)
                0x00000000000078d0                __bss_end = ABSOLUTE (.)

.onchip_memory2_0
                0x00000000000078d0        0x0
                0x00000000000078d0                PROVIDE (_alt_partition_onchip_memory2_0_start, ABSOLUTE (.))
 *(.onchip_memory2_0 .onchip_memory2_0. onchip_memory2_0.*)
                0x00000000000078d0                . = ALIGN (0x4)
                0x00000000000078d0                PROVIDE (_alt_partition_onchip_memory2_0_end, ABSOLUTE (.))
                0x00000000000078d0                _end = ABSOLUTE (.)
                0x00000000000078d0                end = ABSOLUTE (.)
                0x00000000000078d0                __alt_stack_base = ABSOLUTE (.)
                0x00000000000078d0                PROVIDE (_alt_partition_onchip_memory2_0_load_addr, LOADADDR (.onchip_memory2_0))

.onchip_flash_0_data
                0x0000000000080020        0x0
                0x0000000000080020                PROVIDE (_alt_partition_onchip_flash_0_data_start, ABSOLUTE (.))
 *(.onchip_flash_0_data .onchip_flash_0_data. onchip_flash_0_data.*)
                0x0000000000080020                . = ALIGN (0x4)
                0x0000000000080020                PROVIDE (_alt_partition_onchip_flash_0_data_end, ABSOLUTE (.))
                0x0000000000080020                PROVIDE (_alt_partition_onchip_flash_0_data_load_addr, LOADADDR (.onchip_flash_0_data))

.stab
 *(.stab)

.stabstr
 *(.stabstr)

.stab.excl
 *(.stab.excl)

.stab.exclstr
 *(.stab.exclstr)

.stab.index
 *(.stab.index)

.stab.indexstr
 *(.stab.indexstr)

.comment        0x0000000000000000       0x23
 *(.comment)
 .comment       0x0000000000000000       0x23 obj/default/i2c_opencores.o
                                         0x24 (size before relaxing)
 .comment       0x0000000000000000       0x24 obj/default/tmc_temperature_readout_main.o
 .comment       0x0000000000000000       0x24 /home/tyler/altera_lite/15.1/nios2eds/bin/gnu/H-x86_64-pc-linux-gnu/bin/../lib/gcc/nios2-elf/4.9.2/mno-hw-mul/libgcc.a(lib2-divmod.o)
 .comment       0x0000000000000000       0x24 /home/tyler/altera_lite/15.1/nios2eds/bin/gnu/H-x86_64-pc-linux-gnu/bin/../lib/gcc/nios2-elf/4.9.2/mno-hw-mul/libgcc.a(lib2-mul.o)
 .comment       0x0000000000000000       0x24 /home/tyler/altera_lite/15.1/nios2eds/bin/gnu/H-x86_64-pc-linux-gnu/bin/../lib/gcc/nios2-elf/4.9.2/../../../../../H-x86_64-pc-linux-gnu/nios2-elf/lib/mno-hw-mul/libsmallc.a(lib_a-printf.o)
 .comment       0x0000000000000000       0x24 /home/tyler/altera_lite/15.1/nios2eds/bin/gnu/H-x86_64-pc-linux-gnu/bin/../lib/gcc/nios2-elf/4.9.2/../../../../../H-x86_64-pc-linux-gnu/nios2-elf/lib/mno-hw-mul/libsmallc.a(lib_a-putchar.o)
 .comment       0x0000000000000000       0x24 /home/tyler/altera_lite/15.1/nios2eds/bin/gnu/H-x86_64-pc-linux-gnu/bin/../lib/gcc/nios2-elf/4.9.2/../../../../../H-x86_64-pc-linux-gnu/nios2-elf/lib/mno-hw-mul/libsmallc.a(lib_a-puts.o)
 .comment       0x0000000000000000       0x24 /home/tyler/altera_lite/15.1/nios2eds/bin/gnu/H-x86_64-pc-linux-gnu/bin/../lib/gcc/nios2-elf/4.9.2/../../../../../H-x86_64-pc-linux-gnu/nios2-elf/lib/mno-hw-mul/libsmallc.a(lib_a-strlen.o)
 .comment       0x0000000000000000       0x24 /home/tyler/altera_lite/15.1/nios2eds/bin/gnu/H-x86_64-pc-linux-gnu/bin/../lib/gcc/nios2-elf/4.9.2/../../../../../H-x86_64-pc-linux-gnu/nios2-elf/lib/mno-hw-mul/libsmallc.a(lib_a-vfprintf.o)
 .comment       0x0000000000000000       0x24 /home/tyler/altera_lite/15.1/nios2eds/bin/gnu/H-x86_64-pc-linux-gnu/bin/../lib/gcc/nios2-elf/4.9.2/../../../../../H-x86_64-pc-linux-gnu/nios2-elf/lib/mno-hw-mul/libsmallc.a(lib_a-fvwrite_small_dev.o)
 .comment       0x0000000000000000       0x24 /home/tyler/altera_lite/15.1/nios2eds/bin/gnu/H-x86_64-pc-linux-gnu/bin/../lib/gcc/nios2-elf/4.9.2/../../../../../H-x86_64-pc-linux-gnu/nios2-elf/lib/mno-hw-mul/libsmallc.a(lib_a-impure.o)
 .comment       0x0000000000000000       0x24 /home/tyler/altera_lite/15.1/nios2eds/bin/gnu/H-x86_64-pc-linux-gnu/bin/../lib/gcc/nios2-elf/4.9.2/../../../../../H-x86_64-pc-linux-gnu/nios2-elf/lib/mno-hw-mul/libsmallc.a(lib_a-putc.o)
 .comment       0x0000000000000000       0x24 /home/tyler/altera_lite/15.1/nios2eds/bin/gnu/H-x86_64-pc-linux-gnu/bin/../lib/gcc/nios2-elf/4.9.2/../../../../../H-x86_64-pc-linux-gnu/nios2-elf/lib/mno-hw-mul/libsmallc.a(lib_a-writer.o)
 .comment       0x0000000000000000       0x24 /home/tyler/altera_lite/15.1/nios2eds/bin/gnu/H-x86_64-pc-linux-gnu/bin/../lib/gcc/nios2-elf/4.9.2/../../../../../H-x86_64-pc-linux-gnu/nios2-elf/lib/mno-hw-mul/libsmallc.a(lib_a-int_errno.o)
 .comment       0x0000000000000000       0x24 ../nios2_sw_bsp//libhal_bsp.a(alt_iic.o)
 .comment       0x0000000000000000       0x24 ../nios2_sw_bsp//libhal_bsp.a(alt_iic_isr_register.o)
 .comment       0x0000000000000000       0x24 ../nios2_sw_bsp//libhal_bsp.a(alt_irq_handler.o)
 .comment       0x0000000000000000       0x24 ../nios2_sw_bsp//libhal_bsp.a(alt_irq_vars.o)
 .comment       0x0000000000000000       0x24 ../nios2_sw_bsp//libhal_bsp.a(alt_main.o)
 .comment       0x0000000000000000       0x24 ../nios2_sw_bsp//libhal_bsp.a(alt_read.o)
 .comment       0x0000000000000000       0x24 ../nios2_sw_bsp//libhal_bsp.a(alt_usleep.o)
 .comment       0x0000000000000000       0x24 ../nios2_sw_bsp//libhal_bsp.a(alt_write.o)
 .comment       0x0000000000000000       0x24 ../nios2_sw_bsp//libhal_bsp.a(alt_sys_init.o)
 .comment       0x0000000000000000       0x24 ../nios2_sw_bsp//libhal_bsp.a(altera_avalon_jtag_uart_fd.o)
 .comment       0x0000000000000000       0x24 ../nios2_sw_bsp//libhal_bsp.a(altera_avalon_jtag_uart_init.o)
 .comment       0x0000000000000000       0x24 ../nios2_sw_bsp//libhal_bsp.a(altera_avalon_jtag_uart_ioctl.o)
 .comment       0x0000000000000000       0x24 ../nios2_sw_bsp//libhal_bsp.a(altera_avalon_jtag_uart_read.o)
 .comment       0x0000000000000000       0x24 ../nios2_sw_bsp//libhal_bsp.a(altera_avalon_jtag_uart_write.o)
 .comment       0x0000000000000000       0x24 ../nios2_sw_bsp//libhal_bsp.a(altera_avalon_spi.o)
 .comment       0x0000000000000000       0x24 ../nios2_sw_bsp//libhal_bsp.a(altera_avalon_uart_fd.o)
 .comment       0x0000000000000000       0x24 ../nios2_sw_bsp//libhal_bsp.a(altera_avalon_uart_init.o)
 .comment       0x0000000000000000       0x24 ../nios2_sw_bsp//libhal_bsp.a(altera_avalon_uart_read.o)
 .comment       0x0000000000000000       0x24 ../nios2_sw_bsp//libhal_bsp.a(altera_avalon_uart_write.o)
 .comment       0x0000000000000000       0x24 ../nios2_sw_bsp//libhal_bsp.a(altera_onchip_flash.o)
 .comment       0x0000000000000000       0x24 ../nios2_sw_bsp//libhal_bsp.a(alt_alarm_start.o)
 .comment       0x0000000000000000       0x24 ../nios2_sw_bsp//libhal_bsp.a(alt_busy_sleep.o)
 .comment       0x0000000000000000       0x24 ../nios2_sw_bsp//libhal_bsp.a(alt_close.o)
 .comment       0x0000000000000000       0x24 ../nios2_sw_bsp//libhal_bsp.a(alt_dcache_flush.o)
 .comment       0x0000000000000000       0x24 ../nios2_sw_bsp//libhal_bsp.a(alt_dev.o)
 .comment       0x0000000000000000       0x24 ../nios2_sw_bsp//libhal_bsp.a(alt_dev_llist_insert.o)
 .comment       0x0000000000000000       0x24 ../nios2_sw_bsp//libhal_bsp.a(alt_do_ctors.o)
 .comment       0x0000000000000000       0x24 ../nios2_sw_bsp//libhal_bsp.a(alt_do_dtors.o)
 .comment       0x0000000000000000       0x24 ../nios2_sw_bsp//libhal_bsp.a(alt_errno.o)
 .comment       0x0000000000000000       0x24 ../nios2_sw_bsp//libhal_bsp.a(alt_flash_dev.o)
 .comment       0x0000000000000000       0x24 ../nios2_sw_bsp//libhal_bsp.a(alt_instruction_exception_entry.o)
 .comment       0x0000000000000000       0x24 ../nios2_sw_bsp//libhal_bsp.a(alt_io_redirect.o)
 .comment       0x0000000000000000       0x24 ../nios2_sw_bsp//libhal_bsp.a(alt_open.o)
 .comment       0x0000000000000000       0x24 ../nios2_sw_bsp//libhal_bsp.a(alt_release_fd.o)
 .comment       0x0000000000000000       0x24 ../nios2_sw_bsp//libhal_bsp.a(alt_tick.o)
 .comment       0x0000000000000000       0x24 ../nios2_sw_bsp//libhal_bsp.a(altera_nios2_gen2_irq.o)
 .comment       0x0000000000000000       0x24 ../nios2_sw_bsp//libhal_bsp.a(alt_find_dev.o)
 .comment       0x0000000000000000       0x24 ../nios2_sw_bsp//libhal_bsp.a(alt_find_file.o)
 .comment       0x0000000000000000       0x24 ../nios2_sw_bsp//libhal_bsp.a(alt_get_fd.o)
 .comment       0x0000000000000000       0x24 /home/tyler/altera_lite/15.1/nios2eds/bin/gnu/H-x86_64-pc-linux-gnu/bin/../lib/gcc/nios2-elf/4.9.2/../../../../../H-x86_64-pc-linux-gnu/nios2-elf/lib/mno-hw-mul/libsmallc.a(lib_a-atexit.o)
 .comment       0x0000000000000000       0x24 /home/tyler/altera_lite/15.1/nios2eds/bin/gnu/H-x86_64-pc-linux-gnu/bin/../lib/gcc/nios2-elf/4.9.2/../../../../../H-x86_64-pc-linux-gnu/nios2-elf/lib/mno-hw-mul/libsmallc.a(lib_a-exit.o)
 .comment       0x0000000000000000       0x24 /home/tyler/altera_lite/15.1/nios2eds/bin/gnu/H-x86_64-pc-linux-gnu/bin/../lib/gcc/nios2-elf/4.9.2/../../../../../H-x86_64-pc-linux-gnu/nios2-elf/lib/mno-hw-mul/libsmallc.a(lib_a-memcmp.o)
 .comment       0x0000000000000000       0x24 /home/tyler/altera_lite/15.1/nios2eds/bin/gnu/H-x86_64-pc-linux-gnu/bin/../lib/gcc/nios2-elf/4.9.2/../../../../../H-x86_64-pc-linux-gnu/nios2-elf/lib/mno-hw-mul/libsmallc.a(lib_a-memcpy.o)
 .comment       0x0000000000000000       0x24 /home/tyler/altera_lite/15.1/nios2eds/bin/gnu/H-x86_64-pc-linux-gnu/bin/../lib/gcc/nios2-elf/4.9.2/../../../../../H-x86_64-pc-linux-gnu/nios2-elf/lib/mno-hw-mul/libsmallc.a(lib_a-__atexit.o)
 .comment       0x0000000000000000       0x24 /home/tyler/altera_lite/15.1/nios2eds/bin/gnu/H-x86_64-pc-linux-gnu/bin/../lib/gcc/nios2-elf/4.9.2/../../../../../H-x86_64-pc-linux-gnu/nios2-elf/lib/mno-hw-mul/libsmallc.a(lib_a-__call_atexit.o)
 .comment       0x0000000000000000       0x24 ../nios2_sw_bsp//libhal_bsp.a(alt_exit.o)

.debug
 *(.debug)

.line
 *(.line)

.debug_srcinfo
 *(.debug_srcinfo)

.debug_sfnames
 *(.debug_sfnames)

.debug_aranges  0x0000000000000000      0x820
 *(.debug_aranges)
 .debug_aranges
                0x0000000000000000       0x20 ../nios2_sw_bsp//obj/HAL/src/crt0.o
 .debug_aranges
                0x0000000000000020       0x20 obj/default/i2c_opencores.o
 .debug_aranges
                0x0000000000000040       0x20 obj/default/tmc_temperature_readout_main.o
 .debug_aranges
                0x0000000000000060       0x20 /home/tyler/altera_lite/15.1/nios2eds/bin/gnu/H-x86_64-pc-linux-gnu/bin/../lib/gcc/nios2-elf/4.9.2/mno-hw-mul/libgcc.a(lib2-divmod.o)
 .debug_aranges
                0x0000000000000080       0x20 /home/tyler/altera_lite/15.1/nios2eds/bin/gnu/H-x86_64-pc-linux-gnu/bin/../lib/gcc/nios2-elf/4.9.2/mno-hw-mul/libgcc.a(lib2-mul.o)
 .debug_aranges
                0x00000000000000a0       0x28 /home/tyler/altera_lite/15.1/nios2eds/bin/gnu/H-x86_64-pc-linux-gnu/bin/../lib/gcc/nios2-elf/4.9.2/../../../../../H-x86_64-pc-linux-gnu/nios2-elf/lib/mno-hw-mul/libsmallc.a(lib_a-printf.o)
 .debug_aranges
                0x00000000000000c8       0x28 /home/tyler/altera_lite/15.1/nios2eds/bin/gnu/H-x86_64-pc-linux-gnu/bin/../lib/gcc/nios2-elf/4.9.2/../../../../../H-x86_64-pc-linux-gnu/nios2-elf/lib/mno-hw-mul/libsmallc.a(lib_a-putchar.o)
 .debug_aranges
                0x00000000000000f0       0x28 /home/tyler/altera_lite/15.1/nios2eds/bin/gnu/H-x86_64-pc-linux-gnu/bin/../lib/gcc/nios2-elf/4.9.2/../../../../../H-x86_64-pc-linux-gnu/nios2-elf/lib/mno-hw-mul/libsmallc.a(lib_a-puts.o)
 .debug_aranges
                0x0000000000000118       0x20 /home/tyler/altera_lite/15.1/nios2eds/bin/gnu/H-x86_64-pc-linux-gnu/bin/../lib/gcc/nios2-elf/4.9.2/../../../../../H-x86_64-pc-linux-gnu/nios2-elf/lib/mno-hw-mul/libsmallc.a(lib_a-strlen.o)
 .debug_aranges
                0x0000000000000138       0x30 /home/tyler/altera_lite/15.1/nios2eds/bin/gnu/H-x86_64-pc-linux-gnu/bin/../lib/gcc/nios2-elf/4.9.2/../../../../../H-x86_64-pc-linux-gnu/nios2-elf/lib/mno-hw-mul/libsmallc.a(lib_a-vfprintf.o)
 .debug_aranges
                0x0000000000000168       0x20 /home/tyler/altera_lite/15.1/nios2eds/bin/gnu/H-x86_64-pc-linux-gnu/bin/../lib/gcc/nios2-elf/4.9.2/../../../../../H-x86_64-pc-linux-gnu/nios2-elf/lib/mno-hw-mul/libsmallc.a(lib_a-fvwrite_small_dev.o)
 .debug_aranges
                0x0000000000000188       0x18 /home/tyler/altera_lite/15.1/nios2eds/bin/gnu/H-x86_64-pc-linux-gnu/bin/../lib/gcc/nios2-elf/4.9.2/../../../../../H-x86_64-pc-linux-gnu/nios2-elf/lib/mno-hw-mul/libsmallc.a(lib_a-impure.o)
 .debug_aranges
                0x00000000000001a0       0x28 /home/tyler/altera_lite/15.1/nios2eds/bin/gnu/H-x86_64-pc-linux-gnu/bin/../lib/gcc/nios2-elf/4.9.2/../../../../../H-x86_64-pc-linux-gnu/nios2-elf/lib/mno-hw-mul/libsmallc.a(lib_a-putc.o)
 .debug_aranges
                0x00000000000001c8       0x20 /home/tyler/altera_lite/15.1/nios2eds/bin/gnu/H-x86_64-pc-linux-gnu/bin/../lib/gcc/nios2-elf/4.9.2/../../../../../H-x86_64-pc-linux-gnu/nios2-elf/lib/mno-hw-mul/libsmallc.a(lib_a-writer.o)
 .debug_aranges
                0x00000000000001e8       0x18 /home/tyler/altera_lite/15.1/nios2eds/bin/gnu/H-x86_64-pc-linux-gnu/bin/../lib/gcc/nios2-elf/4.9.2/../../../../../H-x86_64-pc-linux-gnu/nios2-elf/lib/mno-hw-mul/libsmallc.a(lib_a-int_errno.o)
 .debug_aranges
                0x0000000000000200       0x20 ../nios2_sw_bsp//libhal_bsp.a(alt_iic.o)
 .debug_aranges
                0x0000000000000220       0x20 ../nios2_sw_bsp//libhal_bsp.a(alt_iic_isr_register.o)
 .debug_aranges
                0x0000000000000240       0x30 ../nios2_sw_bsp//libhal_bsp.a(alt_irq_entry.o)
 .debug_aranges
                0x0000000000000270       0x20 ../nios2_sw_bsp//libhal_bsp.a(alt_irq_handler.o)
 .debug_aranges
                0x0000000000000290       0x18 ../nios2_sw_bsp//libhal_bsp.a(alt_irq_vars.o)
 .debug_aranges
                0x00000000000002a8       0x20 ../nios2_sw_bsp//libhal_bsp.a(alt_main.o)
 .debug_aranges
                0x00000000000002c8       0x20 ../nios2_sw_bsp//libhal_bsp.a(alt_read.o)
 .debug_aranges
                0x00000000000002e8       0x20 ../nios2_sw_bsp//libhal_bsp.a(alt_usleep.o)
 .debug_aranges
                0x0000000000000308       0x20 ../nios2_sw_bsp//libhal_bsp.a(alt_write.o)
 .debug_aranges
                0x0000000000000328       0x20 ../nios2_sw_bsp//libhal_bsp.a(alt_sys_init.o)
 .debug_aranges
                0x0000000000000348       0x20 ../nios2_sw_bsp//libhal_bsp.a(altera_avalon_jtag_uart_fd.o)
 .debug_aranges
                0x0000000000000368       0x20 ../nios2_sw_bsp//libhal_bsp.a(altera_avalon_jtag_uart_init.o)
 .debug_aranges
                0x0000000000000388       0x20 ../nios2_sw_bsp//libhal_bsp.a(altera_avalon_jtag_uart_ioctl.o)
 .debug_aranges
                0x00000000000003a8       0x20 ../nios2_sw_bsp//libhal_bsp.a(altera_avalon_jtag_uart_read.o)
 .debug_aranges
                0x00000000000003c8       0x20 ../nios2_sw_bsp//libhal_bsp.a(altera_avalon_jtag_uart_write.o)
 .debug_aranges
                0x00000000000003e8       0x20 ../nios2_sw_bsp//libhal_bsp.a(altera_avalon_spi.o)
 .debug_aranges
                0x0000000000000408       0x20 ../nios2_sw_bsp//libhal_bsp.a(altera_avalon_uart_fd.o)
 .debug_aranges
                0x0000000000000428       0x20 ../nios2_sw_bsp//libhal_bsp.a(altera_avalon_uart_init.o)
 .debug_aranges
                0x0000000000000448       0x20 ../nios2_sw_bsp//libhal_bsp.a(altera_avalon_uart_read.o)
 .debug_aranges
                0x0000000000000468       0x20 ../nios2_sw_bsp//libhal_bsp.a(altera_avalon_uart_write.o)
 .debug_aranges
                0x0000000000000488       0x20 ../nios2_sw_bsp//libhal_bsp.a(altera_onchip_flash.o)
 .debug_aranges
                0x00000000000004a8       0x20 ../nios2_sw_bsp//libhal_bsp.a(alt_alarm_start.o)
 .debug_aranges
                0x00000000000004c8       0x20 ../nios2_sw_bsp//libhal_bsp.a(alt_busy_sleep.o)
 .debug_aranges
                0x00000000000004e8       0x20 ../nios2_sw_bsp//libhal_bsp.a(alt_close.o)
 .debug_aranges
                0x0000000000000508       0x20 ../nios2_sw_bsp//libhal_bsp.a(alt_dcache_flush.o)
 .debug_aranges
                0x0000000000000528       0x20 ../nios2_sw_bsp//libhal_bsp.a(alt_dev.o)
 .debug_aranges
                0x0000000000000548       0x20 ../nios2_sw_bsp//libhal_bsp.a(alt_dev_llist_insert.o)
 .debug_aranges
                0x0000000000000568       0x20 ../nios2_sw_bsp//libhal_bsp.a(alt_do_ctors.o)
 .debug_aranges
                0x0000000000000588       0x20 ../nios2_sw_bsp//libhal_bsp.a(alt_do_dtors.o)
 .debug_aranges
                0x00000000000005a8       0x18 ../nios2_sw_bsp//libhal_bsp.a(alt_errno.o)
 .debug_aranges
                0x00000000000005c0       0x38 ../nios2_sw_bsp//libhal_bsp.a(alt_exception_entry.o)
 .debug_aranges
                0x00000000000005f8       0x20 ../nios2_sw_bsp//libhal_bsp.a(alt_flash_dev.o)
 .debug_aranges
                0x0000000000000618       0x28 ../nios2_sw_bsp//libhal_bsp.a(alt_instruction_exception_entry.o)
 .debug_aranges
                0x0000000000000640       0x20 ../nios2_sw_bsp//libhal_bsp.a(alt_io_redirect.o)
 .debug_aranges
                0x0000000000000660       0x20 ../nios2_sw_bsp//libhal_bsp.a(alt_open.o)
 .debug_aranges
                0x0000000000000680       0x20 ../nios2_sw_bsp//libhal_bsp.a(alt_release_fd.o)
 .debug_aranges
                0x00000000000006a0       0x20 ../nios2_sw_bsp//libhal_bsp.a(alt_tick.o)
 .debug_aranges
                0x00000000000006c0       0x20 ../nios2_sw_bsp//libhal_bsp.a(altera_nios2_gen2_irq.o)
 .debug_aranges
                0x00000000000006e0       0x20 ../nios2_sw_bsp//libhal_bsp.a(alt_find_dev.o)
 .debug_aranges
                0x0000000000000700       0x20 ../nios2_sw_bsp//libhal_bsp.a(alt_find_file.o)
 .debug_aranges
                0x0000000000000720       0x20 ../nios2_sw_bsp//libhal_bsp.a(alt_get_fd.o)
 .debug_aranges
                0x0000000000000740       0x20 /home/tyler/altera_lite/15.1/nios2eds/bin/gnu/H-x86_64-pc-linux-gnu/bin/../lib/gcc/nios2-elf/4.9.2/../../../../../H-x86_64-pc-linux-gnu/nios2-elf/lib/mno-hw-mul/libsmallc.a(lib_a-atexit.o)
 .debug_aranges
                0x0000000000000760       0x20 /home/tyler/altera_lite/15.1/nios2eds/bin/gnu/H-x86_64-pc-linux-gnu/bin/../lib/gcc/nios2-elf/4.9.2/../../../../../H-x86_64-pc-linux-gnu/nios2-elf/lib/mno-hw-mul/libsmallc.a(lib_a-exit.o)
 .debug_aranges
                0x0000000000000780       0x20 /home/tyler/altera_lite/15.1/nios2eds/bin/gnu/H-x86_64-pc-linux-gnu/bin/../lib/gcc/nios2-elf/4.9.2/../../../../../H-x86_64-pc-linux-gnu/nios2-elf/lib/mno-hw-mul/libsmallc.a(lib_a-memcmp.o)
 .debug_aranges
                0x00000000000007a0       0x20 /home/tyler/altera_lite/15.1/nios2eds/bin/gnu/H-x86_64-pc-linux-gnu/bin/../lib/gcc/nios2-elf/4.9.2/../../../../../H-x86_64-pc-linux-gnu/nios2-elf/lib/mno-hw-mul/libsmallc.a(lib_a-memcpy.o)
 .debug_aranges
                0x00000000000007c0       0x20 /home/tyler/altera_lite/15.1/nios2eds/bin/gnu/H-x86_64-pc-linux-gnu/bin/../lib/gcc/nios2-elf/4.9.2/../../../../../H-x86_64-pc-linux-gnu/nios2-elf/lib/mno-hw-mul/libsmallc.a(lib_a-__atexit.o)
 .debug_aranges
                0x00000000000007e0       0x20 /home/tyler/altera_lite/15.1/nios2eds/bin/gnu/H-x86_64-pc-linux-gnu/bin/../lib/gcc/nios2-elf/4.9.2/../../../../../H-x86_64-pc-linux-gnu/nios2-elf/lib/mno-hw-mul/libsmallc.a(lib_a-__call_atexit.o)
 .debug_aranges
                0x0000000000000800       0x20 ../nios2_sw_bsp//libhal_bsp.a(alt_exit.o)

.debug_pubnames
 *(.debug_pubnames)

.debug_info     0x0000000000000000     0xc915
 *(.debug_info .gnu.linkonce.wi.*)
 .debug_info    0x0000000000000000       0x6c ../nios2_sw_bsp//obj/HAL/src/crt0.o
 .debug_info    0x000000000000006c      0x198 obj/default/i2c_opencores.o
 .debug_info    0x0000000000000204      0x717 obj/default/tmc_temperature_readout_main.o
 .debug_info    0x000000000000091b      0x234 /home/tyler/altera_lite/15.1/nios2eds/bin/gnu/H-x86_64-pc-linux-gnu/bin/../lib/gcc/nios2-elf/4.9.2/mno-hw-mul/libgcc.a(lib2-divmod.o)
 .debug_info    0x0000000000000b4f       0xb4 /home/tyler/altera_lite/15.1/nios2eds/bin/gnu/H-x86_64-pc-linux-gnu/bin/../lib/gcc/nios2-elf/4.9.2/mno-hw-mul/libgcc.a(lib2-mul.o)
 .debug_info    0x0000000000000c03      0x6c7 /home/tyler/altera_lite/15.1/nios2eds/bin/gnu/H-x86_64-pc-linux-gnu/bin/../lib/gcc/nios2-elf/4.9.2/../../../../../H-x86_64-pc-linux-gnu/nios2-elf/lib/mno-hw-mul/libsmallc.a(lib_a-printf.o)
 .debug_info    0x00000000000012ca      0x648 /home/tyler/altera_lite/15.1/nios2eds/bin/gnu/H-x86_64-pc-linux-gnu/bin/../lib/gcc/nios2-elf/4.9.2/../../../../../H-x86_64-pc-linux-gnu/nios2-elf/lib/mno-hw-mul/libsmallc.a(lib_a-putchar.o)
 .debug_info    0x0000000000001912      0x685 /home/tyler/altera_lite/15.1/nios2eds/bin/gnu/H-x86_64-pc-linux-gnu/bin/../lib/gcc/nios2-elf/4.9.2/../../../../../H-x86_64-pc-linux-gnu/nios2-elf/lib/mno-hw-mul/libsmallc.a(lib_a-puts.o)
 .debug_info    0x0000000000001f97       0xc2 /home/tyler/altera_lite/15.1/nios2eds/bin/gnu/H-x86_64-pc-linux-gnu/bin/../lib/gcc/nios2-elf/4.9.2/../../../../../H-x86_64-pc-linux-gnu/nios2-elf/lib/mno-hw-mul/libsmallc.a(lib_a-strlen.o)
 .debug_info    0x0000000000002059      0xb38 /home/tyler/altera_lite/15.1/nios2eds/bin/gnu/H-x86_64-pc-linux-gnu/bin/../lib/gcc/nios2-elf/4.9.2/../../../../../H-x86_64-pc-linux-gnu/nios2-elf/lib/mno-hw-mul/libsmallc.a(lib_a-vfprintf.o)
 .debug_info    0x0000000000002b91      0x656 /home/tyler/altera_lite/15.1/nios2eds/bin/gnu/H-x86_64-pc-linux-gnu/bin/../lib/gcc/nios2-elf/4.9.2/../../../../../H-x86_64-pc-linux-gnu/nios2-elf/lib/mno-hw-mul/libsmallc.a(lib_a-fvwrite_small_dev.o)
 .debug_info    0x00000000000031e7      0x5a7 /home/tyler/altera_lite/15.1/nios2eds/bin/gnu/H-x86_64-pc-linux-gnu/bin/../lib/gcc/nios2-elf/4.9.2/../../../../../H-x86_64-pc-linux-gnu/nios2-elf/lib/mno-hw-mul/libsmallc.a(lib_a-impure.o)
 .debug_info    0x000000000000378e      0x680 /home/tyler/altera_lite/15.1/nios2eds/bin/gnu/H-x86_64-pc-linux-gnu/bin/../lib/gcc/nios2-elf/4.9.2/../../../../../H-x86_64-pc-linux-gnu/nios2-elf/lib/mno-hw-mul/libsmallc.a(lib_a-putc.o)
 .debug_info    0x0000000000003e0e      0x639 /home/tyler/altera_lite/15.1/nios2eds/bin/gnu/H-x86_64-pc-linux-gnu/bin/../lib/gcc/nios2-elf/4.9.2/../../../../../H-x86_64-pc-linux-gnu/nios2-elf/lib/mno-hw-mul/libsmallc.a(lib_a-writer.o)
 .debug_info    0x0000000000004447       0x83 /home/tyler/altera_lite/15.1/nios2eds/bin/gnu/H-x86_64-pc-linux-gnu/bin/../lib/gcc/nios2-elf/4.9.2/../../../../../H-x86_64-pc-linux-gnu/nios2-elf/lib/mno-hw-mul/libsmallc.a(lib_a-int_errno.o)
 .debug_info    0x00000000000044ca      0x349 ../nios2_sw_bsp//libhal_bsp.a(alt_iic.o)
 .debug_info    0x0000000000004813      0x1e8 ../nios2_sw_bsp//libhal_bsp.a(alt_iic_isr_register.o)
 .debug_info    0x00000000000049fb       0x71 ../nios2_sw_bsp//libhal_bsp.a(alt_irq_entry.o)
 .debug_info    0x0000000000004a6c      0x180 ../nios2_sw_bsp//libhal_bsp.a(alt_irq_handler.o)
 .debug_info    0x0000000000004bec       0x88 ../nios2_sw_bsp//libhal_bsp.a(alt_irq_vars.o)
 .debug_info    0x0000000000004c74      0x12a ../nios2_sw_bsp//libhal_bsp.a(alt_main.o)
 .debug_info    0x0000000000004d9e      0x4a9 ../nios2_sw_bsp//libhal_bsp.a(alt_read.o)
 .debug_info    0x0000000000005247       0xa9 ../nios2_sw_bsp//libhal_bsp.a(alt_usleep.o)
 .debug_info    0x00000000000052f0      0x4b0 ../nios2_sw_bsp//libhal_bsp.a(alt_write.o)
 .debug_info    0x00000000000057a0      0x945 ../nios2_sw_bsp//libhal_bsp.a(alt_sys_init.o)
 .debug_info    0x00000000000060e5      0x527 ../nios2_sw_bsp//libhal_bsp.a(altera_avalon_jtag_uart_fd.o)
 .debug_info    0x000000000000660c      0x3a1 ../nios2_sw_bsp//libhal_bsp.a(altera_avalon_jtag_uart_init.o)
 .debug_info    0x00000000000069ad      0x279 ../nios2_sw_bsp//libhal_bsp.a(altera_avalon_jtag_uart_ioctl.o)
 .debug_info    0x0000000000006c26      0x342 ../nios2_sw_bsp//libhal_bsp.a(altera_avalon_jtag_uart_read.o)
 .debug_info    0x0000000000006f68      0x339 ../nios2_sw_bsp//libhal_bsp.a(altera_avalon_jtag_uart_write.o)
 .debug_info    0x00000000000072a1      0x186 ../nios2_sw_bsp//libhal_bsp.a(altera_avalon_spi.o)
 .debug_info    0x0000000000007427      0x440 ../nios2_sw_bsp//libhal_bsp.a(altera_avalon_uart_fd.o)
 .debug_info    0x0000000000007867      0x32c ../nios2_sw_bsp//libhal_bsp.a(altera_avalon_uart_init.o)
 .debug_info    0x0000000000007b93      0x312 ../nios2_sw_bsp//libhal_bsp.a(altera_avalon_uart_read.o)
 .debug_info    0x0000000000007ea5      0x317 ../nios2_sw_bsp//libhal_bsp.a(altera_avalon_uart_write.o)
 .debug_info    0x00000000000081bc      0x96e ../nios2_sw_bsp//libhal_bsp.a(altera_onchip_flash.o)
 .debug_info    0x0000000000008b2a      0x2c5 ../nios2_sw_bsp//libhal_bsp.a(alt_alarm_start.o)
 .debug_info    0x0000000000008def       0xd0 ../nios2_sw_bsp//libhal_bsp.a(alt_busy_sleep.o)
 .debug_info    0x0000000000008ebf      0x31a ../nios2_sw_bsp//libhal_bsp.a(alt_close.o)
 .debug_info    0x00000000000091d9       0xb5 ../nios2_sw_bsp//libhal_bsp.a(alt_dcache_flush.o)
 .debug_info    0x000000000000928e      0x495 ../nios2_sw_bsp//libhal_bsp.a(alt_dev.o)
 .debug_info    0x0000000000009723      0x1a2 ../nios2_sw_bsp//libhal_bsp.a(alt_dev_llist_insert.o)
 .debug_info    0x00000000000098c5       0x83 ../nios2_sw_bsp//libhal_bsp.a(alt_do_ctors.o)
 .debug_info    0x0000000000009948       0x83 ../nios2_sw_bsp//libhal_bsp.a(alt_do_dtors.o)
 .debug_info    0x00000000000099cb       0x9f ../nios2_sw_bsp//libhal_bsp.a(alt_errno.o)
 .debug_info    0x0000000000009a6a       0x77 ../nios2_sw_bsp//libhal_bsp.a(alt_exception_entry.o)
 .debug_info    0x0000000000009ae1      0x3d0 ../nios2_sw_bsp//libhal_bsp.a(alt_flash_dev.o)
 .debug_info    0x0000000000009eb1      0x1d8 ../nios2_sw_bsp//libhal_bsp.a(alt_instruction_exception_entry.o)
 .debug_info    0x000000000000a089      0x49e ../nios2_sw_bsp//libhal_bsp.a(alt_io_redirect.o)
 .debug_info    0x000000000000a527      0x3b4 ../nios2_sw_bsp//libhal_bsp.a(alt_open.o)
 .debug_info    0x000000000000a8db      0x2b0 ../nios2_sw_bsp//libhal_bsp.a(alt_release_fd.o)
 .debug_info    0x000000000000ab8b      0x292 ../nios2_sw_bsp//libhal_bsp.a(alt_tick.o)
 .debug_info    0x000000000000ae1d       0x8b ../nios2_sw_bsp//libhal_bsp.a(altera_nios2_gen2_irq.o)
 .debug_info    0x000000000000aea8      0x2e2 ../nios2_sw_bsp//libhal_bsp.a(alt_find_dev.o)
 .debug_info    0x000000000000b18a      0x2df ../nios2_sw_bsp//libhal_bsp.a(alt_find_file.o)
 .debug_info    0x000000000000b469      0x309 ../nios2_sw_bsp//libhal_bsp.a(alt_get_fd.o)
 .debug_info    0x000000000000b772      0x10a /home/tyler/altera_lite/15.1/nios2eds/bin/gnu/H-x86_64-pc-linux-gnu/bin/../lib/gcc/nios2-elf/4.9.2/../../../../../H-x86_64-pc-linux-gnu/nios2-elf/lib/mno-hw-mul/libsmallc.a(lib_a-atexit.o)
 .debug_info    0x000000000000b87c       0xed /home/tyler/altera_lite/15.1/nios2eds/bin/gnu/H-x86_64-pc-linux-gnu/bin/../lib/gcc/nios2-elf/4.9.2/../../../../../H-x86_64-pc-linux-gnu/nios2-elf/lib/mno-hw-mul/libsmallc.a(lib_a-exit.o)
 .debug_info    0x000000000000b969       0xed /home/tyler/altera_lite/15.1/nios2eds/bin/gnu/H-x86_64-pc-linux-gnu/bin/../lib/gcc/nios2-elf/4.9.2/../../../../../H-x86_64-pc-linux-gnu/nios2-elf/lib/mno-hw-mul/libsmallc.a(lib_a-memcmp.o)
 .debug_info    0x000000000000ba56      0x106 /home/tyler/altera_lite/15.1/nios2eds/bin/gnu/H-x86_64-pc-linux-gnu/bin/../lib/gcc/nios2-elf/4.9.2/../../../../../H-x86_64-pc-linux-gnu/nios2-elf/lib/mno-hw-mul/libsmallc.a(lib_a-memcpy.o)
 .debug_info    0x000000000000bb5c      0x655 /home/tyler/altera_lite/15.1/nios2eds/bin/gnu/H-x86_64-pc-linux-gnu/bin/../lib/gcc/nios2-elf/4.9.2/../../../../../H-x86_64-pc-linux-gnu/nios2-elf/lib/mno-hw-mul/libsmallc.a(lib_a-__atexit.o)
 .debug_info    0x000000000000c1b1      0x67f /home/tyler/altera_lite/15.1/nios2eds/bin/gnu/H-x86_64-pc-linux-gnu/bin/../lib/gcc/nios2-elf/4.9.2/../../../../../H-x86_64-pc-linux-gnu/nios2-elf/lib/mno-hw-mul/libsmallc.a(lib_a-__call_atexit.o)
 .debug_info    0x000000000000c830       0xe5 ../nios2_sw_bsp//libhal_bsp.a(alt_exit.o)

.debug_abbrev   0x0000000000000000     0x431c
 *(.debug_abbrev)
 .debug_abbrev  0x0000000000000000       0x14 ../nios2_sw_bsp//obj/HAL/src/crt0.o
 .debug_abbrev  0x0000000000000014       0xb4 obj/default/i2c_opencores.o
 .debug_abbrev  0x00000000000000c8      0x1be obj/default/tmc_temperature_readout_main.o
 .debug_abbrev  0x0000000000000286       0xd9 /home/tyler/altera_lite/15.1/nios2eds/bin/gnu/H-x86_64-pc-linux-gnu/bin/../lib/gcc/nios2-elf/4.9.2/mno-hw-mul/libgcc.a(lib2-divmod.o)
 .debug_abbrev  0x000000000000035f       0x6f /home/tyler/altera_lite/15.1/nios2eds/bin/gnu/H-x86_64-pc-linux-gnu/bin/../lib/gcc/nios2-elf/4.9.2/mno-hw-mul/libgcc.a(lib2-mul.o)
 .debug_abbrev  0x00000000000003ce      0x1fe /home/tyler/altera_lite/15.1/nios2eds/bin/gnu/H-x86_64-pc-linux-gnu/bin/../lib/gcc/nios2-elf/4.9.2/../../../../../H-x86_64-pc-linux-gnu/nios2-elf/lib/mno-hw-mul/libsmallc.a(lib_a-printf.o)
 .debug_abbrev  0x00000000000005cc      0x1c4 /home/tyler/altera_lite/15.1/nios2eds/bin/gnu/H-x86_64-pc-linux-gnu/bin/../lib/gcc/nios2-elf/4.9.2/../../../../../H-x86_64-pc-linux-gnu/nios2-elf/lib/mno-hw-mul/libsmallc.a(lib_a-putchar.o)
 .debug_abbrev  0x0000000000000790      0x1ed /home/tyler/altera_lite/15.1/nios2eds/bin/gnu/H-x86_64-pc-linux-gnu/bin/../lib/gcc/nios2-elf/4.9.2/../../../../../H-x86_64-pc-linux-gnu/nios2-elf/lib/mno-hw-mul/libsmallc.a(lib_a-puts.o)
 .debug_abbrev  0x000000000000097d       0x7f /home/tyler/altera_lite/15.1/nios2eds/bin/gnu/H-x86_64-pc-linux-gnu/bin/../lib/gcc/nios2-elf/4.9.2/../../../../../H-x86_64-pc-linux-gnu/nios2-elf/lib/mno-hw-mul/libsmallc.a(lib_a-strlen.o)
 .debug_abbrev  0x00000000000009fc      0x2a1 /home/tyler/altera_lite/15.1/nios2eds/bin/gnu/H-x86_64-pc-linux-gnu/bin/../lib/gcc/nios2-elf/4.9.2/../../../../../H-x86_64-pc-linux-gnu/nios2-elf/lib/mno-hw-mul/libsmallc.a(lib_a-vfprintf.o)
 .debug_abbrev  0x0000000000000c9d      0x1c3 /home/tyler/altera_lite/15.1/nios2eds/bin/gnu/H-x86_64-pc-linux-gnu/bin/../lib/gcc/nios2-elf/4.9.2/../../../../../H-x86_64-pc-linux-gnu/nios2-elf/lib/mno-hw-mul/libsmallc.a(lib_a-fvwrite_small_dev.o)
 .debug_abbrev  0x0000000000000e60      0x14a /home/tyler/altera_lite/15.1/nios2eds/bin/gnu/H-x86_64-pc-linux-gnu/bin/../lib/gcc/nios2-elf/4.9.2/../../../../../H-x86_64-pc-linux-gnu/nios2-elf/lib/mno-hw-mul/libsmallc.a(lib_a-impure.o)
 .debug_abbrev  0x0000000000000faa      0x1bf /home/tyler/altera_lite/15.1/nios2eds/bin/gnu/H-x86_64-pc-linux-gnu/bin/../lib/gcc/nios2-elf/4.9.2/../../../../../H-x86_64-pc-linux-gnu/nios2-elf/lib/mno-hw-mul/libsmallc.a(lib_a-putc.o)
 .debug_abbrev  0x0000000000001169      0x1a8 /home/tyler/altera_lite/15.1/nios2eds/bin/gnu/H-x86_64-pc-linux-gnu/bin/../lib/gcc/nios2-elf/4.9.2/../../../../../H-x86_64-pc-linux-gnu/nios2-elf/lib/mno-hw-mul/libsmallc.a(lib_a-writer.o)
 .debug_abbrev  0x0000000000001311       0x37 /home/tyler/altera_lite/15.1/nios2eds/bin/gnu/H-x86_64-pc-linux-gnu/bin/../lib/gcc/nios2-elf/4.9.2/../../../../../H-x86_64-pc-linux-gnu/nios2-elf/lib/mno-hw-mul/libsmallc.a(lib_a-int_errno.o)
 .debug_abbrev  0x0000000000001348      0x163 ../nios2_sw_bsp//libhal_bsp.a(alt_iic.o)
 .debug_abbrev  0x00000000000014ab      0x169 ../nios2_sw_bsp//libhal_bsp.a(alt_iic_isr_register.o)
 .debug_abbrev  0x0000000000001614       0x12 ../nios2_sw_bsp//libhal_bsp.a(alt_irq_entry.o)
 .debug_abbrev  0x0000000000001626      0x122 ../nios2_sw_bsp//libhal_bsp.a(alt_irq_handler.o)
 .debug_abbrev  0x0000000000001748       0x40 ../nios2_sw_bsp//libhal_bsp.a(alt_irq_vars.o)
 .debug_abbrev  0x0000000000001788       0xba ../nios2_sw_bsp//libhal_bsp.a(alt_main.o)
 .debug_abbrev  0x0000000000001842      0x12e ../nios2_sw_bsp//libhal_bsp.a(alt_read.o)
 .debug_abbrev  0x0000000000001970       0x60 ../nios2_sw_bsp//libhal_bsp.a(alt_usleep.o)
 .debug_abbrev  0x00000000000019d0      0x133 ../nios2_sw_bsp//libhal_bsp.a(alt_write.o)
 .debug_abbrev  0x0000000000001b03      0x190 ../nios2_sw_bsp//libhal_bsp.a(alt_sys_init.o)
 .debug_abbrev  0x0000000000001c93      0x127 ../nios2_sw_bsp//libhal_bsp.a(altera_avalon_jtag_uart_fd.o)
 .debug_abbrev  0x0000000000001dba      0x197 ../nios2_sw_bsp//libhal_bsp.a(altera_avalon_jtag_uart_init.o)
 .debug_abbrev  0x0000000000001f51      0x111 ../nios2_sw_bsp//libhal_bsp.a(altera_avalon_jtag_uart_ioctl.o)
 .debug_abbrev  0x0000000000002062      0x1ac ../nios2_sw_bsp//libhal_bsp.a(altera_avalon_jtag_uart_read.o)
 .debug_abbrev  0x000000000000220e      0x1a8 ../nios2_sw_bsp//libhal_bsp.a(altera_avalon_jtag_uart_write.o)
 .debug_abbrev  0x00000000000023b6       0x8a ../nios2_sw_bsp//libhal_bsp.a(altera_avalon_spi.o)
 .debug_abbrev  0x0000000000002440      0x109 ../nios2_sw_bsp//libhal_bsp.a(altera_avalon_uart_fd.o)
 .debug_abbrev  0x0000000000002549      0x178 ../nios2_sw_bsp//libhal_bsp.a(altera_avalon_uart_init.o)
 .debug_abbrev  0x00000000000026c1      0x183 ../nios2_sw_bsp//libhal_bsp.a(altera_avalon_uart_read.o)
 .debug_abbrev  0x0000000000002844      0x18a ../nios2_sw_bsp//libhal_bsp.a(altera_avalon_uart_write.o)
 .debug_abbrev  0x00000000000029ce      0x1da ../nios2_sw_bsp//libhal_bsp.a(altera_onchip_flash.o)
 .debug_abbrev  0x0000000000002ba8      0x162 ../nios2_sw_bsp//libhal_bsp.a(alt_alarm_start.o)
 .debug_abbrev  0x0000000000002d0a       0x7e ../nios2_sw_bsp//libhal_bsp.a(alt_busy_sleep.o)
 .debug_abbrev  0x0000000000002d88      0x11f ../nios2_sw_bsp//libhal_bsp.a(alt_close.o)
 .debug_abbrev  0x0000000000002ea7       0x74 ../nios2_sw_bsp//libhal_bsp.a(alt_dcache_flush.o)
 .debug_abbrev  0x0000000000002f1b       0xd9 ../nios2_sw_bsp//libhal_bsp.a(alt_dev.o)
 .debug_abbrev  0x0000000000002ff4      0x114 ../nios2_sw_bsp//libhal_bsp.a(alt_dev_llist_insert.o)
 .debug_abbrev  0x0000000000003108       0x79 ../nios2_sw_bsp//libhal_bsp.a(alt_do_ctors.o)
 .debug_abbrev  0x0000000000003181       0x79 ../nios2_sw_bsp//libhal_bsp.a(alt_do_dtors.o)
 .debug_abbrev  0x00000000000031fa       0x5a ../nios2_sw_bsp//libhal_bsp.a(alt_errno.o)
 .debug_abbrev  0x0000000000003254       0x12 ../nios2_sw_bsp//libhal_bsp.a(alt_exception_entry.o)
 .debug_abbrev  0x0000000000003266      0x11a ../nios2_sw_bsp//libhal_bsp.a(alt_flash_dev.o)
 .debug_abbrev  0x0000000000003380       0xd1 ../nios2_sw_bsp//libhal_bsp.a(alt_instruction_exception_entry.o)
 .debug_abbrev  0x0000000000003451      0x114 ../nios2_sw_bsp//libhal_bsp.a(alt_io_redirect.o)
 .debug_abbrev  0x0000000000003565      0x148 ../nios2_sw_bsp//libhal_bsp.a(alt_open.o)
 .debug_abbrev  0x00000000000036ad       0xde ../nios2_sw_bsp//libhal_bsp.a(alt_release_fd.o)
 .debug_abbrev  0x000000000000378b      0x15a ../nios2_sw_bsp//libhal_bsp.a(alt_tick.o)
 .debug_abbrev  0x00000000000038e5       0x42 ../nios2_sw_bsp//libhal_bsp.a(altera_nios2_gen2_irq.o)
 .debug_abbrev  0x0000000000003927       0xf0 ../nios2_sw_bsp//libhal_bsp.a(alt_find_dev.o)
 .debug_abbrev  0x0000000000003a17       0xf0 ../nios2_sw_bsp//libhal_bsp.a(alt_find_file.o)
 .debug_abbrev  0x0000000000003b07      0x10d ../nios2_sw_bsp//libhal_bsp.a(alt_get_fd.o)
 .debug_abbrev  0x0000000000003c14       0xb8 /home/tyler/altera_lite/15.1/nios2eds/bin/gnu/H-x86_64-pc-linux-gnu/bin/../lib/gcc/nios2-elf/4.9.2/../../../../../H-x86_64-pc-linux-gnu/nios2-elf/lib/mno-hw-mul/libsmallc.a(lib_a-atexit.o)
 .debug_abbrev  0x0000000000003ccc       0xa9 /home/tyler/altera_lite/15.1/nios2eds/bin/gnu/H-x86_64-pc-linux-gnu/bin/../lib/gcc/nios2-elf/4.9.2/../../../../../H-x86_64-pc-linux-gnu/nios2-elf/lib/mno-hw-mul/libsmallc.a(lib_a-exit.o)
 .debug_abbrev  0x0000000000003d75       0x7f /home/tyler/altera_lite/15.1/nios2eds/bin/gnu/H-x86_64-pc-linux-gnu/bin/../lib/gcc/nios2-elf/4.9.2/../../../../../H-x86_64-pc-linux-gnu/nios2-elf/lib/mno-hw-mul/libsmallc.a(lib_a-memcmp.o)
 .debug_abbrev  0x0000000000003df4       0xa4 /home/tyler/altera_lite/15.1/nios2eds/bin/gnu/H-x86_64-pc-linux-gnu/bin/../lib/gcc/nios2-elf/4.9.2/../../../../../H-x86_64-pc-linux-gnu/nios2-elf/lib/mno-hw-mul/libsmallc.a(lib_a-memcpy.o)
 .debug_abbrev  0x0000000000003e98      0x1e6 /home/tyler/altera_lite/15.1/nios2eds/bin/gnu/H-x86_64-pc-linux-gnu/bin/../lib/gcc/nios2-elf/4.9.2/../../../../../H-x86_64-pc-linux-gnu/nios2-elf/lib/mno-hw-mul/libsmallc.a(lib_a-__atexit.o)
 .debug_abbrev  0x000000000000407e      0x1f8 /home/tyler/altera_lite/15.1/nios2eds/bin/gnu/H-x86_64-pc-linux-gnu/bin/../lib/gcc/nios2-elf/4.9.2/../../../../../H-x86_64-pc-linux-gnu/nios2-elf/lib/mno-hw-mul/libsmallc.a(lib_a-__call_atexit.o)
 .debug_abbrev  0x0000000000004276       0xa6 ../nios2_sw_bsp//libhal_bsp.a(alt_exit.o)

.debug_line     0x0000000000000000     0x4aa8
 *(.debug_line)
 .debug_line    0x0000000000000000       0x51 ../nios2_sw_bsp//obj/HAL/src/crt0.o
 .debug_line    0x0000000000000051       0xc6 obj/default/i2c_opencores.o
 .debug_line    0x0000000000000117      0x2f9 obj/default/tmc_temperature_readout_main.o
 .debug_line    0x0000000000000410       0xc7 /home/tyler/altera_lite/15.1/nios2eds/bin/gnu/H-x86_64-pc-linux-gnu/bin/../lib/gcc/nios2-elf/4.9.2/mno-hw-mul/libgcc.a(lib2-divmod.o)
 .debug_line    0x00000000000004d7       0x80 /home/tyler/altera_lite/15.1/nios2eds/bin/gnu/H-x86_64-pc-linux-gnu/bin/../lib/gcc/nios2-elf/4.9.2/mno-hw-mul/libgcc.a(lib2-mul.o)
 .debug_line    0x0000000000000557      0x208 /home/tyler/altera_lite/15.1/nios2eds/bin/gnu/H-x86_64-pc-linux-gnu/bin/../lib/gcc/nios2-elf/4.9.2/../../../../../H-x86_64-pc-linux-gnu/nios2-elf/lib/mno-hw-mul/libsmallc.a(lib_a-printf.o)
 .debug_line    0x000000000000075f      0x1eb /home/tyler/altera_lite/15.1/nios2eds/bin/gnu/H-x86_64-pc-linux-gnu/bin/../lib/gcc/nios2-elf/4.9.2/../../../../../H-x86_64-pc-linux-gnu/nios2-elf/lib/mno-hw-mul/libsmallc.a(lib_a-putchar.o)
 .debug_line    0x000000000000094a      0x208 /home/tyler/altera_lite/15.1/nios2eds/bin/gnu/H-x86_64-pc-linux-gnu/bin/../lib/gcc/nios2-elf/4.9.2/../../../../../H-x86_64-pc-linux-gnu/nios2-elf/lib/mno-hw-mul/libsmallc.a(lib_a-puts.o)
 .debug_line    0x0000000000000b52      0x15c /home/tyler/altera_lite/15.1/nios2eds/bin/gnu/H-x86_64-pc-linux-gnu/bin/../lib/gcc/nios2-elf/4.9.2/../../../../../H-x86_64-pc-linux-gnu/nios2-elf/lib/mno-hw-mul/libsmallc.a(lib_a-strlen.o)
 .debug_line    0x0000000000000cae      0x355 /home/tyler/altera_lite/15.1/nios2eds/bin/gnu/H-x86_64-pc-linux-gnu/bin/../lib/gcc/nios2-elf/4.9.2/../../../../../H-x86_64-pc-linux-gnu/nios2-elf/lib/mno-hw-mul/libsmallc.a(lib_a-vfprintf.o)
 .debug_line    0x0000000000001003      0x1f2 /home/tyler/altera_lite/15.1/nios2eds/bin/gnu/H-x86_64-pc-linux-gnu/bin/../lib/gcc/nios2-elf/4.9.2/../../../../../H-x86_64-pc-linux-gnu/nios2-elf/lib/mno-hw-mul/libsmallc.a(lib_a-fvwrite_small_dev.o)
 .debug_line    0x00000000000011f5      0x156 /home/tyler/altera_lite/15.1/nios2eds/bin/gnu/H-x86_64-pc-linux-gnu/bin/../lib/gcc/nios2-elf/4.9.2/../../../../../H-x86_64-pc-linux-gnu/nios2-elf/lib/mno-hw-mul/libsmallc.a(lib_a-impure.o)
 .debug_line    0x000000000000134b      0x202 /home/tyler/altera_lite/15.1/nios2eds/bin/gnu/H-x86_64-pc-linux-gnu/bin/../lib/gcc/nios2-elf/4.9.2/../../../../../H-x86_64-pc-linux-gnu/nios2-elf/lib/mno-hw-mul/libsmallc.a(lib_a-putc.o)
 .debug_line    0x000000000000154d      0x1ed /home/tyler/altera_lite/15.1/nios2eds/bin/gnu/H-x86_64-pc-linux-gnu/bin/../lib/gcc/nios2-elf/4.9.2/../../../../../H-x86_64-pc-linux-gnu/nios2-elf/lib/mno-hw-mul/libsmallc.a(lib_a-writer.o)
 .debug_line    0x000000000000173a       0x5f /home/tyler/altera_lite/15.1/nios2eds/bin/gnu/H-x86_64-pc-linux-gnu/bin/../lib/gcc/nios2-elf/4.9.2/../../../../../H-x86_64-pc-linux-gnu/nios2-elf/lib/mno-hw-mul/libsmallc.a(lib_a-int_errno.o)
 .debug_line    0x0000000000001799       0xef ../nios2_sw_bsp//libhal_bsp.a(alt_iic.o)
 .debug_line    0x0000000000001888       0xdb ../nios2_sw_bsp//libhal_bsp.a(alt_iic_isr_register.o)
 .debug_line    0x0000000000001963       0x6b ../nios2_sw_bsp//libhal_bsp.a(alt_irq_entry.o)
 .debug_line    0x00000000000019ce       0xaa ../nios2_sw_bsp//libhal_bsp.a(alt_irq_handler.o)
 .debug_line    0x0000000000001a78       0x50 ../nios2_sw_bsp//libhal_bsp.a(alt_irq_vars.o)
 .debug_line    0x0000000000001ac8       0xa4 ../nios2_sw_bsp//libhal_bsp.a(alt_main.o)
 .debug_line    0x0000000000001b6c      0x1f3 ../nios2_sw_bsp//libhal_bsp.a(alt_read.o)
 .debug_line    0x0000000000001d5f       0xb8 ../nios2_sw_bsp//libhal_bsp.a(alt_usleep.o)
 .debug_line    0x0000000000001e17      0x1f2 ../nios2_sw_bsp//libhal_bsp.a(alt_write.o)
 .debug_line    0x0000000000002009      0x1c8 ../nios2_sw_bsp//libhal_bsp.a(alt_sys_init.o)
 .debug_line    0x00000000000021d1      0x12f ../nios2_sw_bsp//libhal_bsp.a(altera_avalon_jtag_uart_fd.o)
 .debug_line    0x0000000000002300      0x180 ../nios2_sw_bsp//libhal_bsp.a(altera_avalon_jtag_uart_init.o)
 .debug_line    0x0000000000002480      0x12e ../nios2_sw_bsp//libhal_bsp.a(altera_avalon_jtag_uart_ioctl.o)
 .debug_line    0x00000000000025ae      0x16a ../nios2_sw_bsp//libhal_bsp.a(altera_avalon_jtag_uart_read.o)
 .debug_line    0x0000000000002718      0x16a ../nios2_sw_bsp//libhal_bsp.a(altera_avalon_jtag_uart_write.o)
 .debug_line    0x0000000000002882       0xb7 ../nios2_sw_bsp//libhal_bsp.a(altera_avalon_spi.o)
 .debug_line    0x0000000000002939       0xee ../nios2_sw_bsp//libhal_bsp.a(altera_avalon_uart_fd.o)
 .debug_line    0x0000000000002a27      0x18a ../nios2_sw_bsp//libhal_bsp.a(altera_avalon_uart_init.o)
 .debug_line    0x0000000000002bb1      0x17f ../nios2_sw_bsp//libhal_bsp.a(altera_avalon_uart_read.o)
 .debug_line    0x0000000000002d30      0x166 ../nios2_sw_bsp//libhal_bsp.a(altera_avalon_uart_write.o)
 .debug_line    0x0000000000002e96      0x2e2 ../nios2_sw_bsp//libhal_bsp.a(altera_onchip_flash.o)
 .debug_line    0x0000000000003178       0xfa ../nios2_sw_bsp//libhal_bsp.a(alt_alarm_start.o)
 .debug_line    0x0000000000003272       0xa2 ../nios2_sw_bsp//libhal_bsp.a(alt_busy_sleep.o)
 .debug_line    0x0000000000003314      0x171 ../nios2_sw_bsp//libhal_bsp.a(alt_close.o)
 .debug_line    0x0000000000003485       0x67 ../nios2_sw_bsp//libhal_bsp.a(alt_dcache_flush.o)
 .debug_line    0x00000000000034ec      0x103 ../nios2_sw_bsp//libhal_bsp.a(alt_dev.o)
 .debug_line    0x00000000000035ef       0xd0 ../nios2_sw_bsp//libhal_bsp.a(alt_dev_llist_insert.o)
 .debug_line    0x00000000000036bf       0x59 ../nios2_sw_bsp//libhal_bsp.a(alt_do_ctors.o)
 .debug_line    0x0000000000003718       0x59 ../nios2_sw_bsp//libhal_bsp.a(alt_do_dtors.o)
 .debug_line    0x0000000000003771       0x51 ../nios2_sw_bsp//libhal_bsp.a(alt_errno.o)
 .debug_line    0x00000000000037c2       0xb3 ../nios2_sw_bsp//libhal_bsp.a(alt_exception_entry.o)
 .debug_line    0x0000000000003875       0xde ../nios2_sw_bsp//libhal_bsp.a(alt_flash_dev.o)
 .debug_line    0x0000000000003953       0xb9 ../nios2_sw_bsp//libhal_bsp.a(alt_instruction_exception_entry.o)
 .debug_line    0x0000000000003a0c      0x140 ../nios2_sw_bsp//libhal_bsp.a(alt_io_redirect.o)
 .debug_line    0x0000000000003b4c      0x12d ../nios2_sw_bsp//libhal_bsp.a(alt_open.o)
 .debug_line    0x0000000000003c79       0xb0 ../nios2_sw_bsp//libhal_bsp.a(alt_release_fd.o)