Flow report for tmc_firmware
Thu Feb  4 18:06:39 2016
Quartus Prime Version 15.1.0 Build 185 10/21/2015 SJ Lite Edition


---------------------
; Table of Contents ;
---------------------
  1. Legal Notice
  2. Flow Summary
  3. Flow Settings
  4. Flow Non-Default Global Settings
  5. Flow Elapsed Time
  6. Flow OS Summary
  7. Flow Log
  8. Flow Messages
  9. Flow Suppressed Messages



----------------
; Legal Notice ;
----------------
Copyright (C) 1991-2015 Altera Corporation. All rights reserved.
Your use of Altera Corporation's design tools, logic functions 
and other software and tools, and its AMPP partner logic 
functions, and any output files from any of the foregoing 
(including device programming or simulation files), and any 
associated documentation or information are expressly subject 
to the terms and conditions of the Altera Program License 
Subscription Agreement, the Altera Quartus Prime License Agreement,
the Altera MegaCore Function License Agreement, or other 
applicable license agreement, including, without limitation, 
that your use is for the sole purpose of programming logic 
devices manufactured by Altera and sold by Altera or its 
authorized distributors.  Please refer to the applicable 
agreement for further details.



+----------------------------------------------------------------------------------+
; Flow Summary                                                                     ;
+------------------------------------+---------------------------------------------+
; Flow Status                        ; Successful - Thu Feb  4 18:06:23 2016       ;
; Quartus Prime Version              ; 15.1.0 Build 185 10/21/2015 SJ Lite Edition ;
; Revision Name                      ; tmc_firmware                                ;
; Top-level Entity Name              ; tmc_firmware_top                            ;
; Family                             ; MAX 10                                      ;
; Device                             ; 10M08SAE144C8GES                            ;
; Timing Models                      ; Final                                       ;
; Total logic elements               ; 2,713 / 8,064 ( 34 % )                      ;
;     Total combinational functions  ; 2,536 / 8,064 ( 31 % )                      ;
;     Dedicated logic registers      ; 1,433 / 8,064 ( 18 % )                      ;
; Total registers                    ; 1433                                        ;
; Total pins                         ; 35 / 101 ( 35 % )                           ;
; Total virtual pins                 ; 0                                           ;
; Total memory bits                  ; 273,408 / 387,072 ( 71 % )                  ;
; Embedded Multiplier 9-bit elements ; 0 / 48 ( 0 % )                              ;
; Total PLLs                         ; 1 / 1 ( 100 % )                             ;
; UFM blocks                         ; 1 / 1 ( 100 % )                             ;
; ADC blocks                         ; 0 / 1 ( 0 % )                               ;
+------------------------------------+---------------------------------------------+


+-----------------------------------------+
; Flow Settings                           ;
+-------------------+---------------------+
; Option            ; Setting             ;
+-------------------+---------------------+
; Start date & time ; 02/04/2016 18:04:46 ;
; Main task         ; Compilation         ;
; Revision Name     ; tmc_firmware        ;
+-------------------+---------------------+


+---------------------------------------------------------------------------------------------------------------------------------------------------+
; Flow Non-Default Global Settings                                                                                                                  ;
+-------------------------------------+-------------------------------------------------------------+---------------+------------------+------------+
; Assignment Name                     ; Value                                                       ; Default Value ; Entity Name      ; Section Id ;
+-------------------------------------+-------------------------------------------------------------+---------------+------------------+------------+
; COMPILER_SIGNATURE_ID               ; 207732451923946.145462708609668                             ; --            ; --               ; --         ;
; FLOW_ENABLE_POWER_ANALYZER          ; On                                                          ; Off           ; --               ; --         ;
; MAX_CORE_JUNCTION_TEMP              ; 85                                                          ; --            ; --               ; --         ;
; MIN_CORE_JUNCTION_TEMP              ; 0                                                           ; --            ; --               ; --         ;
; MISC_FILE                           ; tmc_nios2/synthesis/../tmc_nios2.cmp                        ; --            ; --               ; --         ;
; MISC_FILE                           ; tmc_nios2/synthesis/../../tmc_nios2.qsys                    ; --            ; --               ; --         ;
; MISC_FILE                           ; tmc_pll_bb.v                                                ; --            ; --               ; --         ;
; MISC_FILE                           ; tmc_pll.ppf                                                 ; --            ; --               ; --         ;
; PARTITION_COLOR                     ; 16764057                                                    ; --            ; tmc_firmware_top ; Top        ;
; PARTITION_FITTER_PRESERVATION_LEVEL ; PLACEMENT_AND_ROUTING                                       ; --            ; tmc_firmware_top ; Top        ;
; PARTITION_NETLIST_TYPE              ; SOURCE                                                      ; --            ; tmc_firmware_top ; Top        ;
; POWER_BOARD_THERMAL_MODEL           ; None (CONSERVATIVE)                                         ; --            ; --               ; --         ;
; POWER_DEFAULT_INPUT_IO_TOGGLE_RATE  ; 12.5 %                                                      ; 12.5%         ; --               ; --         ;
; POWER_PRESET_COOLING_SOLUTION       ; 23 MM HEAT SINK WITH 200 LFPM AIRFLOW                       ; --            ; --               ; --         ;
; PROJECT_OUTPUT_DIRECTORY            ; output_files                                                ; --            ; --               ; --         ;
; SLD_FILE                            ; tmc_nios2/synthesis/tmc_nios2.regmap                        ; --            ; --               ; --         ;
; SLD_FILE                            ; tmc_nios2/synthesis/tmc_nios2.debuginfo                     ; --            ; --               ; --         ;
; SLD_INFO                            ; QSYS_NAME tmc_nios2 HAS_SOPCINFO 1 GENERATION_ID 1454627007 ; --            ; tmc_nios2        ; --         ;
; SOPCINFO_FILE                       ; tmc_nios2/synthesis/../../tmc_nios2.sopcinfo                ; --            ; --               ; --         ;
; SYNTHESIS_ONLY_QIP                  ; On                                                          ; --            ; --               ; --         ;
; TOP_LEVEL_ENTITY                    ; tmc_firmware_top                                            ; tmc_firmware  ; --               ; --         ;
+-------------------------------------+-------------------------------------------------------------+---------------+------------------+------------+


+-------------------------------------------------------------------------------------------------------------------------------+
; Flow Elapsed Time                                                                                                             ;
+---------------------------+--------------+-------------------------+---------------------+------------------------------------+
; Module Name               ; Elapsed Time ; Average Processors Used ; Peak Virtual Memory ; Total CPU Time (on all processors) ;
+---------------------------+--------------+-------------------------+---------------------+------------------------------------+
; Analysis & Synthesis      ; 00:00:37     ; 1.0                     ; 1350 MB             ; 00:01:14                           ;
; Fitter                    ; 00:00:28     ; 1.0                     ; 1403 MB             ; 00:00:28                           ;
; Assembler                 ; 00:00:01     ; 1.0                     ; 1025 MB             ; 00:00:01                           ;
; PowerPlay Power Analyzer  ; 00:00:10     ; 1.0                     ; 1101 MB             ; 00:00:10                           ;
; TimeQuest Timing Analyzer ; 00:00:10     ; 1.0                     ; 1075 MB             ; 00:00:10                           ;
; Total                     ; 00:01:26     ; --                      ; --                  ; 00:02:03                           ;
+---------------------------+--------------+-------------------------+---------------------+------------------------------------+


+---------------------------------------------------------------------------------------------+
; Flow OS Summary                                                                             ;
+---------------------------+------------------+----------------+------------+----------------+
; Module Name               ; Machine Hostname ; OS Name        ; OS Version ; Processor type ;
+---------------------------+------------------+----------------+------------+----------------+
; Analysis & Synthesis      ; vela             ; Ubuntu 14.04.3 ; 14         ; x86_64         ;
; Fitter                    ; vela             ; Ubuntu 14.04.3 ; 14         ; x86_64         ;
; Assembler                 ; vela             ; Ubuntu 14.04.3 ; 14         ; x86_64         ;
; PowerPlay Power Analyzer  ; vela             ; Ubuntu 14.04.3 ; 14         ; x86_64         ;
; TimeQuest Timing Analyzer ; vela             ; Ubuntu 14.04.3 ; 14         ; x86_64         ;
+---------------------------+------------------+----------------+------------+----------------+


------------
; Flow Log ;
------------
quartus_map --read_settings_files=on --write_settings_files=off tmc_firmware -c tmc_firmware
quartus_fit --read_settings_files=off --write_settings_files=off tmc_firmware -c tmc_firmware
quartus_asm --read_settings_files=off --write_settings_files=off tmc_firmware -c tmc_firmware
quartus_pow --read_settings_files=off --write_settings_files=off tmc_firmware -c tmc_firmware
quartus_sta tmc_firmware -c tmc_firmware



